2026-05-21 19:04:00 [INFO] [server] API running on http://localhost:4000 {"env":"development"}
2026-05-21 19:04:46 [INFO] [request] HTTP request started {"requestId":"85af1cf4-13db-4c91-9fd6-ce014a07c93b","method":"POST","url":"/api/auth/register","ip":"::ffff:127.0.0.1","sessionType":"anonymous","userId":null,"role":null}
2026-05-21 19:04:47 [INFO] [auth.routes] User registered {"requestId":"85af1cf4-13db-4c91-9fd6-ce014a07c93b","userId":"1","login":"user1"}
2026-05-21 19:04:47 [INFO] [request] HTTP request finished {"requestId":"85af1cf4-13db-4c91-9fd6-ce014a07c93b","method":"POST","url":"/api/auth/register","statusCode":201,"durationMs":114,"sessionType":"anonymous","userId":null,"role":null}
2026-05-21 19:15:48 [INFO] [request] HTTP request started {"requestId":"7c4c5eb5-a2a5-4f91-bbb6-00b59cf3f534","method":"POST","url":"/api/auth/login","ip":"::ffff:127.0.0.1","sessionType":"anonymous","userId":null,"role":null}
2026-05-21 19:15:49 [WARNING] [errorHandler] Handled application error {"errorId":"ee62aa29-9dc7-4aa5-9001-7fad82acdc5d","requestId":"7c4c5eb5-a2a5-4f91-bbb6-00b59cf3f534","method":"POST","url":"/api/auth/login","ip":"::ffff:127.0.0.1","userId":null,"role":null,"sessionType":"anonymous","authType":"none","params":{},"query":{},"body":{"loginOrEmail":"user1","password":"[REDACTED]"},"details":{},"messageKey":"auth.invalidCredentials","errorMessage":"Невірний логін/email або пароль."}
2026-05-21 19:15:49 [WARNING] [request] HTTP request finished with client error {"requestId":"7c4c5eb5-a2a5-4f91-bbb6-00b59cf3f534","method":"POST","url":"/api/auth/login","statusCode":401,"durationMs":191,"sessionType":"anonymous","userId":null,"role":null}
2026-05-21 19:15:56 [INFO] [request] HTTP request started {"requestId":"6332222f-a2f1-4a8e-a3e1-0f1f09d4cfb3","method":"POST","url":"/api/auth/login","ip":"::ffff:127.0.0.1","sessionType":"anonymous","userId":null,"role":null}
2026-05-21 19:15:57 [INFO] [auth.routes] User logged in {"requestId":"6332222f-a2f1-4a8e-a3e1-0f1f09d4cfb3","userId":"1","login":"user1"}
2026-05-21 19:15:57 [INFO] [request] HTTP request finished {"requestId":"6332222f-a2f1-4a8e-a3e1-0f1f09d4cfb3","method":"POST","url":"/api/auth/login","statusCode":200,"durationMs":57,"sessionType":"anonymous","userId":null,"role":null}
2026-05-21 19:17:10 [INFO] [request] HTTP request started {"requestId":"ddead7af-5b08-46fe-a8e3-0d3fc1bc68f9","method":"POST","url":"/api/auth/register","ip":"::ffff:127.0.0.1","sessionType":"anonymous","userId":null,"role":null}
2026-05-21 19:17:10 [INFO] [auth.routes] User registered {"requestId":"ddead7af-5b08-46fe-a8e3-0d3fc1bc68f9","userId":"2","login":"moderator1"}
2026-05-21 19:17:10 [INFO] [request] HTTP request finished {"requestId":"ddead7af-5b08-46fe-a8e3-0d3fc1bc68f9","method":"POST","url":"/api/auth/register","statusCode":201,"durationMs":91,"sessionType":"anonymous","userId":null,"role":null}
2026-05-21 19:19:16 [INFO] [request] HTTP request started {"requestId":"58a99176-cd74-4556-af97-601ac83fd10d","method":"POST","url":"/api/auth/login","ip":"::ffff:127.0.0.1","sessionType":"anonymous","userId":null,"role":null}
2026-05-21 19:19:16 [INFO] [auth.routes] User logged in {"requestId":"58a99176-cd74-4556-af97-601ac83fd10d","userId":"2","login":"moderator1"}
2026-05-21 19:19:16 [INFO] [request] HTTP request finished {"requestId":"58a99176-cd74-4556-af97-601ac83fd10d","method":"POST","url":"/api/auth/login","statusCode":200,"durationMs":88,"sessionType":"anonymous","userId":null,"role":null}
2026-05-21 19:32:00 [INFO] [request] HTTP request started {"requestId":"2320961a-2c78-456f-84d9-adb8d93b5e58","method":"GET","url":"/api/works","ip":"::1","sessionType":"anonymous","userId":null,"role":null}
2026-05-21 19:32:00 [INFO] [work.routes] Published works requested {"requestId":"2320961a-2c78-456f-84d9-adb8d93b5e58"}
2026-05-21 19:32:00 [INFO] [request] HTTP request finished {"requestId":"2320961a-2c78-456f-84d9-adb8d93b5e58","method":"GET","url":"/api/works","statusCode":200,"durationMs":34,"sessionType":"anonymous","userId":null,"role":null}
2026-05-21 19:41:34 [INFO] [request] HTTP request started {"requestId":"9680db98-94a9-440b-a119-9b6eb9c81557","method":"GET","url":"/api/works","ip":"::1","sessionType":"anonymous","userId":null,"role":null}
2026-05-21 19:41:34 [INFO] [work.routes] Published works requested {"requestId":"9680db98-94a9-440b-a119-9b6eb9c81557"}
2026-05-21 19:41:35 [INFO] [request] HTTP request finished {"requestId":"9680db98-94a9-440b-a119-9b6eb9c81557","method":"GET","url":"/api/works","statusCode":200,"durationMs":132,"sessionType":"anonymous","userId":null,"role":null}
2026-05-21 19:41:36 [INFO] [server] Shutdown signal received {"signal":"SIGINT"}
2026-05-21 19:41:37 [INFO] [server] API running on http://localhost:4000 {"env":"development"}
2026-05-21 19:42:34 [INFO] [request] HTTP request started {"requestId":"62222279-3a40-410d-9ffe-9c55523c5970","method":"POST","url":"/api/auth/register","ip":"::1","sessionType":"anonymous","userId":null,"role":null}
2026-05-21 19:42:34 [INFO] [auth.routes] User registered {"requestId":"62222279-3a40-410d-9ffe-9c55523c5970","userId":"3","login":"poto7"}
2026-05-21 19:42:34 [INFO] [request] HTTP request finished {"requestId":"62222279-3a40-410d-9ffe-9c55523c5970","method":"POST","url":"/api/auth/register","statusCode":201,"durationMs":111,"sessionType":"anonymous","userId":null,"role":null}
2026-05-21 19:42:34 [INFO] [request] HTTP request started {"requestId":"bca09a2e-4b6f-49bc-9a95-98cb43666ae1","method":"GET","url":"/api/works","ip":"::1","sessionType":"anonymous","userId":null,"role":null}
2026-05-21 19:42:34 [INFO] [work.routes] Published works requested {"requestId":"bca09a2e-4b6f-49bc-9a95-98cb43666ae1"}
2026-05-21 19:42:34 [INFO] [request] HTTP request started {"requestId":"8dc88c85-2caf-4cb5-b748-231fb90c6d7d","method":"GET","url":"/api/me/favorite-genres","ip":"::1","sessionType":"anonymous","userId":null,"role":null}
2026-05-21 19:42:34 [INFO] [request] HTTP request finished {"requestId":"bca09a2e-4b6f-49bc-9a95-98cb43666ae1","method":"GET","url":"/api/works","statusCode":304,"durationMs":5,"sessionType":"anonymous","userId":null,"role":null}
2026-05-21 19:42:34 [INFO] [request] HTTP request finished {"requestId":"8dc88c85-2caf-4cb5-b748-231fb90c6d7d","method":"GET","url":"/api/me/favorite-genres","statusCode":200,"durationMs":35,"sessionType":"anonymous","userId":"3","role":"user"}
2026-05-21 19:42:44 [INFO] [request] HTTP request started {"requestId":"fb357feb-f79b-48ef-a265-30b34422e833","method":"POST","url":"/api/auth/login","ip":"::1","sessionType":"anonymous","userId":null,"role":null}
2026-05-21 19:42:44 [INFO] [auth.routes] User logged in {"requestId":"fb357feb-f79b-48ef-a265-30b34422e833","userId":"3","login":"poto7"}
2026-05-21 19:42:44 [INFO] [request] HTTP request finished {"requestId":"fb357feb-f79b-48ef-a265-30b34422e833","method":"POST","url":"/api/auth/login","statusCode":200,"durationMs":88,"sessionType":"anonymous","userId":null,"role":null}
2026-05-21 19:42:44 [INFO] [request] HTTP request started {"requestId":"6a6569ae-70b9-4f54-bdff-528a0ffc11d4","method":"GET","url":"/api/works","ip":"::1","sessionType":"anonymous","userId":null,"role":null}
2026-05-21 19:42:44 [INFO] [work.routes] Published works requested {"requestId":"6a6569ae-70b9-4f54-bdff-528a0ffc11d4"}
2026-05-21 19:42:44 [INFO] [request] HTTP request started {"requestId":"7d6c2c3c-cea2-4cb6-85ff-c05769cb8b95","method":"GET","url":"/api/me/favorite-genres","ip":"::1","sessionType":"anonymous","userId":null,"role":null}
2026-05-21 19:42:44 [INFO] [request] HTTP request finished {"requestId":"6a6569ae-70b9-4f54-bdff-528a0ffc11d4","method":"GET","url":"/api/works","statusCode":304,"durationMs":4,"sessionType":"anonymous","userId":null,"role":null}
2026-05-21 19:42:44 [INFO] [request] HTTP request finished {"requestId":"7d6c2c3c-cea2-4cb6-85ff-c05769cb8b95","method":"GET","url":"/api/me/favorite-genres","statusCode":304,"durationMs":32,"sessionType":"anonymous","userId":"3","role":"user"}
2026-05-21 19:43:14 [INFO] [request] HTTP request started {"requestId":"4479ad89-4b64-43d3-88bb-4bc67e3e9f13","method":"POST","url":"/api/auth/login","ip":"::1","sessionType":"anonymous","userId":null,"role":null}
2026-05-21 19:43:15 [INFO] [auth.routes] User logged in {"requestId":"4479ad89-4b64-43d3-88bb-4bc67e3e9f13","userId":"3","login":"poto7"}
2026-05-21 19:43:15 [INFO] [request] HTTP request finished {"requestId":"4479ad89-4b64-43d3-88bb-4bc67e3e9f13","method":"POST","url":"/api/auth/login","statusCode":200,"durationMs":187,"sessionType":"anonymous","userId":null,"role":null}
2026-05-21 19:43:15 [INFO] [request] HTTP request started {"requestId":"eeb8b109-7373-4274-8ffa-fcd109c99a9b","method":"GET","url":"/api/works","ip":"::1","sessionType":"anonymous","userId":null,"role":null}
2026-05-21 19:43:15 [INFO] [work.routes] Published works requested {"requestId":"eeb8b109-7373-4274-8ffa-fcd109c99a9b"}
2026-05-21 19:43:15 [INFO] [request] HTTP request started {"requestId":"39ce3598-7352-40bf-bc92-8a187bcc63b1","method":"GET","url":"/api/me/favorite-genres","ip":"::1","sessionType":"anonymous","userId":null,"role":null}
2026-05-21 19:43:15 [INFO] [request] HTTP request finished {"requestId":"eeb8b109-7373-4274-8ffa-fcd109c99a9b","method":"GET","url":"/api/works","statusCode":304,"durationMs":8,"sessionType":"anonymous","userId":null,"role":null}
2026-05-21 19:43:15 [INFO] [request] HTTP request finished {"requestId":"39ce3598-7352-40bf-bc92-8a187bcc63b1","method":"GET","url":"/api/me/favorite-genres","statusCode":304,"durationMs":44,"sessionType":"anonymous","userId":"3","role":"user"}
2026-05-21 19:43:43 [INFO] [request] HTTP request started {"requestId":"39f6f208-aa49-453f-9fdf-4b30a4f5b281","method":"POST","url":"/api/auth/login","ip":"::1","sessionType":"anonymous","userId":null,"role":null}
2026-05-21 19:43:43 [INFO] [auth.routes] User logged in {"requestId":"39f6f208-aa49-453f-9fdf-4b30a4f5b281","userId":"1","login":"user1"}
2026-05-21 19:43:43 [INFO] [request] HTTP request finished {"requestId":"39f6f208-aa49-453f-9fdf-4b30a4f5b281","method":"POST","url":"/api/auth/login","statusCode":200,"durationMs":88,"sessionType":"anonymous","userId":null,"role":null}
2026-05-21 19:43:43 [INFO] [request] HTTP request started {"requestId":"d5eec733-c0ac-4bfa-9323-e8409b94c9a7","method":"GET","url":"/api/works","ip":"::1","sessionType":"anonymous","userId":null,"role":null}
2026-05-21 19:43:43 [INFO] [work.routes] Published works requested {"requestId":"d5eec733-c0ac-4bfa-9323-e8409b94c9a7"}
2026-05-21 19:43:43 [INFO] [request] HTTP request started {"requestId":"24e398ac-c2f5-4340-a6d2-540e1b654566","method":"GET","url":"/api/me/favorite-genres","ip":"::1","sessionType":"anonymous","userId":null,"role":null}
2026-05-21 19:43:43 [INFO] [request] HTTP request finished {"requestId":"d5eec733-c0ac-4bfa-9323-e8409b94c9a7","method":"GET","url":"/api/works","statusCode":304,"durationMs":6,"sessionType":"anonymous","userId":null,"role":null}
2026-05-21 19:43:44 [INFO] [request] HTTP request finished {"requestId":"24e398ac-c2f5-4340-a6d2-540e1b654566","method":"GET","url":"/api/me/favorite-genres","statusCode":304,"durationMs":33,"sessionType":"anonymous","userId":"1","role":"user"}
2026-05-21 19:44:04 [INFO] [request] HTTP request started {"requestId":"cca11fb4-65c4-4c63-843e-7d9a03aaae72","method":"POST","url":"/api/auth/login","ip":"::1","sessionType":"anonymous","userId":null,"role":null}
2026-05-21 19:44:04 [INFO] [auth.routes] User logged in {"requestId":"cca11fb4-65c4-4c63-843e-7d9a03aaae72","userId":"3","login":"poto7"}
2026-05-21 19:44:04 [INFO] [request] HTTP request finished {"requestId":"cca11fb4-65c4-4c63-843e-7d9a03aaae72","method":"POST","url":"/api/auth/login","statusCode":200,"durationMs":93,"sessionType":"anonymous","userId":null,"role":null}
2026-05-21 19:44:04 [INFO] [request] HTTP request started {"requestId":"13198d35-7307-402c-ac7c-c8d7912f524a","method":"GET","url":"/api/works","ip":"::1","sessionType":"anonymous","userId":null,"role":null}
2026-05-21 19:44:04 [INFO] [work.routes] Published works requested {"requestId":"13198d35-7307-402c-ac7c-c8d7912f524a"}
2026-05-21 19:44:04 [INFO] [request] HTTP request started {"requestId":"ad5af1c9-d6ad-44ba-9b6b-6923ff8e30a2","method":"GET","url":"/api/me/favorite-genres","ip":"::1","sessionType":"anonymous","userId":null,"role":null}
2026-05-21 19:44:04 [INFO] [request] HTTP request finished {"requestId":"13198d35-7307-402c-ac7c-c8d7912f524a","method":"GET","url":"/api/works","statusCode":304,"durationMs":6,"sessionType":"anonymous","userId":null,"role":null}
2026-05-21 19:44:04 [INFO] [request] HTTP request finished {"requestId":"ad5af1c9-d6ad-44ba-9b6b-6923ff8e30a2","method":"GET","url":"/api/me/favorite-genres","statusCode":304,"durationMs":35,"sessionType":"anonymous","userId":"3","role":"user"}
2026-05-21 19:51:03 [INFO] [server] Shutdown signal received {"signal":"SIGINT"}
2026-05-21 19:56:13 [INFO] [server] API running on http://localhost:4000 {"env":"development"}
2026-05-21 19:56:20 [INFO] [request] HTTP request started {"requestId":"23b6c6e4-09a6-4c97-8d43-1e130739928a","method":"POST","url":"/api/auth/login","ip":"::1","sessionType":"anonymous","userId":null,"role":null}
2026-05-21 19:56:20 [INFO] [auth.routes] User logged in {"requestId":"23b6c6e4-09a6-4c97-8d43-1e130739928a","userId":"3","login":"poto7"}
2026-05-21 19:56:20 [INFO] [request] HTTP request finished {"requestId":"23b6c6e4-09a6-4c97-8d43-1e130739928a","method":"POST","url":"/api/auth/login","statusCode":200,"durationMs":108,"sessionType":"anonymous","userId":null,"role":null}
2026-05-21 19:56:20 [INFO] [request] HTTP request started {"requestId":"40d6ffce-1b4b-498d-8aff-73165095871f","method":"GET","url":"/api/works","ip":"::1","sessionType":"anonymous","userId":null,"role":null}
2026-05-21 19:56:20 [INFO] [work.routes] Published works requested {"requestId":"40d6ffce-1b4b-498d-8aff-73165095871f"}
2026-05-21 19:56:20 [INFO] [request] HTTP request started {"requestId":"3a249551-fc23-4284-a787-9cce465b0471","method":"GET","url":"/api/me/favorite-genres","ip":"::1","sessionType":"anonymous","userId":null,"role":null}
2026-05-21 19:56:20 [INFO] [request] HTTP request finished {"requestId":"40d6ffce-1b4b-498d-8aff-73165095871f","method":"GET","url":"/api/works","statusCode":304,"durationMs":7,"sessionType":"anonymous","userId":null,"role":null}
2026-05-21 19:56:20 [INFO] [request] HTTP request finished {"requestId":"3a249551-fc23-4284-a787-9cce465b0471","method":"GET","url":"/api/me/favorite-genres","statusCode":304,"durationMs":42,"sessionType":"anonymous","userId":"3","role":"user"}
2026-05-21 19:56:24 [INFO] [request] HTTP request started {"requestId":"28960612-4084-4e16-9001-e9d43c83ffff","method":"GET","url":"/api/works","ip":"::1","sessionType":"anonymous","userId":null,"role":null}
2026-05-21 19:56:24 [INFO] [work.routes] Published works requested {"requestId":"28960612-4084-4e16-9001-e9d43c83ffff"}
2026-05-21 19:56:24 [INFO] [request] HTTP request started {"requestId":"28bf7e85-61fe-4cd7-8ac9-c8294b23560a","method":"GET","url":"/api/me/favorite-genres","ip":"::1","sessionType":"anonymous","userId":null,"role":null}
2026-05-21 19:56:24 [INFO] [request] HTTP request started {"requestId":"f6228d95-d10e-4cb1-a7e8-1019093eac3a","method":"GET","url":"/api/works/my","ip":"::1","sessionType":"anonymous","userId":null,"role":null}
2026-05-21 19:56:24 [INFO] [request] HTTP request started {"requestId":"5c49fa0d-33dd-49d5-a2f7-43c9ddf6b4f6","method":"GET","url":"/api/comments/my","ip":"::1","sessionType":"anonymous","userId":null,"role":null}
2026-05-21 19:56:24 [INFO] [request] HTTP request started {"requestId":"2cc9e014-419f-4793-91b4-2eee48bf027b","method":"GET","url":"/api/me/favorites","ip":"::1","sessionType":"anonymous","userId":null,"role":null}
2026-05-21 19:56:24 [INFO] [request] HTTP request started {"requestId":"23eb2b11-7523-4f4a-a22c-7103ea32e992","method":"GET","url":"/api/me/reading-progress","ip":"::1","sessionType":"anonymous","userId":null,"role":null}
2026-05-21 19:56:24 [INFO] [request] HTTP request finished {"requestId":"28960612-4084-4e16-9001-e9d43c83ffff","method":"GET","url":"/api/works","statusCode":304,"durationMs":8,"sessionType":"anonymous","userId":null,"role":null}
2026-05-21 19:56:24 [INFO] [request] HTTP request finished {"requestId":"28bf7e85-61fe-4cd7-8ac9-c8294b23560a","method":"GET","url":"/api/me/favorite-genres","statusCode":304,"durationMs":5,"sessionType":"anonymous","userId":"3","role":"user"}
2026-05-21 19:56:24 [INFO] [work.routes] Current user works requested {"requestId":"f6228d95-d10e-4cb1-a7e8-1019093eac3a","authorId":"3","count":0}
2026-05-21 19:56:24 [INFO] [request] HTTP request finished {"requestId":"f6228d95-d10e-4cb1-a7e8-1019093eac3a","method":"GET","url":"/api/works/my","statusCode":200,"durationMs":38,"sessionType":"anonymous","userId":"3","role":"user"}
2026-05-21 19:56:24 [INFO] [comment.routes] Current user comments requested {"requestId":"5c49fa0d-33dd-49d5-a2f7-43c9ddf6b4f6","userId":"3","count":0}
2026-05-21 19:56:24 [INFO] [request] HTTP request finished {"requestId":"5c49fa0d-33dd-49d5-a2f7-43c9ddf6b4f6","method":"GET","url":"/api/comments/my","statusCode":200,"durationMs":41,"sessionType":"anonymous","userId":"3","role":"user"}
2026-05-21 19:56:24 [INFO] [request] HTTP request finished {"requestId":"23eb2b11-7523-4f4a-a22c-7103ea32e992","method":"GET","url":"/api/me/reading-progress","statusCode":200,"durationMs":42,"sessionType":"anonymous","userId":"3","role":"user"}
2026-05-21 19:56:24 [INFO] [request] HTTP request finished {"requestId":"2cc9e014-419f-4793-91b4-2eee48bf027b","method":"GET","url":"/api/me/favorites","statusCode":200,"durationMs":148,"sessionType":"anonymous","userId":"3","role":"user"}
2026-05-21 19:56:25 [INFO] [request] HTTP request started {"requestId":"50d25434-2e87-46a8-9488-231857db251b","method":"GET","url":"/api/works","ip":"::1","sessionType":"anonymous","userId":null,"role":null}
2026-05-21 19:56:25 [INFO] [work.routes] Published works requested {"requestId":"50d25434-2e87-46a8-9488-231857db251b"}
2026-05-21 19:56:25 [INFO] [request] HTTP request started {"requestId":"03910c3a-1635-4970-99df-64132a942b19","method":"GET","url":"/api/me/favorite-genres","ip":"::1","sessionType":"anonymous","userId":null,"role":null}
2026-05-21 19:56:25 [INFO] [request] HTTP request finished {"requestId":"03910c3a-1635-4970-99df-64132a942b19","method":"GET","url":"/api/me/favorite-genres","statusCode":304,"durationMs":3,"sessionType":"anonymous","userId":"3","role":"user"}
2026-05-21 19:56:25 [INFO] [request] HTTP request finished {"requestId":"50d25434-2e87-46a8-9488-231857db251b","method":"GET","url":"/api/works","statusCode":304,"durationMs":5,"sessionType":"anonymous","userId":null,"role":null}
2026-05-21 19:56:26 [INFO] [request] HTTP request started {"requestId":"21fddfdb-b579-4c23-8d73-74a56c9d1204","method":"GET","url":"/api/works/my","ip":"::1","sessionType":"anonymous","userId":null,"role":null}
2026-05-21 19:56:26 [INFO] [request] HTTP request started {"requestId":"cf274671-3ac2-4191-b4b6-ee33b0bf00df","method":"GET","url":"/api/comments/my","ip":"::1","sessionType":"anonymous","userId":null,"role":null}
2026-05-21 19:56:26 [INFO] [request] HTTP request started {"requestId":"3c2cd7cd-dda7-4c7c-80e7-fd45f5956ef5","method":"GET","url":"/api/me/favorites","ip":"::1","sessionType":"anonymous","userId":null,"role":null}
2026-05-21 19:56:26 [INFO] [request] HTTP request started {"requestId":"53bb2153-4f2b-49c3-a603-d75d30c73fd0","method":"GET","url":"/api/me/reading-progress","ip":"::1","sessionType":"anonymous","userId":null,"role":null}
2026-05-21 19:56:26 [INFO] [work.routes] Current user works requested {"requestId":"21fddfdb-b579-4c23-8d73-74a56c9d1204","authorId":"3","count":0}
2026-05-21 19:56:26 [INFO] [request] HTTP request finished {"requestId":"21fddfdb-b579-4c23-8d73-74a56c9d1204","method":"GET","url":"/api/works/my","statusCode":304,"durationMs":3,"sessionType":"anonymous","userId":"3","role":"user"}
2026-05-21 19:56:26 [INFO] [request] HTTP request started {"requestId":"ee043e11-b613-4c78-bde5-4c8a107b9f96","method":"GET","url":"/api/works","ip":"::1","sessionType":"anonymous","userId":null,"role":null}
2026-05-21 19:56:26 [INFO] [work.routes] Published works requested {"requestId":"ee043e11-b613-4c78-bde5-4c8a107b9f96"}
2026-05-21 19:56:26 [INFO] [request] HTTP request finished {"requestId":"3c2cd7cd-dda7-4c7c-80e7-fd45f5956ef5","method":"GET","url":"/api/me/favorites","statusCode":304,"durationMs":4,"sessionType":"anonymous","userId":"3","role":"user"}
2026-05-21 19:56:26 [INFO] [request] HTTP request started {"requestId":"b72fcfd7-1ac2-41c6-8cb0-02d37218f7e1","method":"GET","url":"/api/me/favorite-genres","ip":"::1","sessionType":"anonymous","userId":null,"role":null}
2026-05-21 19:56:26 [INFO] [request] HTTP request finished {"requestId":"ee043e11-b613-4c78-bde5-4c8a107b9f96","method":"GET","url":"/api/works","statusCode":304,"durationMs":2,"sessionType":"anonymous","userId":null,"role":null}
2026-05-21 19:56:26 [INFO] [comment.routes] Current user comments requested {"requestId":"cf274671-3ac2-4191-b4b6-ee33b0bf00df","userId":"3","count":0}
2026-05-21 19:56:26 [INFO] [request] HTTP request finished {"requestId":"cf274671-3ac2-4191-b4b6-ee33b0bf00df","method":"GET","url":"/api/comments/my","statusCode":304,"durationMs":6,"sessionType":"anonymous","userId":"3","role":"user"}
2026-05-21 19:56:26 [INFO] [request] HTTP request finished {"requestId":"53bb2153-4f2b-49c3-a603-d75d30c73fd0","method":"GET","url":"/api/me/reading-progress","statusCode":304,"durationMs":5,"sessionType":"anonymous","userId":"3","role":"user"}
2026-05-21 19:56:26 [INFO] [request] HTTP request finished {"requestId":"b72fcfd7-1ac2-41c6-8cb0-02d37218f7e1","method":"GET","url":"/api/me/favorite-genres","statusCode":304,"durationMs":3,"sessionType":"anonymous","userId":"3","role":"user"}
2026-05-21 19:56:32 [INFO] [request] HTTP request started {"requestId":"07ec97f0-1184-439d-b5bb-e6aa7b7c0c6f","method":"GET","url":"/api/works","ip":"::1","sessionType":"anonymous","userId":null,"role":null}
2026-05-21 19:56:32 [INFO] [work.routes] Published works requested {"requestId":"07ec97f0-1184-439d-b5bb-e6aa7b7c0c6f"}
2026-05-21 19:56:32 [INFO] [request] HTTP request started {"requestId":"a308f327-52d0-4564-b26d-0ef9b63943ad","method":"GET","url":"/api/works/my","ip":"::1","sessionType":"anonymous","userId":null,"role":null}
2026-05-21 19:56:32 [INFO] [request] HTTP request started {"requestId":"c6661338-6c48-4263-b9e1-6a11e48ae6fb","method":"GET","url":"/api/comments/my","ip":"::1","sessionType":"anonymous","userId":null,"role":null}
2026-05-21 19:56:32 [INFO] [request] HTTP request started {"requestId":"d4f369e1-8b8e-43e1-bf68-fd9a91cd8546","method":"GET","url":"/api/me/favorites","ip":"::1","sessionType":"anonymous","userId":null,"role":null}
2026-05-21 19:56:32 [INFO] [request] HTTP request started {"requestId":"4e1fec3c-982f-4e7b-bcd8-6f0ff6f1c482","method":"GET","url":"/api/me/reading-progress","ip":"::1","sessionType":"anonymous","userId":null,"role":null}
2026-05-21 19:56:32 [INFO] [request] HTTP request started {"requestId":"4e528d56-9309-4a38-8b09-e78c19de4ecd","method":"GET","url":"/api/me/favorite-genres","ip":"::1","sessionType":"anonymous","userId":null,"role":null}
2026-05-21 19:56:32 [INFO] [work.routes] Current user works requested {"requestId":"a308f327-52d0-4564-b26d-0ef9b63943ad","authorId":"3","count":0}
2026-05-21 19:56:32 [INFO] [request] HTTP request finished {"requestId":"a308f327-52d0-4564-b26d-0ef9b63943ad","method":"GET","url":"/api/works/my","statusCode":304,"durationMs":3,"sessionType":"anonymous","userId":"3","role":"user"}
2026-05-21 19:56:32 [INFO] [request] HTTP request finished {"requestId":"07ec97f0-1184-439d-b5bb-e6aa7b7c0c6f","method":"GET","url":"/api/works","statusCode":304,"durationMs":4,"sessionType":"anonymous","userId":null,"role":null}
2026-05-21 19:56:32 [INFO] [comment.routes] Current user comments requested {"requestId":"c6661338-6c48-4263-b9e1-6a11e48ae6fb","userId":"3","count":0}
2026-05-21 19:56:32 [INFO] [request] HTTP request finished {"requestId":"c6661338-6c48-4263-b9e1-6a11e48ae6fb","method":"GET","url":"/api/comments/my","statusCode":304,"durationMs":3,"sessionType":"anonymous","userId":"3","role":"user"}
2026-05-21 19:56:32 [INFO] [request] HTTP request finished {"requestId":"d4f369e1-8b8e-43e1-bf68-fd9a91cd8546","method":"GET","url":"/api/me/favorites","statusCode":304,"durationMs":3,"sessionType":"anonymous","userId":"3","role":"user"}
2026-05-21 19:56:32 [INFO] [request] HTTP request finished {"requestId":"4e528d56-9309-4a38-8b09-e78c19de4ecd","method":"GET","url":"/api/me/favorite-genres","statusCode":304,"durationMs":3,"sessionType":"anonymous","userId":"3","role":"user"}
2026-05-21 19:56:32 [INFO] [request] HTTP request finished {"requestId":"4e1fec3c-982f-4e7b-bcd8-6f0ff6f1c482","method":"GET","url":"/api/me/reading-progress","statusCode":304,"durationMs":4,"sessionType":"anonymous","userId":"3","role":"user"}
2026-05-21 19:56:32 [INFO] [request] HTTP request started {"requestId":"bca0f66d-9c27-425e-88ac-f4fc8accd137","method":"GET","url":"/api/works","ip":"::1","sessionType":"anonymous","userId":null,"role":null}
2026-05-21 19:56:32 [INFO] [work.routes] Published works requested {"requestId":"bca0f66d-9c27-425e-88ac-f4fc8accd137"}
2026-05-21 19:56:32 [INFO] [request] HTTP request started {"requestId":"91e504b4-e0f3-4215-9ee8-1a2bafeffddf","method":"GET","url":"/api/me/favorite-genres","ip":"::1","sessionType":"anonymous","userId":null,"role":null}
2026-05-21 19:56:32 [INFO] [request] HTTP request finished {"requestId":"bca0f66d-9c27-425e-88ac-f4fc8accd137","method":"GET","url":"/api/works","statusCode":304,"durationMs":1,"sessionType":"anonymous","userId":null,"role":null}
2026-05-21 19:56:32 [INFO] [request] HTTP request finished {"requestId":"91e504b4-e0f3-4215-9ee8-1a2bafeffddf","method":"GET","url":"/api/me/favorite-genres","statusCode":304,"durationMs":1,"sessionType":"anonymous","userId":"3","role":"user"}
2026-05-21 19:56:33 [INFO] [request] HTTP request started {"requestId":"487c6df3-df46-4b99-8f31-6905f5c12b4c","method":"GET","url":"/api/works","ip":"::1","sessionType":"anonymous","userId":null,"role":null}
2026-05-21 19:56:33 [INFO] [work.routes] Published works requested {"requestId":"487c6df3-df46-4b99-8f31-6905f5c12b4c"}
2026-05-21 19:56:33 [INFO] [request] HTTP request started {"requestId":"00a98223-f18f-4172-a156-85e1f6b2131b","method":"GET","url":"/api/works/my","ip":"::1","sessionType":"anonymous","userId":null,"role":null}
2026-05-21 19:56:33 [INFO] [request] HTTP request started {"requestId":"38c59689-e3c2-443c-9e9a-7e850ac1249c","method":"GET","url":"/api/comments/my","ip":"::1","sessionType":"anonymous","userId":null,"role":null}
2026-05-21 19:56:33 [INFO] [request] HTTP request started {"requestId":"891baf0b-0011-4f0c-94b1-dd22f90ebf5f","method":"GET","url":"/api/me/favorites","ip":"::1","sessionType":"anonymous","userId":null,"role":null}
2026-05-21 19:56:33 [INFO] [request] HTTP request started {"requestId":"512f1b12-c98c-4022-bfc6-e8380a03f8e1","method":"GET","url":"/api/me/reading-progress","ip":"::1","sessionType":"anonymous","userId":null,"role":null}
2026-05-21 19:56:33 [INFO] [request] HTTP request started {"requestId":"a013befb-1769-4c12-beb2-ce7018b3862c","method":"GET","url":"/api/me/favorite-genres","ip":"::1","sessionType":"anonymous","userId":null,"role":null}
2026-05-21 19:56:33 [INFO] [request] HTTP request finished {"requestId":"487c6df3-df46-4b99-8f31-6905f5c12b4c","method":"GET","url":"/api/works","statusCode":304,"durationMs":4,"sessionType":"anonymous","userId":null,"role":null}
2026-05-21 19:56:33 [INFO] [work.routes] Current user works requested {"requestId":"00a98223-f18f-4172-a156-85e1f6b2131b","authorId":"3","count":0}
2026-05-21 19:56:33 [INFO] [request] HTTP request finished {"requestId":"00a98223-f18f-4172-a156-85e1f6b2131b","method":"GET","url":"/api/works/my","statusCode":304,"durationMs":4,"sessionType":"anonymous","userId":"3","role":"user"}
2026-05-21 19:56:33 [INFO] [request] HTTP request finished {"requestId":"891baf0b-0011-4f0c-94b1-dd22f90ebf5f","method":"GET","url":"/api/me/favorites","statusCode":304,"durationMs":3,"sessionType":"anonymous","userId":"3","role":"user"}
2026-05-21 19:56:33 [INFO] [comment.routes] Current user comments requested {"requestId":"38c59689-e3c2-443c-9e9a-7e850ac1249c","userId":"3","count":0}
2026-05-21 19:56:33 [INFO] [request] HTTP request finished {"requestId":"38c59689-e3c2-443c-9e9a-7e850ac1249c","method":"GET","url":"/api/comments/my","statusCode":304,"durationMs":4,"sessionType":"anonymous","userId":"3","role":"user"}
2026-05-21 19:56:33 [INFO] [request] HTTP request finished {"requestId":"a013befb-1769-4c12-beb2-ce7018b3862c","method":"GET","url":"/api/me/favorite-genres","statusCode":304,"durationMs":3,"sessionType":"anonymous","userId":"3","role":"user"}
2026-05-21 19:56:33 [INFO] [request] HTTP request finished {"requestId":"512f1b12-c98c-4022-bfc6-e8380a03f8e1","method":"GET","url":"/api/me/reading-progress","statusCode":304,"durationMs":4,"sessionType":"anonymous","userId":"3","role":"user"}
2026-05-21 19:56:35 [INFO] [request] HTTP request started {"requestId":"05537707-e8ca-479f-835a-332764ab475c","method":"GET","url":"/api/works","ip":"::1","sessionType":"anonymous","userId":null,"role":null}
2026-05-21 19:56:35 [INFO] [work.routes] Published works requested {"requestId":"05537707-e8ca-479f-835a-332764ab475c"}
2026-05-21 19:56:35 [INFO] [request] HTTP request started {"requestId":"4ed023e0-e031-4c4c-bcb6-4794f5ed896c","method":"GET","url":"/api/works/my","ip":"::1","sessionType":"anonymous","userId":null,"role":null}
2026-05-21 19:56:35 [INFO] [request] HTTP request started {"requestId":"185da79d-aef3-4384-9cf0-8112c504a469","method":"GET","url":"/api/comments/my","ip":"::1","sessionType":"anonymous","userId":null,"role":null}
2026-05-21 19:56:35 [INFO] [request] HTTP request started {"requestId":"810637df-f346-4479-aeb3-7fb6ec565f96","method":"GET","url":"/api/me/favorites","ip":"::1","sessionType":"anonymous","userId":null,"role":null}
2026-05-21 19:56:35 [INFO] [request] HTTP request finished {"requestId":"05537707-e8ca-479f-835a-332764ab475c","method":"GET","url":"/api/works","statusCode":304,"durationMs":3,"sessionType":"anonymous","userId":null,"role":null}
2026-05-21 19:56:35 [INFO] [request] HTTP request started {"requestId":"6c76be68-e914-4c2a-9902-0c2f1e074620","method":"GET","url":"/api/me/reading-progress","ip":"::1","sessionType":"anonymous","userId":null,"role":null}
2026-05-21 19:56:35 [INFO] [request] HTTP request started {"requestId":"bc633ce0-46d8-4ded-837a-a217725852c3","method":"GET","url":"/api/me/favorite-genres","ip":"::1","sessionType":"anonymous","userId":null,"role":null}
2026-05-21 19:56:35 [INFO] [work.routes] Current user works requested {"requestId":"4ed023e0-e031-4c4c-bcb6-4794f5ed896c","authorId":"3","count":0}
2026-05-21 19:56:35 [INFO] [request] HTTP request finished {"requestId":"4ed023e0-e031-4c4c-bcb6-4794f5ed896c","method":"GET","url":"/api/works/my","statusCode":304,"durationMs":3,"sessionType":"anonymous","userId":"3","role":"user"}
2026-05-21 19:56:35 [INFO] [comment.routes] Current user comments requested {"requestId":"185da79d-aef3-4384-9cf0-8112c504a469","userId":"3","count":0}
2026-05-21 19:56:35 [INFO] [request] HTTP request finished {"requestId":"185da79d-aef3-4384-9cf0-8112c504a469","method":"GET","url":"/api/comments/my","statusCode":304,"durationMs":3,"sessionType":"anonymous","userId":"3","role":"user"}
2026-05-21 19:56:35 [INFO] [request] HTTP request finished {"requestId":"810637df-f346-4479-aeb3-7fb6ec565f96","method":"GET","url":"/api/me/favorites","statusCode":304,"durationMs":3,"sessionType":"anonymous","userId":"3","role":"user"}
2026-05-21 19:56:35 [INFO] [request] HTTP request finished {"requestId":"6c76be68-e914-4c2a-9902-0c2f1e074620","method":"GET","url":"/api/me/reading-progress","statusCode":304,"durationMs":3,"sessionType":"anonymous","userId":"3","role":"user"}
2026-05-21 19:56:35 [INFO] [request] HTTP request finished {"requestId":"bc633ce0-46d8-4ded-837a-a217725852c3","method":"GET","url":"/api/me/favorite-genres","statusCode":304,"durationMs":2,"sessionType":"anonymous","userId":"3","role":"user"}
2026-05-21 19:56:35 [INFO] [request] HTTP request started {"requestId":"2c68700f-cf0c-4d4a-a612-0dc5aa2d3c49","method":"GET","url":"/api/works","ip":"::1","sessionType":"anonymous","userId":null,"role":null}
2026-05-21 19:56:35 [INFO] [work.routes] Published works requested {"requestId":"2c68700f-cf0c-4d4a-a612-0dc5aa2d3c49"}
2026-05-21 19:56:35 [INFO] [request] HTTP request started {"requestId":"1ebe1ba4-285d-42d3-a602-ca5d5135134c","method":"GET","url":"/api/me/favorite-genres","ip":"::1","sessionType":"anonymous","userId":null,"role":null}
2026-05-21 19:56:35 [INFO] [request] HTTP request finished {"requestId":"2c68700f-cf0c-4d4a-a612-0dc5aa2d3c49","method":"GET","url":"/api/works","statusCode":304,"durationMs":2,"sessionType":"anonymous","userId":null,"role":null}
2026-05-21 19:56:35 [INFO] [request] HTTP request finished {"requestId":"1ebe1ba4-285d-42d3-a602-ca5d5135134c","method":"GET","url":"/api/me/favorite-genres","statusCode":304,"durationMs":1,"sessionType":"anonymous","userId":"3","role":"user"}
2026-05-21 19:56:37 [INFO] [request] HTTP request started {"requestId":"64d847f8-21f8-4fe8-9d2a-24a31969a5a2","method":"GET","url":"/api/works","ip":"::1","sessionType":"anonymous","userId":null,"role":null}
2026-05-21 19:56:37 [INFO] [work.routes] Published works requested {"requestId":"64d847f8-21f8-4fe8-9d2a-24a31969a5a2"}
2026-05-21 19:56:37 [INFO] [request] HTTP request started {"requestId":"1d391558-d1e8-4479-bae2-a655e7e2ef23","method":"GET","url":"/api/works/my","ip":"::1","sessionType":"anonymous","userId":null,"role":null}
2026-05-21 19:56:37 [INFO] [request] HTTP request started {"requestId":"47246cb8-9755-468c-ab53-8b999ab6c782","method":"GET","url":"/api/comments/my","ip":"::1","sessionType":"anonymous","userId":null,"role":null}
2026-05-21 19:56:37 [INFO] [request] HTTP request started {"requestId":"49be5113-103e-40cf-b261-38e47289c013","method":"GET","url":"/api/me/favorites","ip":"::1","sessionType":"anonymous","userId":null,"role":null}
2026-05-21 19:56:37 [INFO] [request] HTTP request started {"requestId":"635be403-3587-4fb7-b646-015a567d230e","method":"GET","url":"/api/me/reading-progress","ip":"::1","sessionType":"anonymous","userId":null,"role":null}
2026-05-21 19:56:37 [INFO] [request] HTTP request started {"requestId":"1639ed78-78c1-4016-bf7a-7b10a8bc164e","method":"GET","url":"/api/me/favorite-genres","ip":"::1","sessionType":"anonymous","userId":null,"role":null}
2026-05-21 19:56:37 [INFO] [request] HTTP request finished {"requestId":"64d847f8-21f8-4fe8-9d2a-24a31969a5a2","method":"GET","url":"/api/works","statusCode":304,"durationMs":3,"sessionType":"anonymous","userId":null,"role":null}
2026-05-21 19:56:37 [INFO] [work.routes] Current user works requested {"requestId":"1d391558-d1e8-4479-bae2-a655e7e2ef23","authorId":"3","count":0}
2026-05-21 19:56:37 [INFO] [request] HTTP request finished {"requestId":"1d391558-d1e8-4479-bae2-a655e7e2ef23","method":"GET","url":"/api/works/my","statusCode":304,"durationMs":3,"sessionType":"anonymous","userId":"3","role":"user"}
2026-05-21 19:56:37 [INFO] [comment.routes] Current user comments requested {"requestId":"47246cb8-9755-468c-ab53-8b999ab6c782","userId":"3","count":0}
2026-05-21 19:56:37 [INFO] [request] HTTP request finished {"requestId":"47246cb8-9755-468c-ab53-8b999ab6c782","method":"GET","url":"/api/comments/my","statusCode":304,"durationMs":2,"sessionType":"anonymous","userId":"3","role":"user"}
2026-05-21 19:56:37 [INFO] [request] HTTP request finished {"requestId":"49be5113-103e-40cf-b261-38e47289c013","method":"GET","url":"/api/me/favorites","statusCode":304,"durationMs":3,"sessionType":"anonymous","userId":"3","role":"user"}
2026-05-21 19:56:37 [INFO] [request] HTTP request finished {"requestId":"635be403-3587-4fb7-b646-015a567d230e","method":"GET","url":"/api/me/reading-progress","statusCode":304,"durationMs":3,"sessionType":"anonymous","userId":"3","role":"user"}
2026-05-21 19:56:37 [INFO] [request] HTTP request finished {"requestId":"1639ed78-78c1-4016-bf7a-7b10a8bc164e","method":"GET","url":"/api/me/favorite-genres","statusCode":304,"durationMs":2,"sessionType":"anonymous","userId":"3","role":"user"}
2026-05-21 19:56:38 [INFO] [request] HTTP request started {"requestId":"02730b15-88cf-42cd-a531-8016fa3a711d","method":"GET","url":"/api/works","ip":"::1","sessionType":"anonymous","userId":null,"role":null}
2026-05-21 19:56:38 [INFO] [work.routes] Published works requested {"requestId":"02730b15-88cf-42cd-a531-8016fa3a711d"}
2026-05-21 19:56:38 [INFO] [request] HTTP request started {"requestId":"dcd7964c-6c71-4ce6-a2cf-faa0d4aa5f0e","method":"GET","url":"/api/me/favorite-genres","ip":"::1","sessionType":"anonymous","userId":null,"role":null}
2026-05-21 19:56:38 [INFO] [request] HTTP request finished {"requestId":"02730b15-88cf-42cd-a531-8016fa3a711d","method":"GET","url":"/api/works","statusCode":304,"durationMs":2,"sessionType":"anonymous","userId":null,"role":null}
2026-05-21 19:56:38 [INFO] [request] HTTP request finished {"requestId":"dcd7964c-6c71-4ce6-a2cf-faa0d4aa5f0e","method":"GET","url":"/api/me/favorite-genres","statusCode":304,"durationMs":1,"sessionType":"anonymous","userId":"3","role":"user"}
2026-05-21 19:56:38 [INFO] [request] HTTP request started {"requestId":"4b674915-087f-46aa-ae32-cbb6c9dea18f","method":"GET","url":"/api/works","ip":"::1","sessionType":"anonymous","userId":null,"role":null}
2026-05-21 19:56:38 [INFO] [work.routes] Published works requested {"requestId":"4b674915-087f-46aa-ae32-cbb6c9dea18f"}
2026-05-21 19:56:38 [INFO] [request] HTTP request finished {"requestId":"4b674915-087f-46aa-ae32-cbb6c9dea18f","method":"GET","url":"/api/works","statusCode":304,"durationMs":1,"sessionType":"anonymous","userId":null,"role":null}
2026-05-21 19:56:38 [INFO] [request] HTTP request started {"requestId":"f28d1fff-7179-4ddd-96fa-90998fbcc04d","method":"GET","url":"/api/works/my","ip":"::1","sessionType":"anonymous","userId":null,"role":null}
2026-05-21 19:56:38 [INFO] [request] HTTP request started {"requestId":"b1ef9965-3d99-4d17-ac3f-8ca8eb830962","method":"GET","url":"/api/comments/my","ip":"::1","sessionType":"anonymous","userId":null,"role":null}
2026-05-21 19:56:38 [INFO] [request] HTTP request started {"requestId":"db67350e-e737-44fc-900a-1d090b0e69fb","method":"GET","url":"/api/me/favorites","ip":"::1","sessionType":"anonymous","userId":null,"role":null}
2026-05-21 19:56:38 [INFO] [request] HTTP request started {"requestId":"c18e8a5e-e38f-4365-afb1-b79dd5c32f59","method":"GET","url":"/api/me/reading-progress","ip":"::1","sessionType":"anonymous","userId":null,"role":null}
2026-05-21 19:56:38 [INFO] [work.routes] Current user works requested {"requestId":"f28d1fff-7179-4ddd-96fa-90998fbcc04d","authorId":"3","count":0}
2026-05-21 19:56:38 [INFO] [request] HTTP request finished {"requestId":"f28d1fff-7179-4ddd-96fa-90998fbcc04d","method":"GET","url":"/api/works/my","statusCode":304,"durationMs":2,"sessionType":"anonymous","userId":"3","role":"user"}
2026-05-21 19:56:38 [INFO] [request] HTTP request started {"requestId":"1d543db3-b545-45ae-a727-9a4a74d083cb","method":"GET","url":"/api/me/favorite-genres","ip":"::1","sessionType":"anonymous","userId":null,"role":null}
2026-05-21 19:56:38 [INFO] [request] HTTP request finished {"requestId":"db67350e-e737-44fc-900a-1d090b0e69fb","method":"GET","url":"/api/me/favorites","statusCode":304,"durationMs":2,"sessionType":"anonymous","userId":"3","role":"user"}
2026-05-21 19:56:38 [INFO] [request] HTTP request finished {"requestId":"c18e8a5e-e38f-4365-afb1-b79dd5c32f59","method":"GET","url":"/api/me/reading-progress","statusCode":304,"durationMs":3,"sessionType":"anonymous","userId":"3","role":"user"}
2026-05-21 19:56:38 [INFO] [comment.routes] Current user comments requested {"requestId":"b1ef9965-3d99-4d17-ac3f-8ca8eb830962","userId":"3","count":0}
2026-05-21 19:56:38 [INFO] [request] HTTP request finished {"requestId":"b1ef9965-3d99-4d17-ac3f-8ca8eb830962","method":"GET","url":"/api/comments/my","statusCode":304,"durationMs":3,"sessionType":"anonymous","userId":"3","role":"user"}
2026-05-21 19:56:38 [INFO] [request] HTTP request finished {"requestId":"1d543db3-b545-45ae-a727-9a4a74d083cb","method":"GET","url":"/api/me/favorite-genres","statusCode":304,"durationMs":2,"sessionType":"anonymous","userId":"3","role":"user"}
2026-05-21 19:56:58 [INFO] [request] HTTP request started {"requestId":"b8e11803-cd50-4ae1-988b-1e7664997425","method":"POST","url":"/api/auth/login","ip":"::1","sessionType":"anonymous","userId":null,"role":null}
2026-05-21 19:56:59 [INFO] [auth.routes] User logged in {"requestId":"b8e11803-cd50-4ae1-988b-1e7664997425","userId":"2","login":"moderator1"}
2026-05-21 19:56:59 [INFO] [request] HTTP request finished {"requestId":"b8e11803-cd50-4ae1-988b-1e7664997425","method":"POST","url":"/api/auth/login","statusCode":200,"durationMs":192,"sessionType":"anonymous","userId":null,"role":null}
2026-05-21 19:56:59 [INFO] [request] HTTP request started {"requestId":"80a16e9b-a223-4864-a0a3-9ea6d81ff91a","method":"GET","url":"/api/works","ip":"::1","sessionType":"anonymous","userId":null,"role":null}
2026-05-21 19:56:59 [INFO] [work.routes] Published works requested {"requestId":"80a16e9b-a223-4864-a0a3-9ea6d81ff91a"}
2026-05-21 19:56:59 [INFO] [request] HTTP request started {"requestId":"122dfe20-e061-4503-8f4d-b1567b2d87bf","method":"GET","url":"/api/me/favorite-genres","ip":"::1","sessionType":"anonymous","userId":null,"role":null}
2026-05-21 19:56:59 [INFO] [request] HTTP request finished {"requestId":"80a16e9b-a223-4864-a0a3-9ea6d81ff91a","method":"GET","url":"/api/works","statusCode":304,"durationMs":5,"sessionType":"anonymous","userId":null,"role":null}
2026-05-21 19:56:59 [INFO] [request] HTTP request finished {"requestId":"122dfe20-e061-4503-8f4d-b1567b2d87bf","method":"GET","url":"/api/me/favorite-genres","statusCode":304,"durationMs":33,"sessionType":"anonymous","userId":"2","role":"moderator"}
2026-05-21 19:57:02 [INFO] [request] HTTP request started {"requestId":"6c6d458b-b115-4082-bf02-fe32c6c72524","method":"GET","url":"/api/works","ip":"::1","sessionType":"anonymous","userId":null,"role":null}
2026-05-21 19:57:02 [INFO] [work.routes] Published works requested {"requestId":"6c6d458b-b115-4082-bf02-fe32c6c72524"}
2026-05-21 19:57:02 [INFO] [request] HTTP request started {"requestId":"61387f28-251a-4251-a959-3f72b4d35218","method":"GET","url":"/api/me/favorite-genres","ip":"::1","sessionType":"anonymous","userId":null,"role":null}
2026-05-21 19:57:02 [INFO] [request] HTTP request finished {"requestId":"61387f28-251a-4251-a959-3f72b4d35218","method":"GET","url":"/api/me/favorite-genres","statusCode":304,"durationMs":2,"sessionType":"anonymous","userId":"2","role":"moderator"}
2026-05-21 19:57:02 [INFO] [request] HTTP request finished {"requestId":"6c6d458b-b115-4082-bf02-fe32c6c72524","method":"GET","url":"/api/works","statusCode":304,"durationMs":5,"sessionType":"anonymous","userId":null,"role":null}
2026-05-21 19:57:02 [INFO] [request] HTTP request started {"requestId":"492e2df3-d78d-4b42-9802-0e63d1252916","method":"GET","url":"/api/works/my","ip":"::1","sessionType":"anonymous","userId":null,"role":null}
2026-05-21 19:57:02 [INFO] [request] HTTP request started {"requestId":"08b2f746-61c6-4e07-b3b0-95177d3deab9","method":"GET","url":"/api/comments/my","ip":"::1","sessionType":"anonymous","userId":null,"role":null}
2026-05-21 19:57:02 [INFO] [request] HTTP request started {"requestId":"66b7710c-c07c-4ce4-896e-d46edce07d05","method":"GET","url":"/api/me/favorites","ip":"::1","sessionType":"anonymous","userId":null,"role":null}
2026-05-21 19:57:02 [INFO] [request] HTTP request started {"requestId":"f621627b-c2cb-46e9-ad3f-e865d0b7b1f6","method":"GET","url":"/api/me/reading-progress","ip":"::1","sessionType":"anonymous","userId":null,"role":null}
2026-05-21 19:57:02 [INFO] [work.routes] Current user works requested {"requestId":"492e2df3-d78d-4b42-9802-0e63d1252916","authorId":"2","count":0}
2026-05-21 19:57:02 [INFO] [request] HTTP request finished {"requestId":"492e2df3-d78d-4b42-9802-0e63d1252916","method":"GET","url":"/api/works/my","statusCode":304,"durationMs":4,"sessionType":"anonymous","userId":"2","role":"moderator"}
2026-05-21 19:57:02 [INFO] [comment.routes] Current user comments requested {"requestId":"08b2f746-61c6-4e07-b3b0-95177d3deab9","userId":"2","count":0}
2026-05-21 19:57:02 [INFO] [request] HTTP request finished {"requestId":"08b2f746-61c6-4e07-b3b0-95177d3deab9","method":"GET","url":"/api/comments/my","statusCode":304,"durationMs":3,"sessionType":"anonymous","userId":"2","role":"moderator"}
2026-05-21 19:57:02 [INFO] [request] HTTP request finished {"requestId":"66b7710c-c07c-4ce4-896e-d46edce07d05","method":"GET","url":"/api/me/favorites","statusCode":304,"durationMs":36,"sessionType":"anonymous","userId":"2","role":"moderator"}
2026-05-21 19:57:02 [INFO] [request] HTTP request finished {"requestId":"f621627b-c2cb-46e9-ad3f-e865d0b7b1f6","method":"GET","url":"/api/me/reading-progress","statusCode":304,"durationMs":38,"sessionType":"anonymous","userId":"2","role":"moderator"}
2026-05-21 19:57:03 [INFO] [request] HTTP request started {"requestId":"7753b6b0-47e9-49d3-9e04-ccb42bb00f98","method":"GET","url":"/api/works/moderation/pending","ip":"::1","sessionType":"anonymous","userId":null,"role":null}
2026-05-21 19:57:03 [INFO] [work.routes] Pending works requested {"requestId":"7753b6b0-47e9-49d3-9e04-ccb42bb00f98","moderatorId":"2","count":0}
2026-05-21 19:57:03 [INFO] [request] HTTP request finished {"requestId":"7753b6b0-47e9-49d3-9e04-ccb42bb00f98","method":"GET","url":"/api/works/moderation/pending","statusCode":200,"durationMs":3,"sessionType":"anonymous","userId":"2","role":"moderator"}
2026-05-21 19:59:03 [INFO] [request] HTTP request started {"requestId":"894c4233-c48b-43e2-b995-16bd1d2dff20","method":"GET","url":"/api/works","ip":"::1","sessionType":"anonymous","userId":null,"role":null}
2026-05-21 19:59:03 [INFO] [work.routes] Published works requested {"requestId":"894c4233-c48b-43e2-b995-16bd1d2dff20"}
2026-05-21 19:59:03 [INFO] [request] HTTP request started {"requestId":"670381a7-b092-4263-9db5-b9e14f7bdd3d","method":"GET","url":"/api/me/favorite-genres","ip":"::1","sessionType":"anonymous","userId":null,"role":null}
2026-05-21 19:59:03 [INFO] [request] HTTP request finished {"requestId":"670381a7-b092-4263-9db5-b9e14f7bdd3d","method":"GET","url":"/api/me/favorite-genres","statusCode":304,"durationMs":36,"sessionType":"anonymous","userId":"2","role":"moderator"}
2026-05-21 19:59:03 [INFO] [request] HTTP request finished {"requestId":"894c4233-c48b-43e2-b995-16bd1d2dff20","method":"GET","url":"/api/works","statusCode":304,"durationMs":136,"sessionType":"anonymous","userId":null,"role":null}
2026-05-21 19:59:11 [INFO] [request] HTTP request started {"requestId":"6079e38e-f91b-4954-8f29-ff36c560d589","method":"GET","url":"/api/works","ip":"::1","sessionType":"anonymous","userId":null,"role":null}
2026-05-21 19:59:11 [INFO] [work.routes] Published works requested {"requestId":"6079e38e-f91b-4954-8f29-ff36c560d589"}
2026-05-21 19:59:11 [INFO] [request] HTTP request started {"requestId":"e7816fb6-0aaa-4e29-87bd-7d145efb2cad","method":"GET","url":"/api/works/my","ip":"::1","sessionType":"anonymous","userId":null,"role":null}
2026-05-21 19:59:11 [INFO] [request] HTTP request started {"requestId":"fb849fa0-6b14-4797-993b-cec18fd8c00f","method":"GET","url":"/api/comments/my","ip":"::1","sessionType":"anonymous","userId":null,"role":null}
2026-05-21 19:59:11 [INFO] [request] HTTP request started {"requestId":"ff98a8eb-0b2b-48dd-b602-b04d04f6f255","method":"GET","url":"/api/me/favorites","ip":"::1","sessionType":"anonymous","userId":null,"role":null}
2026-05-21 19:59:11 [INFO] [request] HTTP request started {"requestId":"bf093ce9-eaca-463a-a461-00be618a86df","method":"GET","url":"/api/me/reading-progress","ip":"::1","sessionType":"anonymous","userId":null,"role":null}
2026-05-21 19:59:11 [INFO] [request] HTTP request finished {"requestId":"6079e38e-f91b-4954-8f29-ff36c560d589","method":"GET","url":"/api/works","statusCode":304,"durationMs":4,"sessionType":"anonymous","userId":null,"role":null}
2026-05-21 19:59:11 [INFO] [request] HTTP request started {"requestId":"51844b29-8c7c-4024-b399-8759e7ba2fcb","method":"GET","url":"/api/me/favorite-genres","ip":"::1","sessionType":"anonymous","userId":null,"role":null}
2026-05-21 19:59:11 [INFO] [work.routes] Current user works requested {"requestId":"e7816fb6-0aaa-4e29-87bd-7d145efb2cad","authorId":"2","count":0}
2026-05-21 19:59:11 [INFO] [request] HTTP request finished {"requestId":"e7816fb6-0aaa-4e29-87bd-7d145efb2cad","method":"GET","url":"/api/works/my","statusCode":304,"durationMs":5,"sessionType":"anonymous","userId":"2","role":"moderator"}
2026-05-21 19:59:11 [INFO] [request] HTTP request finished {"requestId":"51844b29-8c7c-4024-b399-8759e7ba2fcb","method":"GET","url":"/api/me/favorite-genres","statusCode":304,"durationMs":2,"sessionType":"anonymous","userId":"2","role":"moderator"}
2026-05-21 19:59:11 [INFO] [request] HTTP request finished {"requestId":"ff98a8eb-0b2b-48dd-b602-b04d04f6f255","method":"GET","url":"/api/me/favorites","statusCode":304,"durationMs":39,"sessionType":"anonymous","userId":"2","role":"moderator"}
2026-05-21 19:59:11 [INFO] [comment.routes] Current user comments requested {"requestId":"fb849fa0-6b14-4797-993b-cec18fd8c00f","userId":"2","count":0}
2026-05-21 19:59:11 [INFO] [request] HTTP request finished {"requestId":"fb849fa0-6b14-4797-993b-cec18fd8c00f","method":"GET","url":"/api/comments/my","statusCode":304,"durationMs":42,"sessionType":"anonymous","userId":"2","role":"moderator"}
2026-05-21 19:59:11 [INFO] [request] HTTP request finished {"requestId":"bf093ce9-eaca-463a-a461-00be618a86df","method":"GET","url":"/api/me/reading-progress","statusCode":304,"durationMs":43,"sessionType":"anonymous","userId":"2","role":"moderator"}
2026-05-21 19:59:31 [INFO] [request] HTTP request started {"requestId":"dd3103b8-8eb7-4f07-a2fe-97af33616c9e","method":"GET","url":"/api/works/moderation/pending","ip":"::1","sessionType":"anonymous","userId":null,"role":null}
2026-05-21 19:59:31 [INFO] [work.routes] Pending works requested {"requestId":"dd3103b8-8eb7-4f07-a2fe-97af33616c9e","moderatorId":"2","count":0}
2026-05-21 19:59:31 [INFO] [request] HTTP request finished {"requestId":"dd3103b8-8eb7-4f07-a2fe-97af33616c9e","method":"GET","url":"/api/works/moderation/pending","statusCode":304,"durationMs":33,"sessionType":"anonymous","userId":"2","role":"moderator"}
2026-05-21 19:59:40 [INFO] [request] HTTP request started {"requestId":"39f2c951-5353-4c3d-b115-528db9071161","method":"POST","url":"/api/auth/login","ip":"::1","sessionType":"anonymous","userId":null,"role":null}
2026-05-21 19:59:40 [INFO] [auth.routes] User logged in {"requestId":"39f2c951-5353-4c3d-b115-528db9071161","userId":"3","login":"poto7"}
2026-05-21 19:59:40 [INFO] [request] HTTP request finished {"requestId":"39f2c951-5353-4c3d-b115-528db9071161","method":"POST","url":"/api/auth/login","statusCode":200,"durationMs":64,"sessionType":"anonymous","userId":null,"role":null}
2026-05-21 19:59:40 [INFO] [request] HTTP request started {"requestId":"30dc9938-b336-4a36-afd5-18f73441eec9","method":"GET","url":"/api/works","ip":"::1","sessionType":"anonymous","userId":null,"role":null}
2026-05-21 19:59:40 [INFO] [work.routes] Published works requested {"requestId":"30dc9938-b336-4a36-afd5-18f73441eec9"}
2026-05-21 19:59:40 [INFO] [request] HTTP request started {"requestId":"12949557-de79-4975-9330-9d4673261868","method":"GET","url":"/api/me/favorite-genres","ip":"::1","sessionType":"anonymous","userId":null,"role":null}
2026-05-21 19:59:40 [INFO] [request] HTTP request finished {"requestId":"30dc9938-b336-4a36-afd5-18f73441eec9","method":"GET","url":"/api/works","statusCode":304,"durationMs":2,"sessionType":"anonymous","userId":null,"role":null}
2026-05-21 19:59:40 [INFO] [request] HTTP request finished {"requestId":"12949557-de79-4975-9330-9d4673261868","method":"GET","url":"/api/me/favorite-genres","statusCode":304,"durationMs":36,"sessionType":"anonymous","userId":"3","role":"user"}
2026-05-21 19:59:43 [INFO] [request] HTTP request started {"requestId":"c9d77a26-76c0-43ee-9cc5-1c9f3e9d0f50","method":"GET","url":"/api/works","ip":"::1","sessionType":"anonymous","userId":null,"role":null}
2026-05-21 19:59:43 [INFO] [work.routes] Published works requested {"requestId":"c9d77a26-76c0-43ee-9cc5-1c9f3e9d0f50"}
2026-05-21 19:59:43 [INFO] [request] HTTP request started {"requestId":"3dd1bf5e-7a2b-45c9-927e-1db3aac08312","method":"GET","url":"/api/me/favorite-genres","ip":"::1","sessionType":"anonymous","userId":null,"role":null}
2026-05-21 19:59:43 [INFO] [request] HTTP request started {"requestId":"9e5fd769-72d1-422a-a466-a6f2a3276ceb","method":"GET","url":"/api/works/my","ip":"::1","sessionType":"anonymous","userId":null,"role":null}
2026-05-21 19:59:43 [INFO] [request] HTTP request started {"requestId":"f038d1f7-aec9-48d9-b363-53a5d1d1c18f","method":"GET","url":"/api/comments/my","ip":"::1","sessionType":"anonymous","userId":null,"role":null}
2026-05-21 19:59:43 [INFO] [request] HTTP request started {"requestId":"ac2af8dd-0311-4dcb-b982-7663ceca4aa7","method":"GET","url":"/api/me/favorites","ip":"::1","sessionType":"anonymous","userId":null,"role":null}
2026-05-21 19:59:43 [INFO] [request] HTTP request started {"requestId":"aa89db3a-668e-49c8-ad8d-014b2282043b","method":"GET","url":"/api/me/reading-progress","ip":"::1","sessionType":"anonymous","userId":null,"role":null}
2026-05-21 19:59:43 [INFO] [request] HTTP request finished {"requestId":"3dd1bf5e-7a2b-45c9-927e-1db3aac08312","method":"GET","url":"/api/me/favorite-genres","statusCode":304,"durationMs":4,"sessionType":"anonymous","userId":"3","role":"user"}
2026-05-21 19:59:43 [INFO] [request] HTTP request finished {"requestId":"c9d77a26-76c0-43ee-9cc5-1c9f3e9d0f50","method":"GET","url":"/api/works","statusCode":304,"durationMs":6,"sessionType":"anonymous","userId":null,"role":null}
2026-05-21 19:59:43 [INFO] [work.routes] Current user works requested {"requestId":"9e5fd769-72d1-422a-a466-a6f2a3276ceb","authorId":"3","count":0}
2026-05-21 19:59:43 [INFO] [request] HTTP request finished {"requestId":"9e5fd769-72d1-422a-a466-a6f2a3276ceb","method":"GET","url":"/api/works/my","statusCode":304,"durationMs":41,"sessionType":"anonymous","userId":"3","role":"user"}
2026-05-21 19:59:43 [INFO] [comment.routes] Current user comments requested {"requestId":"f038d1f7-aec9-48d9-b363-53a5d1d1c18f","userId":"3","count":0}
2026-05-21 19:59:43 [INFO] [request] HTTP request finished {"requestId":"f038d1f7-aec9-48d9-b363-53a5d1d1c18f","method":"GET","url":"/api/comments/my","statusCode":304,"durationMs":45,"sessionType":"anonymous","userId":"3","role":"user"}
2026-05-21 19:59:43 [INFO] [request] HTTP request finished {"requestId":"ac2af8dd-0311-4dcb-b982-7663ceca4aa7","method":"GET","url":"/api/me/favorites","statusCode":304,"durationMs":44,"sessionType":"anonymous","userId":"3","role":"user"}
2026-05-21 19:59:43 [INFO] [request] HTTP request finished {"requestId":"aa89db3a-668e-49c8-ad8d-014b2282043b","method":"GET","url":"/api/me/reading-progress","statusCode":304,"durationMs":47,"sessionType":"anonymous","userId":"3","role":"user"}
2026-05-21 19:59:45 [INFO] [request] HTTP request started {"requestId":"fa22d69b-8719-4768-9dc8-b7a03ba429f2","method":"GET","url":"/api/works/my","ip":"::1","sessionType":"anonymous","userId":null,"role":null}
2026-05-21 19:59:45 [INFO] [request] HTTP request started {"requestId":"83275579-7f76-4fc4-b8dc-84f0909475de","method":"GET","url":"/api/comments/my","ip":"::1","sessionType":"anonymous","userId":null,"role":null}
2026-05-21 19:59:45 [INFO] [request] HTTP request started {"requestId":"860d4fbf-3d4f-4b57-a224-6828cbe84165","method":"GET","url":"/api/me/favorites","ip":"::1","sessionType":"anonymous","userId":null,"role":null}
2026-05-21 19:59:45 [INFO] [request] HTTP request started {"requestId":"8de613d7-d8f2-4eb9-b86f-f3f3cb74271a","method":"GET","url":"/api/me/reading-progress","ip":"::1","sessionType":"anonymous","userId":null,"role":null}
2026-05-21 19:59:45 [INFO] [request] HTTP request started {"requestId":"3bb31d12-2e89-43de-a561-455207d9fc47","method":"GET","url":"/api/works","ip":"::1","sessionType":"anonymous","userId":null,"role":null}
2026-05-21 19:59:45 [INFO] [work.routes] Published works requested {"requestId":"3bb31d12-2e89-43de-a561-455207d9fc47"}
2026-05-21 19:59:45 [INFO] [work.routes] Current user works requested {"requestId":"fa22d69b-8719-4768-9dc8-b7a03ba429f2","authorId":"3","count":0}
2026-05-21 19:59:45 [INFO] [request] HTTP request finished {"requestId":"fa22d69b-8719-4768-9dc8-b7a03ba429f2","method":"GET","url":"/api/works/my","statusCode":304,"durationMs":3,"sessionType":"anonymous","userId":"3","role":"user"}
2026-05-21 19:59:45 [INFO] [request] HTTP request finished {"requestId":"860d4fbf-3d4f-4b57-a224-6828cbe84165","method":"GET","url":"/api/me/favorites","statusCode":304,"durationMs":3,"sessionType":"anonymous","userId":"3","role":"user"}
2026-05-21 19:59:45 [INFO] [request] HTTP request started {"requestId":"f3c88791-5f6e-43a0-89e7-74339da2af12","method":"GET","url":"/api/me/favorite-genres","ip":"::1","sessionType":"anonymous","userId":null,"role":null}
2026-05-21 19:59:45 [INFO] [request] HTTP request finished {"requestId":"3bb31d12-2e89-43de-a561-455207d9fc47","method":"GET","url":"/api/works","statusCode":304,"durationMs":3,"sessionType":"anonymous","userId":null,"role":null}
2026-05-21 19:59:45 [INFO] [request] HTTP request finished {"requestId":"8de613d7-d8f2-4eb9-b86f-f3f3cb74271a","method":"GET","url":"/api/me/reading-progress","statusCode":304,"durationMs":5,"sessionType":"anonymous","userId":"3","role":"user"}
2026-05-21 19:59:45 [INFO] [comment.routes] Current user comments requested {"requestId":"83275579-7f76-4fc4-b8dc-84f0909475de","userId":"3","count":0}
2026-05-21 19:59:45 [INFO] [request] HTTP request finished {"requestId":"83275579-7f76-4fc4-b8dc-84f0909475de","method":"GET","url":"/api/comments/my","statusCode":304,"durationMs":6,"sessionType":"anonymous","userId":"3","role":"user"}
2026-05-21 19:59:45 [INFO] [request] HTTP request finished {"requestId":"f3c88791-5f6e-43a0-89e7-74339da2af12","method":"GET","url":"/api/me/favorite-genres","statusCode":304,"durationMs":2,"sessionType":"anonymous","userId":"3","role":"user"}
2026-05-21 20:00:36 [INFO] [request] HTTP request started {"requestId":"757c4261-509d-4160-b313-e6945c7fff8a","method":"POST","url":"/api/works","ip":"::1","sessionType":"anonymous","userId":null,"role":null}
2026-05-21 20:00:36 [INFO] [work.routes] Work created and sent to moderation {"requestId":"757c4261-509d-4160-b313-e6945c7fff8a","workId":"1","authorId":"3"}
2026-05-21 20:00:36 [INFO] [request] HTTP request finished {"requestId":"757c4261-509d-4160-b313-e6945c7fff8a","method":"POST","url":"/api/works","statusCode":201,"durationMs":39,"sessionType":"anonymous","userId":"3","role":"user"}
2026-05-21 20:00:36 [INFO] [request] HTTP request started {"requestId":"6d9730ce-29e7-48c5-a7f2-4348b375cfef","method":"GET","url":"/api/works","ip":"::1","sessionType":"anonymous","userId":null,"role":null}
2026-05-21 20:00:36 [INFO] [work.routes] Published works requested {"requestId":"6d9730ce-29e7-48c5-a7f2-4348b375cfef"}
2026-05-21 20:00:36 [INFO] [request] HTTP request finished {"requestId":"6d9730ce-29e7-48c5-a7f2-4348b375cfef","method":"GET","url":"/api/works","statusCode":200,"durationMs":3,"sessionType":"anonymous","userId":null,"role":null}
2026-05-21 20:00:36 [INFO] [request] HTTP request started {"requestId":"eec90484-c885-429a-b1ec-b0f6949910a3","method":"GET","url":"/api/works/my","ip":"::1","sessionType":"anonymous","userId":null,"role":null}
2026-05-21 20:00:36 [INFO] [request] HTTP request started {"requestId":"bda1c84e-3eea-445c-a662-74726977ed60","method":"GET","url":"/api/comments/my","ip":"::1","sessionType":"anonymous","userId":null,"role":null}
2026-05-21 20:00:36 [INFO] [request] HTTP request started {"requestId":"3fd3cdce-6c27-418d-8a7e-dfb409d2141f","method":"GET","url":"/api/me/favorites","ip":"::1","sessionType":"anonymous","userId":null,"role":null}
2026-05-21 20:00:36 [INFO] [request] HTTP request started {"requestId":"063a178b-c745-42d3-a2c2-50591e651696","method":"GET","url":"/api/me/reading-progress","ip":"::1","sessionType":"anonymous","userId":null,"role":null}
2026-05-21 20:00:36 [INFO] [request] HTTP request started {"requestId":"724aa4eb-e86a-4f63-a31e-e9f8e640e690","method":"GET","url":"/api/me/favorite-genres","ip":"::1","sessionType":"anonymous","userId":null,"role":null}
2026-05-21 20:00:36 [INFO] [work.routes] Current user works requested {"requestId":"eec90484-c885-429a-b1ec-b0f6949910a3","authorId":"3","count":1}
2026-05-21 20:00:36 [INFO] [request] HTTP request finished {"requestId":"eec90484-c885-429a-b1ec-b0f6949910a3","method":"GET","url":"/api/works/my","statusCode":200,"durationMs":3,"sessionType":"anonymous","userId":"3","role":"user"}
2026-05-21 20:00:36 [INFO] [request] HTTP request finished {"requestId":"3fd3cdce-6c27-418d-8a7e-dfb409d2141f","method":"GET","url":"/api/me/favorites","statusCode":304,"durationMs":40,"sessionType":"anonymous","userId":"3","role":"user"}
2026-05-21 20:00:36 [INFO] [comment.routes] Current user comments requested {"requestId":"bda1c84e-3eea-445c-a662-74726977ed60","userId":"3","count":0}
2026-05-21 20:00:36 [INFO] [request] HTTP request finished {"requestId":"bda1c84e-3eea-445c-a662-74726977ed60","method":"GET","url":"/api/comments/my","statusCode":304,"durationMs":42,"sessionType":"anonymous","userId":"3","role":"user"}
2026-05-21 20:00:36 [INFO] [request] HTTP request finished {"requestId":"724aa4eb-e86a-4f63-a31e-e9f8e640e690","method":"GET","url":"/api/me/favorite-genres","statusCode":304,"durationMs":44,"sessionType":"anonymous","userId":"3","role":"user"}
2026-05-21 20:00:36 [INFO] [request] HTTP request finished {"requestId":"063a178b-c745-42d3-a2c2-50591e651696","method":"GET","url":"/api/me/reading-progress","statusCode":304,"durationMs":46,"sessionType":"anonymous","userId":"3","role":"user"}
2026-05-21 20:01:33 [INFO] [request] HTTP request started {"requestId":"b0beb721-26af-48ec-b752-17489fbbc778","method":"POST","url":"/api/auth/login","ip":"::1","sessionType":"anonymous","userId":null,"role":null}
2026-05-21 20:01:33 [INFO] [auth.routes] User logged in {"requestId":"b0beb721-26af-48ec-b752-17489fbbc778","userId":"2","login":"moderator1"}
2026-05-21 20:01:33 [INFO] [request] HTTP request finished {"requestId":"b0beb721-26af-48ec-b752-17489fbbc778","method":"POST","url":"/api/auth/login","statusCode":200,"durationMs":88,"sessionType":"anonymous","userId":null,"role":null}
2026-05-21 20:01:33 [INFO] [request] HTTP request started {"requestId":"195469a3-fa71-4398-95ef-6d909c3a2676","method":"GET","url":"/api/works","ip":"::1","sessionType":"anonymous","userId":null,"role":null}
2026-05-21 20:01:33 [INFO] [work.routes] Published works requested {"requestId":"195469a3-fa71-4398-95ef-6d909c3a2676"}
2026-05-21 20:01:33 [INFO] [request] HTTP request started {"requestId":"babb0a8b-d39b-4ef1-9d99-0430a9cbe5b5","method":"GET","url":"/api/me/favorite-genres","ip":"::1","sessionType":"anonymous","userId":null,"role":null}
2026-05-21 20:01:33 [INFO] [request] HTTP request finished {"requestId":"195469a3-fa71-4398-95ef-6d909c3a2676","method":"GET","url":"/api/works","statusCode":304,"durationMs":5,"sessionType":"anonymous","userId":null,"role":null}
2026-05-21 20:01:33 [INFO] [request] HTTP request finished {"requestId":"babb0a8b-d39b-4ef1-9d99-0430a9cbe5b5","method":"GET","url":"/api/me/favorite-genres","statusCode":304,"durationMs":34,"sessionType":"anonymous","userId":"2","role":"moderator"}
2026-05-21 20:01:34 [INFO] [request] HTTP request started {"requestId":"1b8786f7-7a6a-481b-a18d-45daa68d27bc","method":"GET","url":"/api/works/moderation/pending","ip":"::1","sessionType":"anonymous","userId":null,"role":null}
2026-05-21 20:01:34 [INFO] [work.routes] Pending works requested {"requestId":"1b8786f7-7a6a-481b-a18d-45daa68d27bc","moderatorId":"2","count":1}
2026-05-21 20:01:34 [INFO] [request] HTTP request finished {"requestId":"1b8786f7-7a6a-481b-a18d-45daa68d27bc","method":"GET","url":"/api/works/moderation/pending","statusCode":200,"durationMs":6,"sessionType":"anonymous","userId":"2","role":"moderator"}
2026-05-21 20:01:36 [INFO] [request] HTTP request started {"requestId":"267c8875-fb2b-408f-b8e9-49026cee6caf","method":"PATCH","url":"/api/works/1/approve","ip":"::1","sessionType":"anonymous","userId":null,"role":null}
2026-05-21 20:01:36 [INFO] [work.routes] Work approved {"requestId":"267c8875-fb2b-408f-b8e9-49026cee6caf","workId":"1","moderatorId":"2"}
2026-05-21 20:01:36 [INFO] [request] HTTP request finished {"requestId":"267c8875-fb2b-408f-b8e9-49026cee6caf","method":"PATCH","url":"/api/works/1/approve","statusCode":200,"durationMs":5,"sessionType":"anonymous","userId":"2","role":"moderator"}
2026-05-21 20:01:43 [INFO] [request] HTTP request started {"requestId":"33eb194f-0d82-464e-af3f-9f1bd6383290","method":"POST","url":"/api/auth/login","ip":"::1","sessionType":"anonymous","userId":null,"role":null}
2026-05-21 20:01:43 [INFO] [auth.routes] User logged in {"requestId":"33eb194f-0d82-464e-af3f-9f1bd6383290","userId":"3","login":"poto7"}
2026-05-21 20:01:43 [INFO] [request] HTTP request finished {"requestId":"33eb194f-0d82-464e-af3f-9f1bd6383290","method":"POST","url":"/api/auth/login","statusCode":200,"durationMs":61,"sessionType":"anonymous","userId":null,"role":null}
2026-05-21 20:01:43 [INFO] [request] HTTP request started {"requestId":"b8d2bf01-e98b-4828-aafb-3a1d2749fdda","method":"GET","url":"/api/works","ip":"::1","sessionType":"anonymous","userId":null,"role":null}
2026-05-21 20:01:43 [INFO] [work.routes] Published works requested {"requestId":"b8d2bf01-e98b-4828-aafb-3a1d2749fdda"}
2026-05-21 20:01:43 [INFO] [request] HTTP request started {"requestId":"891050ae-d11e-4cfb-8c99-496dac464970","method":"GET","url":"/api/me/favorite-genres","ip":"::1","sessionType":"anonymous","userId":null,"role":null}
2026-05-21 20:01:43 [INFO] [request] HTTP request finished {"requestId":"b8d2bf01-e98b-4828-aafb-3a1d2749fdda","method":"GET","url":"/api/works","statusCode":200,"durationMs":2,"sessionType":"anonymous","userId":null,"role":null}
2026-05-21 20:01:43 [INFO] [request] HTTP request finished {"requestId":"891050ae-d11e-4cfb-8c99-496dac464970","method":"GET","url":"/api/me/favorite-genres","statusCode":304,"durationMs":33,"sessionType":"anonymous","userId":"3","role":"user"}
2026-05-21 20:01:45 [INFO] [request] HTTP request started {"requestId":"088cc717-016e-4588-a618-ebb68ebafd84","method":"GET","url":"/api/works/1","ip":"::1","sessionType":"anonymous","userId":null,"role":null}
2026-05-21 20:01:45 [INFO] [request] HTTP request started {"requestId":"60bf119f-8cc9-422d-b683-88327ac796e0","method":"GET","url":"/api/works/1/comments","ip":"::1","sessionType":"anonymous","userId":null,"role":null}
2026-05-21 20:01:45 [INFO] [request] HTTP request started {"requestId":"4a9fcf75-683e-4775-848b-1a32b66a3a09","method":"GET","url":"/api/me/favorites","ip":"::1","sessionType":"anonymous","userId":null,"role":null}
2026-05-21 20:01:45 [INFO] [request] HTTP request finished {"requestId":"60bf119f-8cc9-422d-b683-88327ac796e0","method":"GET","url":"/api/works/1/comments","statusCode":200,"durationMs":2,"sessionType":"anonymous","userId":null,"role":null}
2026-05-21 20:01:45 [INFO] [request] HTTP request finished {"requestId":"088cc717-016e-4588-a618-ebb68ebafd84","method":"GET","url":"/api/works/1","statusCode":200,"durationMs":7,"sessionType":"anonymous","userId":null,"role":null}
2026-05-21 20:01:45 [INFO] [request] HTTP request started {"requestId":"65b6c751-7145-4247-868e-129d022def46","method":"GET","url":"/api/me/reading-progress","ip":"::1","sessionType":"anonymous","userId":null,"role":null}
2026-05-21 20:01:45 [INFO] [request] HTTP request started {"requestId":"7a66c7b9-1e25-4d1c-b4ab-f20c685d6dae","method":"PUT","url":"/api/me/reading-progress/1","ip":"::1","sessionType":"anonymous","userId":null,"role":null}
2026-05-21 20:01:45 [INFO] [request] HTTP request finished {"requestId":"65b6c751-7145-4247-868e-129d022def46","method":"GET","url":"/api/me/reading-progress","statusCode":304,"durationMs":3,"sessionType":"anonymous","userId":"3","role":"user"}
2026-05-21 20:01:45 [INFO] [userActivity.routes] Reading progress saved {"requestId":"7a66c7b9-1e25-4d1c-b4ab-f20c685d6dae","userId":"3","workId":"1","currentPage":0}
2026-05-21 20:01:45 [INFO] [request] HTTP request finished {"requestId":"7a66c7b9-1e25-4d1c-b4ab-f20c685d6dae","method":"PUT","url":"/api/me/reading-progress/1","statusCode":200,"durationMs":3,"sessionType":"anonymous","userId":"3","role":"user"}
2026-05-21 20:01:45 [INFO] [request] HTTP request finished {"requestId":"4a9fcf75-683e-4775-848b-1a32b66a3a09","method":"GET","url":"/api/me/favorites","statusCode":304,"durationMs":39,"sessionType":"anonymous","userId":"3","role":"user"}
2026-05-21 20:01:47 [INFO] [request] HTTP request started {"requestId":"c7ba200b-7ee9-4f71-8de7-bf9750c7147d","method":"POST","url":"/api/me/favorites/1","ip":"::1","sessionType":"anonymous","userId":null,"role":null}
2026-05-21 20:01:47 [INFO] [userActivity.routes] Favorite work toggled {"requestId":"c7ba200b-7ee9-4f71-8de7-bf9750c7147d","userId":"3","workId":"1","isFavorite":true}
2026-05-21 20:01:47 [INFO] [request] HTTP request finished {"requestId":"c7ba200b-7ee9-4f71-8de7-bf9750c7147d","method":"POST","url":"/api/me/favorites/1","statusCode":200,"durationMs":7,"sessionType":"anonymous","userId":"3","role":"user"}
2026-05-21 20:01:49 [INFO] [request] HTTP request started {"requestId":"26188c3a-73da-4cb1-8e97-0a522dba3b07","method":"PUT","url":"/api/me/reading-progress/1","ip":"::1","sessionType":"anonymous","userId":null,"role":null}
2026-05-21 20:01:49 [INFO] [userActivity.routes] Reading progress saved {"requestId":"26188c3a-73da-4cb1-8e97-0a522dba3b07","userId":"3","workId":"1","currentPage":1}
2026-05-21 20:01:49 [INFO] [request] HTTP request finished {"requestId":"26188c3a-73da-4cb1-8e97-0a522dba3b07","method":"PUT","url":"/api/me/reading-progress/1","statusCode":200,"durationMs":4,"sessionType":"anonymous","userId":"3","role":"user"}
2026-05-21 20:01:51 [INFO] [request] HTTP request started {"requestId":"fdddc129-75fb-442a-864e-b2b94390aff6","method":"POST","url":"/api/works/1/comments","ip":"::1","sessionType":"anonymous","userId":null,"role":null}
2026-05-21 20:01:51 [INFO] [work.routes] Comment created {"requestId":"fdddc129-75fb-442a-864e-b2b94390aff6","workId":"1","commentId":"1","userId":"3"}
2026-05-21 20:01:51 [INFO] [request] HTTP request finished {"requestId":"fdddc129-75fb-442a-864e-b2b94390aff6","method":"POST","url":"/api/works/1/comments","statusCode":201,"durationMs":5,"sessionType":"anonymous","userId":"3","role":"user"}
2026-05-21 20:01:52 [INFO] [request] HTTP request started {"requestId":"164d0ef4-e3c0-4356-8db6-44504c9ecba3","method":"POST","url":"/api/comments/1/like","ip":"::1","sessionType":"anonymous","userId":null,"role":null}
2026-05-21 20:01:52 [INFO] [comment.routes] Comment like toggled {"requestId":"164d0ef4-e3c0-4356-8db6-44504c9ecba3","commentId":"1","userId":"3"}
2026-05-21 20:01:52 [INFO] [request] HTTP request finished {"requestId":"164d0ef4-e3c0-4356-8db6-44504c9ecba3","method":"POST","url":"/api/comments/1/like","statusCode":200,"durationMs":6,"sessionType":"anonymous","userId":"3","role":"user"}
2026-05-21 20:01:54 [INFO] [request] HTTP request started {"requestId":"4513abf3-c1ce-4ce9-8daa-1ffbfecd5c52","method":"GET","url":"/api/works","ip":"::1","sessionType":"anonymous","userId":null,"role":null}
2026-05-21 20:01:54 [INFO] [work.routes] Published works requested {"requestId":"4513abf3-c1ce-4ce9-8daa-1ffbfecd5c52"}
2026-05-21 20:01:54 [INFO] [request] HTTP request started {"requestId":"22e5d718-483c-453a-84dd-c24d1b54e8cb","method":"GET","url":"/api/works/my","ip":"::1","sessionType":"anonymous","userId":null,"role":null}
2026-05-21 20:01:54 [INFO] [request] HTTP request started {"requestId":"4cf59a27-2776-421f-a0b6-63983900318f","method":"GET","url":"/api/comments/my","ip":"::1","sessionType":"anonymous","userId":null,"role":null}
2026-05-21 20:01:54 [INFO] [request] HTTP request started {"requestId":"9a3bf015-d2b4-4171-b922-70e25d8690f4","method":"GET","url":"/api/me/favorites","ip":"::1","sessionType":"anonymous","userId":null,"role":null}
2026-05-21 20:01:54 [INFO] [request] HTTP request started {"requestId":"f9fd2904-c26f-4710-ab7c-c3055b354922","method":"GET","url":"/api/me/reading-progress","ip":"::1","sessionType":"anonymous","userId":null,"role":null}
2026-05-21 20:01:54 [INFO] [request] HTTP request started {"requestId":"68b7f866-5625-4154-9a01-30782c717cbe","method":"GET","url":"/api/me/favorite-genres","ip":"::1","sessionType":"anonymous","userId":null,"role":null}
2026-05-21 20:01:54 [INFO] [work.routes] Current user works requested {"requestId":"22e5d718-483c-453a-84dd-c24d1b54e8cb","authorId":"3","count":1}
2026-05-21 20:01:54 [INFO] [request] HTTP request finished {"requestId":"22e5d718-483c-453a-84dd-c24d1b54e8cb","method":"GET","url":"/api/works/my","statusCode":200,"durationMs":3,"sessionType":"anonymous","userId":"3","role":"user"}
2026-05-21 20:01:54 [INFO] [request] HTTP request finished {"requestId":"4513abf3-c1ce-4ce9-8daa-1ffbfecd5c52","method":"GET","url":"/api/works","statusCode":200,"durationMs":5,"sessionType":"anonymous","userId":null,"role":null}
2026-05-21 20:01:54 [INFO] [comment.routes] Current user comments requested {"requestId":"4cf59a27-2776-421f-a0b6-63983900318f","userId":"3","count":1}
2026-05-21 20:01:54 [INFO] [request] HTTP request finished {"requestId":"4cf59a27-2776-421f-a0b6-63983900318f","method":"GET","url":"/api/comments/my","statusCode":200,"durationMs":3,"sessionType":"anonymous","userId":"3","role":"user"}
2026-05-21 20:01:54 [INFO] [request] HTTP request finished {"requestId":"9a3bf015-d2b4-4171-b922-70e25d8690f4","method":"GET","url":"/api/me/favorites","statusCode":200,"durationMs":39,"sessionType":"anonymous","userId":"3","role":"user"}
2026-05-21 20:01:54 [INFO] [request] HTTP request finished {"requestId":"f9fd2904-c26f-4710-ab7c-c3055b354922","method":"GET","url":"/api/me/reading-progress","statusCode":200,"durationMs":42,"sessionType":"anonymous","userId":"3","role":"user"}
2026-05-21 20:01:54 [INFO] [request] HTTP request finished {"requestId":"68b7f866-5625-4154-9a01-30782c717cbe","method":"GET","url":"/api/me/favorite-genres","statusCode":304,"durationMs":42,"sessionType":"anonymous","userId":"3","role":"user"}
2026-05-21 20:01:56 [INFO] [request] HTTP request started {"requestId":"8064dc2e-0c66-477d-a3e9-bb540919f552","method":"GET","url":"/api/works/1/comments","ip":"::1","sessionType":"anonymous","userId":null,"role":null}
2026-05-21 20:01:56 [INFO] [request] HTTP request started {"requestId":"6fcb0a14-b84a-4993-88e6-92ca7ee610e7","method":"GET","url":"/api/me/favorites","ip":"::1","sessionType":"anonymous","userId":null,"role":null}
2026-05-21 20:01:56 [INFO] [request] HTTP request started {"requestId":"80ac89e1-ecad-411c-91cd-6b456b9d39ea","method":"GET","url":"/api/works/1","ip":"::1","sessionType":"anonymous","userId":null,"role":null}
2026-05-21 20:01:56 [INFO] [request] HTTP request finished {"requestId":"6fcb0a14-b84a-4993-88e6-92ca7ee610e7","method":"GET","url":"/api/me/favorites","statusCode":304,"durationMs":2,"sessionType":"anonymous","userId":"3","role":"user"}
2026-05-21 20:01:56 [INFO] [request] HTTP request finished {"requestId":"8064dc2e-0c66-477d-a3e9-bb540919f552","method":"GET","url":"/api/works/1/comments","statusCode":200,"durationMs":5,"sessionType":"anonymous","userId":null,"role":null}
2026-05-21 20:01:56 [INFO] [request] HTTP request finished {"requestId":"80ac89e1-ecad-411c-91cd-6b456b9d39ea","method":"GET","url":"/api/works/1","statusCode":200,"durationMs":6,"sessionType":"anonymous","userId":null,"role":null}
2026-05-21 20:01:56 [INFO] [request] HTTP request started {"requestId":"9cdb8d8f-4d3a-4e77-98a1-28f6dbeccc89","method":"GET","url":"/api/me/reading-progress","ip":"::1","sessionType":"anonymous","userId":null,"role":null}
2026-05-21 20:01:56 [INFO] [request] HTTP request started {"requestId":"21af7a87-5722-4716-9b76-0c5d0b98166e","method":"PUT","url":"/api/me/reading-progress/1","ip":"::1","sessionType":"anonymous","userId":null,"role":null}
2026-05-21 20:01:56 [INFO] [request] HTTP request finished {"requestId":"9cdb8d8f-4d3a-4e77-98a1-28f6dbeccc89","method":"GET","url":"/api/me/reading-progress","statusCode":304,"durationMs":4,"sessionType":"anonymous","userId":"3","role":"user"}
2026-05-21 20:01:56 [INFO] [userActivity.routes] Reading progress saved {"requestId":"21af7a87-5722-4716-9b76-0c5d0b98166e","userId":"3","workId":"1","currentPage":0}
2026-05-21 20:01:56 [INFO] [request] HTTP request finished {"requestId":"21af7a87-5722-4716-9b76-0c5d0b98166e","method":"PUT","url":"/api/me/reading-progress/1","statusCode":200,"durationMs":2,"sessionType":"anonymous","userId":"3","role":"user"}
2026-05-21 20:01:56 [INFO] [request] HTTP request started {"requestId":"3fe5d24c-9cb4-428b-8dd3-c874d5ff6bad","method":"PUT","url":"/api/me/reading-progress/1","ip":"::1","sessionType":"anonymous","userId":null,"role":null}
2026-05-21 20:01:56 [INFO] [userActivity.routes] Reading progress saved {"requestId":"3fe5d24c-9cb4-428b-8dd3-c874d5ff6bad","userId":"3","workId":"1","currentPage":1}
2026-05-21 20:01:56 [INFO] [request] HTTP request finished {"requestId":"3fe5d24c-9cb4-428b-8dd3-c874d5ff6bad","method":"PUT","url":"/api/me/reading-progress/1","statusCode":200,"durationMs":1,"sessionType":"anonymous","userId":"3","role":"user"}
2026-05-21 20:01:58 [INFO] [request] HTTP request started {"requestId":"3e33503e-2be2-43a8-87e8-076429efb41b","method":"GET","url":"/api/works","ip":"::1","sessionType":"anonymous","userId":null,"role":null}
2026-05-21 20:01:58 [INFO] [work.routes] Published works requested {"requestId":"3e33503e-2be2-43a8-87e8-076429efb41b"}
2026-05-21 20:01:58 [INFO] [request] HTTP request started {"requestId":"5f773926-c8c7-452e-b47c-13b21a034279","method":"GET","url":"/api/works/my","ip":"::1","sessionType":"anonymous","userId":null,"role":null}
2026-05-21 20:01:58 [INFO] [request] HTTP request started {"requestId":"aeeed706-887c-4922-9004-2f522bd4e5a7","method":"GET","url":"/api/comments/my","ip":"::1","sessionType":"anonymous","userId":null,"role":null}
2026-05-21 20:01:58 [INFO] [request] HTTP request started {"requestId":"3ee404c7-7181-40cb-90b3-d58fe382c8e9","method":"GET","url":"/api/me/favorites","ip":"::1","sessionType":"anonymous","userId":null,"role":null}
2026-05-21 20:01:58 [INFO] [request] HTTP request started {"requestId":"b1190440-ae20-4c59-8e65-7f699298b5a8","method":"GET","url":"/api/me/reading-progress","ip":"::1","sessionType":"anonymous","userId":null,"role":null}
2026-05-21 20:01:58 [INFO] [request] HTTP request started {"requestId":"3771bc9b-650b-49c3-aa00-94c89c6172b1","method":"GET","url":"/api/me/favorite-genres","ip":"::1","sessionType":"anonymous","userId":null,"role":null}
2026-05-21 20:01:58 [INFO] [work.routes] Current user works requested {"requestId":"5f773926-c8c7-452e-b47c-13b21a034279","authorId":"3","count":1}
2026-05-21 20:01:58 [INFO] [request] HTTP request finished {"requestId":"5f773926-c8c7-452e-b47c-13b21a034279","method":"GET","url":"/api/works/my","statusCode":304,"durationMs":3,"sessionType":"anonymous","userId":"3","role":"user"}
2026-05-21 20:01:58 [INFO] [request] HTTP request finished {"requestId":"3771bc9b-650b-49c3-aa00-94c89c6172b1","method":"GET","url":"/api/me/favorite-genres","statusCode":304,"durationMs":1,"sessionType":"anonymous","userId":"3","role":"user"}
2026-05-21 20:01:58 [INFO] [request] HTTP request finished {"requestId":"3e33503e-2be2-43a8-87e8-076429efb41b","method":"GET","url":"/api/works","statusCode":304,"durationMs":5,"sessionType":"anonymous","userId":null,"role":null}
2026-05-21 20:01:58 [INFO] [request] HTTP request finished {"requestId":"3ee404c7-7181-40cb-90b3-d58fe382c8e9","method":"GET","url":"/api/me/favorites","statusCode":304,"durationMs":3,"sessionType":"anonymous","userId":"3","role":"user"}
2026-05-21 20:01:58 [INFO] [request] HTTP request finished {"requestId":"b1190440-ae20-4c59-8e65-7f699298b5a8","method":"GET","url":"/api/me/reading-progress","statusCode":200,"durationMs":4,"sessionType":"anonymous","userId":"3","role":"user"}
2026-05-21 20:01:58 [INFO] [comment.routes] Current user comments requested {"requestId":"aeeed706-887c-4922-9004-2f522bd4e5a7","userId":"3","count":1}
2026-05-21 20:01:58 [INFO] [request] HTTP request finished {"requestId":"aeeed706-887c-4922-9004-2f522bd4e5a7","method":"GET","url":"/api/comments/my","statusCode":304,"durationMs":6,"sessionType":"anonymous","userId":"3","role":"user"}
2026-05-21 20:02:55 [INFO] [request] HTTP request started {"requestId":"143ac2f2-1c1e-470f-b9a6-74e344c4dd69","method":"PUT","url":"/api/me/favorite-genres","ip":"::1","sessionType":"anonymous","userId":null,"role":null}
2026-05-21 20:02:55 [INFO] [userActivity.routes] Favorite genres saved {"requestId":"143ac2f2-1c1e-470f-b9a6-74e344c4dd69","userId":"3","genresCount":1}
2026-05-21 20:02:55 [INFO] [request] HTTP request finished {"requestId":"143ac2f2-1c1e-470f-b9a6-74e344c4dd69","method":"PUT","url":"/api/me/favorite-genres","statusCode":200,"durationMs":33,"sessionType":"anonymous","userId":"3","role":"user"}
2026-05-21 20:03:00 [INFO] [request] HTTP request started {"requestId":"aa6cfe28-cca8-4373-9acc-805f908a284b","method":"PUT","url":"/api/me/favorite-genres","ip":"::1","sessionType":"anonymous","userId":null,"role":null}
2026-05-21 20:03:00 [INFO] [userActivity.routes] Favorite genres saved {"requestId":"aa6cfe28-cca8-4373-9acc-805f908a284b","userId":"3","genresCount":0}
2026-05-21 20:03:00 [INFO] [request] HTTP request finished {"requestId":"aa6cfe28-cca8-4373-9acc-805f908a284b","method":"PUT","url":"/api/me/favorite-genres","statusCode":200,"durationMs":3,"sessionType":"anonymous","userId":"3","role":"user"}
2026-05-21 22:26:37 [INFO] [server] Shutdown signal received {"signal":"SIGINT"}
2026-05-21 22:26:39 [INFO] [server] API running on http://localhost:4000 {"env":"development"}
2026-05-21 22:26:48 [INFO] [request] HTTP request started {"requestId":"e4956b40-be1c-4607-956e-9467596a4815","method":"GET","url":"/api/me/favorite-genres","ip":"::1","sessionType":"anonymous","userId":null,"role":null}
2026-05-21 22:26:48 [INFO] [request] HTTP request started {"requestId":"d84788fd-cd21-40e9-8078-a41b2965f06a","method":"GET","url":"/api/works","ip":"::1","sessionType":"anonymous","userId":null,"role":null}
2026-05-21 22:26:48 [INFO] [work.routes] Published works requested {"requestId":"d84788fd-cd21-40e9-8078-a41b2965f06a"}
2026-05-21 22:26:48 [INFO] [request] HTTP request finished {"requestId":"e4956b40-be1c-4607-956e-9467596a4815","method":"GET","url":"/api/me/favorite-genres","statusCode":200,"durationMs":77,"sessionType":"anonymous","userId":"3","role":"user"}
2026-05-21 22:26:48 [INFO] [request] HTTP request finished {"requestId":"d84788fd-cd21-40e9-8078-a41b2965f06a","method":"GET","url":"/api/works","statusCode":304,"durationMs":69,"sessionType":"anonymous","userId":null,"role":null}
2026-05-21 22:27:00 [INFO] [request] HTTP request started {"requestId":"a3ae589a-a9cd-4cfe-889a-0e9a0e0058e6","method":"POST","url":"/api/auth/login","ip":"::1","sessionType":"anonymous","userId":null,"role":null}
2026-05-21 22:27:00 [INFO] [auth.routes] User logged in {"requestId":"a3ae589a-a9cd-4cfe-889a-0e9a0e0058e6","userId":"3","login":"poto7"}
2026-05-21 22:27:00 [INFO] [request] HTTP request finished {"requestId":"a3ae589a-a9cd-4cfe-889a-0e9a0e0058e6","method":"POST","url":"/api/auth/login","statusCode":200,"durationMs":92,"sessionType":"anonymous","userId":null,"role":null}
2026-05-21 22:27:00 [INFO] [request] HTTP request started {"requestId":"ee3e369a-e791-455e-b08c-2a40c6ee427d","method":"GET","url":"/api/works","ip":"::1","sessionType":"anonymous","userId":null,"role":null}
2026-05-21 22:27:00 [INFO] [work.routes] Published works requested {"requestId":"ee3e369a-e791-455e-b08c-2a40c6ee427d"}
2026-05-21 22:27:00 [INFO] [request] HTTP request started {"requestId":"2abaa8fa-6150-4db3-9776-efd3ab4b8c06","method":"GET","url":"/api/me/favorite-genres","ip":"::1","sessionType":"anonymous","userId":null,"role":null}
2026-05-21 22:27:00 [INFO] [request] HTTP request finished {"requestId":"ee3e369a-e791-455e-b08c-2a40c6ee427d","method":"GET","url":"/api/works","statusCode":304,"durationMs":6,"sessionType":"anonymous","userId":null,"role":null}
2026-05-21 22:27:00 [INFO] [request] HTTP request finished {"requestId":"2abaa8fa-6150-4db3-9776-efd3ab4b8c06","method":"GET","url":"/api/me/favorite-genres","statusCode":304,"durationMs":31,"sessionType":"anonymous","userId":"3","role":"user"}
2026-05-21 22:27:22 [INFO] [request] HTTP request started {"requestId":"b86ec3d9-21ab-4e4d-b794-049de87af2cf","method":"POST","url":"/api/auth/login","ip":"::1","sessionType":"anonymous","userId":null,"role":null}
2026-05-21 22:27:22 [INFO] [auth.routes] User logged in {"requestId":"b86ec3d9-21ab-4e4d-b794-049de87af2cf","userId":"2","login":"moderator1"}
2026-05-21 22:27:22 [INFO] [request] HTTP request finished {"requestId":"b86ec3d9-21ab-4e4d-b794-049de87af2cf","method":"POST","url":"/api/auth/login","statusCode":200,"durationMs":197,"sessionType":"anonymous","userId":null,"role":null}
2026-05-21 22:27:22 [INFO] [request] HTTP request started {"requestId":"bf3fc1db-5b2c-48ca-aca3-1cdc13610ad1","method":"GET","url":"/api/works","ip":"::1","sessionType":"anonymous","userId":null,"role":null}
2026-05-21 22:27:22 [INFO] [work.routes] Published works requested {"requestId":"bf3fc1db-5b2c-48ca-aca3-1cdc13610ad1"}
2026-05-21 22:27:22 [INFO] [request] HTTP request started {"requestId":"75e7d7db-5cbe-4d13-bdcc-96e0e101b15c","method":"GET","url":"/api/me/favorite-genres","ip":"::1","sessionType":"anonymous","userId":null,"role":null}
2026-05-21 22:27:22 [INFO] [request] HTTP request finished {"requestId":"bf3fc1db-5b2c-48ca-aca3-1cdc13610ad1","method":"GET","url":"/api/works","statusCode":304,"durationMs":5,"sessionType":"anonymous","userId":null,"role":null}
2026-05-21 22:27:22 [INFO] [request] HTTP request finished {"requestId":"75e7d7db-5cbe-4d13-bdcc-96e0e101b15c","method":"GET","url":"/api/me/favorite-genres","statusCode":304,"durationMs":143,"sessionType":"anonymous","userId":"2","role":"moderator"}
2026-05-21 22:27:24 [INFO] [request] HTTP request started {"requestId":"97db4f25-e32a-4a7e-ad05-7b90d3da740e","method":"GET","url":"/api/works/moderation/pending","ip":"::1","sessionType":"anonymous","userId":null,"role":null}
2026-05-21 22:27:24 [INFO] [work.routes] Pending works requested {"requestId":"97db4f25-e32a-4a7e-ad05-7b90d3da740e","moderatorId":"2","count":0}
2026-05-21 22:27:24 [INFO] [request] HTTP request finished {"requestId":"97db4f25-e32a-4a7e-ad05-7b90d3da740e","method":"GET","url":"/api/works/moderation/pending","statusCode":200,"durationMs":5,"sessionType":"anonymous","userId":"2","role":"moderator"}
2026-05-21 22:27:25 [INFO] [request] HTTP request started {"requestId":"6e382875-f72c-404c-bbb4-13eefa58c21c","method":"GET","url":"/api/works","ip":"::1","sessionType":"anonymous","userId":null,"role":null}
2026-05-21 22:27:25 [INFO] [work.routes] Published works requested {"requestId":"6e382875-f72c-404c-bbb4-13eefa58c21c"}
2026-05-21 22:27:25 [INFO] [request] HTTP request started {"requestId":"7076caae-5acb-4603-9d89-fd59b140d6de","method":"GET","url":"/api/me/favorite-genres","ip":"::1","sessionType":"anonymous","userId":null,"role":null}
2026-05-21 22:27:25 [INFO] [request] HTTP request finished {"requestId":"6e382875-f72c-404c-bbb4-13eefa58c21c","method":"GET","url":"/api/works","statusCode":304,"durationMs":2,"sessionType":"anonymous","userId":null,"role":null}
2026-05-21 22:27:25 [INFO] [request] HTTP request finished {"requestId":"7076caae-5acb-4603-9d89-fd59b140d6de","method":"GET","url":"/api/me/favorite-genres","statusCode":304,"durationMs":3,"sessionType":"anonymous","userId":"2","role":"moderator"}
2026-05-21 22:32:25 [INFO] [request] HTTP request started {"requestId":"aa9c6b1d-621a-4745-9d18-8c4686cf305f","method":"GET","url":"/api/works","ip":"::1","sessionType":"anonymous","userId":null,"role":null}
2026-05-21 22:32:25 [INFO] [work.routes] Published works requested {"requestId":"aa9c6b1d-621a-4745-9d18-8c4686cf305f"}
2026-05-21 22:32:25 [INFO] [request] HTTP request finished {"requestId":"aa9c6b1d-621a-4745-9d18-8c4686cf305f","method":"GET","url":"/api/works","statusCode":304,"durationMs":38,"sessionType":"anonymous","userId":null,"role":null}
2026-05-21 22:32:26 [INFO] [server] Shutdown signal received {"signal":"SIGINT"}
2026-05-21 22:32:27 [INFO] [server] API running on http://localhost:4000 {"env":"development"}
2026-05-21 22:32:39 [INFO] [request] HTTP request started {"requestId":"e7933d76-4e18-4780-a7fe-b86ade79a641","method":"POST","url":"/api/auth/login","ip":"::1","sessionType":"anonymous","userId":null,"role":null}
2026-05-21 22:32:39 [INFO] [auth.routes] User logged in {"requestId":"e7933d76-4e18-4780-a7fe-b86ade79a641","userId":"2","login":"moderator1"}
2026-05-21 22:32:39 [INFO] [request] HTTP request finished {"requestId":"e7933d76-4e18-4780-a7fe-b86ade79a641","method":"POST","url":"/api/auth/login","statusCode":200,"durationMs":106,"sessionType":"anonymous","userId":null,"role":null}
2026-05-21 22:32:39 [INFO] [request] HTTP request started {"requestId":"60f41f20-d5ff-42f8-97b0-60cf0c7f75f9","method":"GET","url":"/api/works","ip":"::1","sessionType":"anonymous","userId":null,"role":null}
2026-05-21 22:32:39 [INFO] [work.routes] Published works requested {"requestId":"60f41f20-d5ff-42f8-97b0-60cf0c7f75f9"}
2026-05-21 22:32:39 [INFO] [request] HTTP request started {"requestId":"8edd0025-3a0f-4f8f-8901-88e5041c4a19","method":"GET","url":"/api/me/favorite-genres","ip":"::1","sessionType":"anonymous","userId":null,"role":null}
2026-05-21 22:32:39 [INFO] [request] HTTP request finished {"requestId":"60f41f20-d5ff-42f8-97b0-60cf0c7f75f9","method":"GET","url":"/api/works","statusCode":304,"durationMs":6,"sessionType":"anonymous","userId":null,"role":null}
2026-05-21 22:32:39 [INFO] [request] HTTP request finished {"requestId":"8edd0025-3a0f-4f8f-8901-88e5041c4a19","method":"GET","url":"/api/me/favorite-genres","statusCode":304,"durationMs":35,"sessionType":"anonymous","userId":"2","role":"moderator"}
2026-05-21 22:32:40 [INFO] [request] HTTP request started {"requestId":"b5eecfa7-8bef-4b2b-b2db-f92c81ddd40c","method":"GET","url":"/api/works/moderation/pending","ip":"::1","sessionType":"anonymous","userId":null,"role":null}
2026-05-21 22:32:40 [INFO] [work.routes] Pending works requested {"requestId":"b5eecfa7-8bef-4b2b-b2db-f92c81ddd40c","moderatorId":"2","count":0}
2026-05-21 22:32:40 [INFO] [request] HTTP request finished {"requestId":"b5eecfa7-8bef-4b2b-b2db-f92c81ddd40c","method":"GET","url":"/api/works/moderation/pending","statusCode":304,"durationMs":5,"sessionType":"anonymous","userId":"2","role":"moderator"}
2026-05-21 22:32:41 [INFO] [request] HTTP request started {"requestId":"943d0b69-3f58-4f88-94f2-73175c938951","method":"GET","url":"/api/works","ip":"::1","sessionType":"anonymous","userId":null,"role":null}
2026-05-21 22:32:41 [INFO] [work.routes] Published works requested {"requestId":"943d0b69-3f58-4f88-94f2-73175c938951"}
2026-05-21 22:32:41 [INFO] [request] HTTP request started {"requestId":"ce517f6b-5223-4d85-a915-0ccc44a86197","method":"GET","url":"/api/me/favorite-genres","ip":"::1","sessionType":"anonymous","userId":null,"role":null}
2026-05-21 22:32:41 [INFO] [request] HTTP request finished {"requestId":"943d0b69-3f58-4f88-94f2-73175c938951","method":"GET","url":"/api/works","statusCode":304,"durationMs":2,"sessionType":"anonymous","userId":null,"role":null}
2026-05-21 22:32:41 [INFO] [request] HTTP request finished {"requestId":"ce517f6b-5223-4d85-a915-0ccc44a86197","method":"GET","url":"/api/me/favorite-genres","statusCode":304,"durationMs":2,"sessionType":"anonymous","userId":"2","role":"moderator"}
