2026-05-15 16:48:07 [INFO] [server] API running on http://localhost:4000 {"env":"development"}
2026-05-15 16:52:17 [INFO] [request] HTTP request started {"requestId":"8362a55b-4557-47d2-bed2-73dd45595d17","method":"POST","url":"/api/auth/login","ip":"::1","sessionType":"anonymous","userId":null,"role":null}
2026-05-15 16:52:17 [INFO] [auth.routes] User login attempt {"requestId":"8362a55b-4557-47d2-bed2-73dd45595d17","loginInput":"poto7"}
2026-05-15 16:52:17 [INFO] [fileDb] Users loaded successfully {"count":3}
2026-05-15 16:52:17 [INFO] [auth.routes] User login successful {"requestId":"8362a55b-4557-47d2-bed2-73dd45595d17","userId":"1765592205256","login":"poto7","email":"dima.medvid.06@gmail.com","role":"moderator"}
2026-05-15 16:52:17 [INFO] [request] HTTP request finished {"requestId":"8362a55b-4557-47d2-bed2-73dd45595d17","method":"POST","url":"/api/auth/login","statusCode":200,"durationMs":63,"sessionType":"anonymous","userId":null,"role":null}
2026-05-15 16:52:35 [INFO] [request] HTTP request started {"requestId":"a3a32615-7406-44c7-a128-be6b60fbc9c4","method":"POST","url":"/api/auth/login","ip":"::1","sessionType":"anonymous","userId":null,"role":null}
2026-05-15 16:52:35 [INFO] [auth.routes] User login attempt {"requestId":"a3a32615-7406-44c7-a128-be6b60fbc9c4","loginInput":"user123"}
2026-05-15 16:52:35 [INFO] [fileDb] Users loaded successfully {"count":3}
2026-05-15 16:52:35 [WARNING] [errorHandler] Handled application error {"errorId":"f4aec521-daba-41c0-bd29-a3e0ea73dc8c","requestId":"a3a32615-7406-44c7-a128-be6b60fbc9c4","method":"POST","url":"/api/auth/login","ip":"::1","userId":null,"role":null,"sessionType":"anonymous","authType":"none","params":{},"query":{},"body":{"login":"user123","password":"[REDACTED]"},"details":{"field":"password","reason":"INVALID_PASSWORD"},"messageKey":"auth.invalidCredentials","errorMessage":"Користувача з такими даними не знайдено або пароль неправильний."}
2026-05-15 16:52:35 [WARNING] [request] HTTP request finished with client error {"requestId":"a3a32615-7406-44c7-a128-be6b60fbc9c4","method":"POST","url":"/api/auth/login","statusCode":401,"durationMs":58,"sessionType":"anonymous","userId":null,"role":null}
2026-05-15 16:52:38 [INFO] [request] HTTP request started {"requestId":"e17dd891-341d-4919-b56f-fa8262ed336b","method":"POST","url":"/api/auth/login","ip":"::1","sessionType":"anonymous","userId":null,"role":null}
2026-05-15 16:52:38 [INFO] [auth.routes] User login attempt {"requestId":"e17dd891-341d-4919-b56f-fa8262ed336b","loginInput":"user123"}
2026-05-15 16:52:38 [INFO] [fileDb] Users loaded successfully {"count":3}
2026-05-15 16:52:38 [WARNING] [errorHandler] Handled application error {"errorId":"4de5f39f-06ae-4570-8824-bcb1bd1b85e1","requestId":"e17dd891-341d-4919-b56f-fa8262ed336b","method":"POST","url":"/api/auth/login","ip":"::1","userId":null,"role":null,"sessionType":"anonymous","authType":"none","params":{},"query":{},"body":{"login":"user123","password":"[REDACTED]"},"details":{"field":"password","reason":"INVALID_PASSWORD"},"messageKey":"auth.invalidCredentials","errorMessage":"Користувача з такими даними не знайдено або пароль неправильний."}
2026-05-15 16:52:38 [WARNING] [request] HTTP request finished with client error {"requestId":"e17dd891-341d-4919-b56f-fa8262ed336b","method":"POST","url":"/api/auth/login","statusCode":401,"durationMs":67,"sessionType":"anonymous","userId":null,"role":null}
2026-05-15 16:52:41 [INFO] [request] HTTP request started {"requestId":"faf8aba2-966e-4b1a-8a3a-da565d777602","method":"POST","url":"/api/auth/login","ip":"::1","sessionType":"anonymous","userId":null,"role":null}
2026-05-15 16:52:41 [INFO] [auth.routes] User login attempt {"requestId":"faf8aba2-966e-4b1a-8a3a-da565d777602","loginInput":"user123"}
2026-05-15 16:52:41 [INFO] [fileDb] Users loaded successfully {"count":3}
2026-05-15 16:52:42 [WARNING] [errorHandler] Handled application error {"errorId":"4a564110-c169-46a9-983b-c6ecbacf3ce9","requestId":"faf8aba2-966e-4b1a-8a3a-da565d777602","method":"POST","url":"/api/auth/login","ip":"::1","userId":null,"role":null,"sessionType":"anonymous","authType":"none","params":{},"query":{},"body":{"login":"user123","password":"[REDACTED]"},"details":{"field":"password","reason":"INVALID_PASSWORD"},"messageKey":"auth.invalidCredentials","errorMessage":"Користувача з такими даними не знайдено або пароль неправильний."}
2026-05-15 16:52:42 [WARNING] [request] HTTP request finished with client error {"requestId":"faf8aba2-966e-4b1a-8a3a-da565d777602","method":"POST","url":"/api/auth/login","statusCode":401,"durationMs":58,"sessionType":"anonymous","userId":null,"role":null}
2026-05-15 16:52:54 [INFO] [request] HTTP request started {"requestId":"f331af8f-acdb-4ee2-9b27-73db6006aec9","method":"POST","url":"/api/auth/login","ip":"::1","sessionType":"anonymous","userId":null,"role":null}
2026-05-15 16:52:54 [INFO] [auth.routes] User login attempt {"requestId":"f331af8f-acdb-4ee2-9b27-73db6006aec9","loginInput":"TEO29"}
2026-05-15 16:52:54 [INFO] [fileDb] Users loaded successfully {"count":3}
2026-05-15 16:52:54 [INFO] [auth.routes] User login successful {"requestId":"f331af8f-acdb-4ee2-9b27-73db6006aec9","userId":"1778087941565","login":"TEO29","email":"dsadasdjhak@gmail.com","role":"user"}
2026-05-15 16:52:54 [INFO] [request] HTTP request finished {"requestId":"f331af8f-acdb-4ee2-9b27-73db6006aec9","method":"POST","url":"/api/auth/login","statusCode":200,"durationMs":57,"sessionType":"anonymous","userId":null,"role":null}
2026-05-15 18:00:23 [INFO] [request] HTTP request started {"requestId":"2729bbf1-9faa-471d-bc82-4f12b3777047","method":"POST","url":"/api/auth/login","ip":"::1","sessionType":"anonymous","userId":null,"role":null}
2026-05-15 18:00:23 [INFO] [auth.routes] User login attempt {"requestId":"2729bbf1-9faa-471d-bc82-4f12b3777047","loginInput":"TEO29"}
2026-05-15 18:00:23 [INFO] [fileDb] Users loaded successfully {"count":3}
2026-05-15 18:00:23 [INFO] [auth.routes] User login successful {"requestId":"2729bbf1-9faa-471d-bc82-4f12b3777047","userId":"1778087941565","login":"TEO29","email":"dsadasdjhak@gmail.com","role":"user"}
2026-05-15 18:00:23 [INFO] [request] HTTP request finished {"requestId":"2729bbf1-9faa-471d-bc82-4f12b3777047","method":"POST","url":"/api/auth/login","statusCode":200,"durationMs":53,"sessionType":"anonymous","userId":null,"role":null}
2026-05-15 18:01:54 [INFO] [request] HTTP request started {"requestId":"a02ca390-7707-4d69-98ed-83b0bb4e5ba0","method":"POST","url":"/api/auth/login","ip":"::1","sessionType":"anonymous","userId":null,"role":null}
2026-05-15 18:01:54 [INFO] [auth.routes] User login attempt {"requestId":"a02ca390-7707-4d69-98ed-83b0bb4e5ba0","loginInput":"poto7"}
2026-05-15 18:01:54 [INFO] [fileDb] Users loaded successfully {"count":3}
2026-05-15 18:01:54 [INFO] [auth.routes] User login successful {"requestId":"a02ca390-7707-4d69-98ed-83b0bb4e5ba0","userId":"1765592205256","login":"poto7","email":"dima.medvid.06@gmail.com","role":"moderator"}
2026-05-15 18:01:54 [INFO] [request] HTTP request finished {"requestId":"a02ca390-7707-4d69-98ed-83b0bb4e5ba0","method":"POST","url":"/api/auth/login","statusCode":200,"durationMs":53,"sessionType":"anonymous","userId":null,"role":null}
2026-05-15 18:02:15 [INFO] [request] HTTP request started {"requestId":"bd636378-7363-43b4-b54f-d5da4072b274","method":"POST","url":"/api/auth/login","ip":"::1","sessionType":"anonymous","userId":null,"role":null}
2026-05-15 18:02:15 [INFO] [auth.routes] User login attempt {"requestId":"bd636378-7363-43b4-b54f-d5da4072b274","loginInput":"TEO29"}
2026-05-15 18:02:15 [INFO] [fileDb] Users loaded successfully {"count":3}
2026-05-15 18:02:15 [INFO] [auth.routes] User login successful {"requestId":"bd636378-7363-43b4-b54f-d5da4072b274","userId":"1778087941565","login":"TEO29","email":"dsadasdjhak@gmail.com","role":"user"}
2026-05-15 18:02:15 [INFO] [request] HTTP request finished {"requestId":"bd636378-7363-43b4-b54f-d5da4072b274","method":"POST","url":"/api/auth/login","statusCode":200,"durationMs":57,"sessionType":"anonymous","userId":null,"role":null}
2026-05-15 18:02:33 [INFO] [request] HTTP request started {"requestId":"61173392-4814-4431-beb1-036fb34a696b","method":"POST","url":"/api/auth/login","ip":"::1","sessionType":"anonymous","userId":null,"role":null}
2026-05-15 18:02:33 [INFO] [auth.routes] User login attempt {"requestId":"61173392-4814-4431-beb1-036fb34a696b","loginInput":"TEO29"}
2026-05-15 18:02:33 [INFO] [fileDb] Users loaded successfully {"count":3}
2026-05-15 18:02:33 [INFO] [auth.routes] User login successful {"requestId":"61173392-4814-4431-beb1-036fb34a696b","userId":"1778087941565","login":"TEO29","email":"dsadasdjhak@gmail.com","role":"user"}
2026-05-15 18:02:33 [INFO] [request] HTTP request finished {"requestId":"61173392-4814-4431-beb1-036fb34a696b","method":"POST","url":"/api/auth/login","statusCode":200,"durationMs":57,"sessionType":"anonymous","userId":null,"role":null}
2026-05-15 19:18:37 [INFO] [request] HTTP request started {"requestId":"fbfb7e67-2a2e-4ebe-9f86-f0ede3bb96bd","method":"POST","url":"/api/auth/login","ip":"::1","sessionType":"anonymous","userId":null,"role":null}
2026-05-15 19:18:37 [INFO] [auth.routes] User login attempt {"requestId":"fbfb7e67-2a2e-4ebe-9f86-f0ede3bb96bd","loginInput":"poto7"}
2026-05-15 19:18:37 [INFO] [fileDb] Users loaded successfully {"count":3}
2026-05-15 19:18:37 [INFO] [auth.routes] User login successful {"requestId":"fbfb7e67-2a2e-4ebe-9f86-f0ede3bb96bd","userId":"1765592205256","login":"poto7","email":"dima.medvid.06@gmail.com","role":"moderator"}
2026-05-15 19:18:37 [INFO] [request] HTTP request finished {"requestId":"fbfb7e67-2a2e-4ebe-9f86-f0ede3bb96bd","method":"POST","url":"/api/auth/login","statusCode":200,"durationMs":60,"sessionType":"anonymous","userId":null,"role":null}
2026-05-15 19:18:49 [INFO] [request] HTTP request started {"requestId":"235dffb4-eb26-49e0-a30a-98cde6350236","method":"POST","url":"/api/auth/login","ip":"::1","sessionType":"anonymous","userId":null,"role":null}
2026-05-15 19:18:49 [INFO] [auth.routes] User login attempt {"requestId":"235dffb4-eb26-49e0-a30a-98cde6350236","loginInput":"TEO29"}
2026-05-15 19:18:49 [INFO] [fileDb] Users loaded successfully {"count":3}
2026-05-15 19:18:49 [INFO] [auth.routes] User login successful {"requestId":"235dffb4-eb26-49e0-a30a-98cde6350236","userId":"1778087941565","login":"TEO29","email":"dsadasdjhak@gmail.com","role":"user"}
2026-05-15 19:18:49 [INFO] [request] HTTP request finished {"requestId":"235dffb4-eb26-49e0-a30a-98cde6350236","method":"POST","url":"/api/auth/login","statusCode":200,"durationMs":58,"sessionType":"anonymous","userId":null,"role":null}
2026-05-15 19:19:08 [INFO] [request] HTTP request started {"requestId":"91b3185d-70d1-481d-8bc5-581c4c07eed1","method":"POST","url":"/api/auth/login","ip":"::1","sessionType":"anonymous","userId":null,"role":null}
2026-05-15 19:19:08 [INFO] [auth.routes] User login attempt {"requestId":"91b3185d-70d1-481d-8bc5-581c4c07eed1","loginInput":"poto7"}
2026-05-15 19:19:08 [INFO] [fileDb] Users loaded successfully {"count":3}
2026-05-15 19:19:08 [INFO] [auth.routes] User login successful {"requestId":"91b3185d-70d1-481d-8bc5-581c4c07eed1","userId":"1765592205256","login":"poto7","email":"dima.medvid.06@gmail.com","role":"moderator"}
2026-05-15 19:19:08 [INFO] [request] HTTP request finished {"requestId":"91b3185d-70d1-481d-8bc5-581c4c07eed1","method":"POST","url":"/api/auth/login","statusCode":200,"durationMs":57,"sessionType":"anonymous","userId":null,"role":null}
2026-05-15 19:19:32 [INFO] [request] HTTP request started {"requestId":"62c32f24-8187-42c5-9183-e4e901703229","method":"POST","url":"/api/auth/login","ip":"::1","sessionType":"anonymous","userId":null,"role":null}
2026-05-15 19:19:32 [INFO] [auth.routes] User login attempt {"requestId":"62c32f24-8187-42c5-9183-e4e901703229","loginInput":"TEO29"}
2026-05-15 19:19:32 [INFO] [fileDb] Users loaded successfully {"count":3}
2026-05-15 19:19:32 [WARNING] [errorHandler] Handled application error {"errorId":"9c79fd68-be86-42ea-a55a-6f4e927f5ab9","requestId":"62c32f24-8187-42c5-9183-e4e901703229","method":"POST","url":"/api/auth/login","ip":"::1","userId":null,"role":null,"sessionType":"anonymous","authType":"none","params":{},"query":{},"body":{"login":"TEO29","password":"[REDACTED]"},"details":{"field":"password","reason":"INVALID_PASSWORD"},"messageKey":"auth.invalidCredentials","errorMessage":"Користувача з такими даними не знайдено або пароль неправильний."}
2026-05-15 19:19:32 [WARNING] [request] HTTP request finished with client error {"requestId":"62c32f24-8187-42c5-9183-e4e901703229","method":"POST","url":"/api/auth/login","statusCode":401,"durationMs":57,"sessionType":"anonymous","userId":null,"role":null}
2026-05-15 19:19:39 [INFO] [request] HTTP request started {"requestId":"df83f717-898a-46c3-9195-d9726f7b9d8f","method":"POST","url":"/api/auth/login","ip":"::1","sessionType":"anonymous","userId":null,"role":null}
2026-05-15 19:19:39 [INFO] [auth.routes] User login attempt {"requestId":"df83f717-898a-46c3-9195-d9726f7b9d8f","loginInput":"TEO29"}
2026-05-15 19:19:39 [INFO] [fileDb] Users loaded successfully {"count":3}
2026-05-15 19:19:39 [INFO] [auth.routes] User login successful {"requestId":"df83f717-898a-46c3-9195-d9726f7b9d8f","userId":"1778087941565","login":"TEO29","email":"dsadasdjhak@gmail.com","role":"user"}
2026-05-15 19:19:39 [INFO] [request] HTTP request finished {"requestId":"df83f717-898a-46c3-9195-d9726f7b9d8f","method":"POST","url":"/api/auth/login","statusCode":200,"durationMs":56,"sessionType":"anonymous","userId":null,"role":null}
