2026-05-26 19:19:34 [INFO] [server] API running on http://localhost:4000 {"env":"development"}
2026-05-26 19:19:42 [INFO] [request] HTTP request started {"requestId":"9db47da4-32d2-42e6-9dcd-ee404487c538","method":"GET","url":"/api/works","ip":"::1","sessionType":"anonymous","userId":null,"role":null}
2026-05-26 19:19:42 [INFO] [work.routes] Published works requested {"requestId":"9db47da4-32d2-42e6-9dcd-ee404487c538"}
2026-05-26 19:19:42 [INFO] [request] HTTP request started {"requestId":"b443303a-0f0a-4571-9236-e7a2a5638cf1","method":"GET","url":"/api/me/favorite-genres","ip":"::1","sessionType":"anonymous","userId":null,"role":null}
2026-05-26 19:19:42 [INFO] [request] HTTP request finished {"requestId":"b443303a-0f0a-4571-9236-e7a2a5638cf1","method":"GET","url":"/api/me/favorite-genres","statusCode":200,"durationMs":120,"sessionType":"anonymous","userId":"2","role":"moderator"}
2026-05-26 19:19:42 [INFO] [request] HTTP request finished {"requestId":"9db47da4-32d2-42e6-9dcd-ee404487c538","method":"GET","url":"/api/works","statusCode":200,"durationMs":132,"sessionType":"anonymous","userId":null,"role":null}
2026-05-26 19:23:24 [INFO] [request] HTTP request started {"requestId":"59cb4f6c-e5d7-4d26-bc1e-3e8395c7cbce","method":"POST","url":"/api/auth/login","ip":"::1","sessionType":"anonymous","userId":null,"role":null}
2026-05-26 19:23:24 [INFO] [auth.routes] User logged in {"requestId":"59cb4f6c-e5d7-4d26-bc1e-3e8395c7cbce","userId":"1","login":"user1"}
2026-05-26 19:23:24 [INFO] [request] HTTP request finished {"requestId":"59cb4f6c-e5d7-4d26-bc1e-3e8395c7cbce","method":"POST","url":"/api/auth/login","statusCode":200,"durationMs":101,"sessionType":"anonymous","userId":null,"role":null}
2026-05-26 19:23:24 [INFO] [request] HTTP request started {"requestId":"794425e8-2bbd-4b17-b0d8-9a9e68914853","method":"GET","url":"/api/works","ip":"::1","sessionType":"anonymous","userId":null,"role":null}
2026-05-26 19:23:24 [INFO] [work.routes] Published works requested {"requestId":"794425e8-2bbd-4b17-b0d8-9a9e68914853"}
2026-05-26 19:23:24 [INFO] [request] HTTP request started {"requestId":"bd96d420-2585-4305-8b37-1eee195f228a","method":"GET","url":"/api/me/favorite-genres","ip":"::1","sessionType":"anonymous","userId":null,"role":null}
2026-05-26 19:23:24 [INFO] [request] HTTP request finished {"requestId":"794425e8-2bbd-4b17-b0d8-9a9e68914853","method":"GET","url":"/api/works","statusCode":304,"durationMs":8,"sessionType":"anonymous","userId":null,"role":null}
2026-05-26 19:23:24 [INFO] [request] HTTP request finished {"requestId":"bd96d420-2585-4305-8b37-1eee195f228a","method":"GET","url":"/api/me/favorite-genres","statusCode":304,"durationMs":41,"sessionType":"anonymous","userId":"1","role":"user"}
2026-05-26 19:23:25 [INFO] [request] HTTP request started {"requestId":"0518083c-3924-4b27-ae61-8d4d399d8592","method":"GET","url":"/api/works","ip":"::1","sessionType":"anonymous","userId":null,"role":null}
2026-05-26 19:23:25 [INFO] [work.routes] Published works requested {"requestId":"0518083c-3924-4b27-ae61-8d4d399d8592"}
2026-05-26 19:23:25 [INFO] [request] HTTP request started {"requestId":"cc11189a-6a33-4f05-b32d-1733976918ee","method":"GET","url":"/api/me/favorite-genres","ip":"::1","sessionType":"anonymous","userId":null,"role":null}
2026-05-26 19:23:26 [INFO] [request] HTTP request started {"requestId":"1a609127-2fc1-4428-b641-ec50df85f00f","method":"GET","url":"/api/works/my","ip":"::1","sessionType":"anonymous","userId":null,"role":null}
2026-05-26 19:23:26 [INFO] [request] HTTP request started {"requestId":"52860ddd-3c62-4a94-86f0-e940c1984581","method":"GET","url":"/api/comments/my","ip":"::1","sessionType":"anonymous","userId":null,"role":null}
2026-05-26 19:23:26 [INFO] [request] HTTP request started {"requestId":"08e0ccca-9ce2-4a4e-9abf-ade138bba98f","method":"GET","url":"/api/me/favorites","ip":"::1","sessionType":"anonymous","userId":null,"role":null}
2026-05-26 19:23:26 [INFO] [request] HTTP request started {"requestId":"c90778af-f118-46fb-9052-3de41e23cf44","method":"GET","url":"/api/me/reading-progress","ip":"::1","sessionType":"anonymous","userId":null,"role":null}
2026-05-26 19:23:26 [INFO] [request] HTTP request finished {"requestId":"cc11189a-6a33-4f05-b32d-1733976918ee","method":"GET","url":"/api/me/favorite-genres","statusCode":304,"durationMs":5,"sessionType":"anonymous","userId":"1","role":"user"}
2026-05-26 19:23:26 [INFO] [request] HTTP request finished {"requestId":"0518083c-3924-4b27-ae61-8d4d399d8592","method":"GET","url":"/api/works","statusCode":304,"durationMs":6,"sessionType":"anonymous","userId":null,"role":null}
2026-05-26 19:23:26 [INFO] [work.routes] Current user works requested {"requestId":"1a609127-2fc1-4428-b641-ec50df85f00f","authorId":"1","count":1}
2026-05-26 19:23:26 [INFO] [request] HTTP request finished {"requestId":"1a609127-2fc1-4428-b641-ec50df85f00f","method":"GET","url":"/api/works/my","statusCode":200,"durationMs":46,"sessionType":"anonymous","userId":"1","role":"user"}
2026-05-26 19:23:26 [INFO] [request] HTTP request finished {"requestId":"08e0ccca-9ce2-4a4e-9abf-ade138bba98f","method":"GET","url":"/api/me/favorites","statusCode":200,"durationMs":52,"sessionType":"anonymous","userId":"1","role":"user"}
2026-05-26 19:23:26 [INFO] [comment.routes] Current user comments requested {"requestId":"52860ddd-3c62-4a94-86f0-e940c1984581","userId":"1","count":0}
2026-05-26 19:23:26 [INFO] [request] HTTP request finished {"requestId":"52860ddd-3c62-4a94-86f0-e940c1984581","method":"GET","url":"/api/comments/my","statusCode":200,"durationMs":56,"sessionType":"anonymous","userId":"1","role":"user"}
2026-05-26 19:23:26 [INFO] [request] HTTP request finished {"requestId":"c90778af-f118-46fb-9052-3de41e23cf44","method":"GET","url":"/api/me/reading-progress","statusCode":200,"durationMs":63,"sessionType":"anonymous","userId":"1","role":"user"}
2026-05-26 19:23:29 [INFO] [request] HTTP request started {"requestId":"2daaf10b-742a-46f4-847e-e418dd9e2c12","method":"DELETE","url":"/api/works/2","ip":"::1","sessionType":"anonymous","userId":null,"role":null}
2026-05-26 19:23:29 [INFO] [work.routes] Work deleted {"requestId":"2daaf10b-742a-46f4-847e-e418dd9e2c12","workId":"2","authorId":"1"}
2026-05-26 19:23:29 [INFO] [request] HTTP request finished {"requestId":"2daaf10b-742a-46f4-847e-e418dd9e2c12","method":"DELETE","url":"/api/works/2","statusCode":200,"durationMs":14,"sessionType":"anonymous","userId":"1","role":"user"}
2026-05-26 19:23:42 [INFO] [request] HTTP request started {"requestId":"f86c1b4b-0378-4d5a-a87b-567363332a9e","method":"POST","url":"/api/auth/login","ip":"::1","sessionType":"anonymous","userId":null,"role":null}
2026-05-26 19:23:42 [INFO] [auth.routes] User logged in {"requestId":"f86c1b4b-0378-4d5a-a87b-567363332a9e","userId":"2","login":"moderator1"}
2026-05-26 19:23:42 [INFO] [request] HTTP request finished {"requestId":"f86c1b4b-0378-4d5a-a87b-567363332a9e","method":"POST","url":"/api/auth/login","statusCode":200,"durationMs":91,"sessionType":"anonymous","userId":null,"role":null}
2026-05-26 19:23:42 [INFO] [request] HTTP request started {"requestId":"88538b3b-f799-4030-8e04-a682bf701e5e","method":"GET","url":"/api/works","ip":"::1","sessionType":"anonymous","userId":null,"role":null}
2026-05-26 19:23:42 [INFO] [work.routes] Published works requested {"requestId":"88538b3b-f799-4030-8e04-a682bf701e5e"}
2026-05-26 19:23:42 [INFO] [request] HTTP request started {"requestId":"460bc83a-0ebf-4746-be85-5d8f4898ac78","method":"GET","url":"/api/me/favorite-genres","ip":"::1","sessionType":"anonymous","userId":null,"role":null}
2026-05-26 19:23:42 [INFO] [request] HTTP request finished {"requestId":"88538b3b-f799-4030-8e04-a682bf701e5e","method":"GET","url":"/api/works","statusCode":200,"durationMs":5,"sessionType":"anonymous","userId":null,"role":null}
2026-05-26 19:23:42 [INFO] [request] HTTP request finished {"requestId":"460bc83a-0ebf-4746-be85-5d8f4898ac78","method":"GET","url":"/api/me/favorite-genres","statusCode":304,"durationMs":39,"sessionType":"anonymous","userId":"2","role":"moderator"}
2026-05-26 19:23:43 [INFO] [request] HTTP request started {"requestId":"f03b69d7-5da4-4198-be9c-6964adede6c9","method":"GET","url":"/api/works","ip":"::1","sessionType":"anonymous","userId":null,"role":null}
2026-05-26 19:23:43 [INFO] [work.routes] Published works requested {"requestId":"f03b69d7-5da4-4198-be9c-6964adede6c9"}
2026-05-26 19:23:43 [INFO] [request] HTTP request started {"requestId":"b116e154-fdc9-4c6d-9b73-033d24b6bab7","method":"GET","url":"/api/me/favorite-genres","ip":"::1","sessionType":"anonymous","userId":null,"role":null}
2026-05-26 19:23:43 [INFO] [request] HTTP request started {"requestId":"f593a7e8-f493-4240-96c5-31cf886f4e2c","method":"GET","url":"/api/works/my","ip":"::1","sessionType":"anonymous","userId":null,"role":null}
2026-05-26 19:23:43 [INFO] [request] HTTP request started {"requestId":"19fa166d-0c6e-4b86-aff5-3e73b00870fd","method":"GET","url":"/api/comments/my","ip":"::1","sessionType":"anonymous","userId":null,"role":null}
2026-05-26 19:23:43 [INFO] [request] HTTP request started {"requestId":"f4db4f6e-31f5-42c6-b942-10e75318974e","method":"GET","url":"/api/me/favorites","ip":"::1","sessionType":"anonymous","userId":null,"role":null}
2026-05-26 19:23:43 [INFO] [request] HTTP request started {"requestId":"553a3f0a-db67-419e-8ecc-3fc3cff0b74f","method":"GET","url":"/api/me/reading-progress","ip":"::1","sessionType":"anonymous","userId":null,"role":null}
2026-05-26 19:23:43 [INFO] [request] HTTP request finished {"requestId":"b116e154-fdc9-4c6d-9b73-033d24b6bab7","method":"GET","url":"/api/me/favorite-genres","statusCode":304,"durationMs":4,"sessionType":"anonymous","userId":"2","role":"moderator"}
2026-05-26 19:23:43 [INFO] [request] HTTP request finished {"requestId":"f03b69d7-5da4-4198-be9c-6964adede6c9","method":"GET","url":"/api/works","statusCode":304,"durationMs":8,"sessionType":"anonymous","userId":null,"role":null}
2026-05-26 19:23:43 [INFO] [work.routes] Current user works requested {"requestId":"f593a7e8-f493-4240-96c5-31cf886f4e2c","authorId":"2","count":1}
2026-05-26 19:23:43 [INFO] [request] HTTP request finished {"requestId":"f593a7e8-f493-4240-96c5-31cf886f4e2c","method":"GET","url":"/api/works/my","statusCode":200,"durationMs":46,"sessionType":"anonymous","userId":"2","role":"moderator"}
2026-05-26 19:23:43 [INFO] [request] HTTP request finished {"requestId":"f4db4f6e-31f5-42c6-b942-10e75318974e","method":"GET","url":"/api/me/favorites","statusCode":200,"durationMs":50,"sessionType":"anonymous","userId":"2","role":"moderator"}
2026-05-26 19:23:43 [INFO] [comment.routes] Current user comments requested {"requestId":"19fa166d-0c6e-4b86-aff5-3e73b00870fd","userId":"2","count":2}
2026-05-26 19:23:43 [INFO] [request] HTTP request finished {"requestId":"19fa166d-0c6e-4b86-aff5-3e73b00870fd","method":"GET","url":"/api/comments/my","statusCode":200,"durationMs":56,"sessionType":"anonymous","userId":"2","role":"moderator"}
2026-05-26 19:23:43 [INFO] [request] HTTP request finished {"requestId":"553a3f0a-db67-419e-8ecc-3fc3cff0b74f","method":"GET","url":"/api/me/reading-progress","statusCode":200,"durationMs":56,"sessionType":"anonymous","userId":"2","role":"moderator"}
2026-05-26 19:23:45 [INFO] [request] HTTP request started {"requestId":"37a92b9e-1892-4c0e-b66b-64d5238e9ace","method":"DELETE","url":"/api/me/reading-progress/5","ip":"::1","sessionType":"anonymous","userId":null,"role":null}
2026-05-26 19:23:45 [INFO] [userActivity.routes] Reading progress deleted {"requestId":"37a92b9e-1892-4c0e-b66b-64d5238e9ace","userId":"2","workId":"5"}
2026-05-26 19:23:45 [INFO] [request] HTTP request finished {"requestId":"37a92b9e-1892-4c0e-b66b-64d5238e9ace","method":"DELETE","url":"/api/me/reading-progress/5","statusCode":200,"durationMs":4,"sessionType":"anonymous","userId":"2","role":"moderator"}
2026-05-26 19:23:46 [INFO] [request] HTTP request started {"requestId":"bbfb29eb-252b-44a3-a69d-340ca6e0bad4","method":"DELETE","url":"/api/me/reading-progress/4","ip":"::1","sessionType":"anonymous","userId":null,"role":null}
2026-05-26 19:23:46 [INFO] [userActivity.routes] Reading progress deleted {"requestId":"bbfb29eb-252b-44a3-a69d-340ca6e0bad4","userId":"2","workId":"4"}
2026-05-26 19:23:46 [INFO] [request] HTTP request finished {"requestId":"bbfb29eb-252b-44a3-a69d-340ca6e0bad4","method":"DELETE","url":"/api/me/reading-progress/4","statusCode":200,"durationMs":1,"sessionType":"anonymous","userId":"2","role":"moderator"}
2026-05-26 19:23:48 [INFO] [request] HTTP request started {"requestId":"24a8c117-aa48-4860-9501-e9844273dd2e","method":"DELETE","url":"/api/me/reading-progress/1","ip":"::1","sessionType":"anonymous","userId":null,"role":null}
2026-05-26 19:23:48 [INFO] [userActivity.routes] Reading progress deleted {"requestId":"24a8c117-aa48-4860-9501-e9844273dd2e","userId":"2","workId":"1"}
2026-05-26 19:23:48 [INFO] [request] HTTP request finished {"requestId":"24a8c117-aa48-4860-9501-e9844273dd2e","method":"DELETE","url":"/api/me/reading-progress/1","statusCode":200,"durationMs":1,"sessionType":"anonymous","userId":"2","role":"moderator"}
2026-05-26 19:23:51 [INFO] [request] HTTP request started {"requestId":"9dd8bc25-29f1-459e-83a2-bc64a913c1e9","method":"DELETE","url":"/api/works/3","ip":"::1","sessionType":"anonymous","userId":null,"role":null}
2026-05-26 19:23:51 [INFO] [work.routes] Work deleted {"requestId":"9dd8bc25-29f1-459e-83a2-bc64a913c1e9","workId":"3","authorId":"2"}
2026-05-26 19:23:51 [INFO] [request] HTTP request finished {"requestId":"9dd8bc25-29f1-459e-83a2-bc64a913c1e9","method":"DELETE","url":"/api/works/3","statusCode":200,"durationMs":6,"sessionType":"anonymous","userId":"2","role":"moderator"}
2026-05-26 19:23:53 [INFO] [request] HTTP request started {"requestId":"aaade9bd-3f96-44fa-9546-80784c46023c","method":"POST","url":"/api/me/favorites/1","ip":"::1","sessionType":"anonymous","userId":null,"role":null}
2026-05-26 19:23:53 [INFO] [userActivity.routes] Favorite work toggled {"requestId":"aaade9bd-3f96-44fa-9546-80784c46023c","userId":"2","workId":"1","isFavorite":false}
2026-05-26 19:23:53 [INFO] [request] HTTP request finished {"requestId":"aaade9bd-3f96-44fa-9546-80784c46023c","method":"POST","url":"/api/me/favorites/1","statusCode":200,"durationMs":2,"sessionType":"anonymous","userId":"2","role":"moderator"}
2026-05-26 19:23:57 [INFO] [request] HTTP request started {"requestId":"f37f88d7-5b8f-4af8-ac2a-0c76787c4ee4","method":"DELETE","url":"/api/comments/3","ip":"::1","sessionType":"anonymous","userId":null,"role":null}
2026-05-26 19:23:57 [INFO] [comment.routes] Comment deleted {"requestId":"f37f88d7-5b8f-4af8-ac2a-0c76787c4ee4","commentId":"3","userId":"2"}
2026-05-26 19:23:57 [INFO] [request] HTTP request finished {"requestId":"f37f88d7-5b8f-4af8-ac2a-0c76787c4ee4","method":"DELETE","url":"/api/comments/3","statusCode":200,"durationMs":4,"sessionType":"anonymous","userId":"2","role":"moderator"}
2026-05-26 19:23:59 [INFO] [request] HTTP request started {"requestId":"892e099e-6c46-4122-928d-f0e626d888be","method":"DELETE","url":"/api/comments/2","ip":"::1","sessionType":"anonymous","userId":null,"role":null}
2026-05-26 19:23:59 [INFO] [comment.routes] Comment deleted {"requestId":"892e099e-6c46-4122-928d-f0e626d888be","commentId":"2","userId":"2"}
2026-05-26 19:23:59 [INFO] [request] HTTP request finished {"requestId":"892e099e-6c46-4122-928d-f0e626d888be","method":"DELETE","url":"/api/comments/2","statusCode":200,"durationMs":2,"sessionType":"anonymous","userId":"2","role":"moderator"}
2026-05-26 19:24:07 [INFO] [request] HTTP request started {"requestId":"440b8d6c-6f72-4514-9606-4659b7fa7ec3","method":"POST","url":"/api/auth/login","ip":"::1","sessionType":"anonymous","userId":null,"role":null}
2026-05-26 19:24:07 [INFO] [auth.routes] User logged in {"requestId":"440b8d6c-6f72-4514-9606-4659b7fa7ec3","userId":"3","login":"poto7"}
2026-05-26 19:24:07 [INFO] [request] HTTP request finished {"requestId":"440b8d6c-6f72-4514-9606-4659b7fa7ec3","method":"POST","url":"/api/auth/login","statusCode":200,"durationMs":67,"sessionType":"anonymous","userId":null,"role":null}
2026-05-26 19:24:07 [INFO] [request] HTTP request started {"requestId":"959dfb54-d12d-4855-99ee-12b4ee6915fa","method":"GET","url":"/api/works","ip":"::1","sessionType":"anonymous","userId":null,"role":null}
2026-05-26 19:24:07 [INFO] [work.routes] Published works requested {"requestId":"959dfb54-d12d-4855-99ee-12b4ee6915fa"}
2026-05-26 19:24:07 [INFO] [request] HTTP request started {"requestId":"615b3b15-4074-4b03-96f1-02032cbd235b","method":"GET","url":"/api/me/favorite-genres","ip":"::1","sessionType":"anonymous","userId":null,"role":null}
2026-05-26 19:24:07 [INFO] [request] HTTP request finished {"requestId":"959dfb54-d12d-4855-99ee-12b4ee6915fa","method":"GET","url":"/api/works","statusCode":200,"durationMs":2,"sessionType":"anonymous","userId":null,"role":null}
2026-05-26 19:24:07 [INFO] [request] HTTP request finished {"requestId":"615b3b15-4074-4b03-96f1-02032cbd235b","method":"GET","url":"/api/me/favorite-genres","statusCode":304,"durationMs":42,"sessionType":"anonymous","userId":"3","role":"user"}
2026-05-26 19:24:08 [INFO] [request] HTTP request started {"requestId":"232bb412-11ab-485b-b3e9-cd7546fd5f56","method":"GET","url":"/api/works","ip":"::1","sessionType":"anonymous","userId":null,"role":null}
2026-05-26 19:24:08 [INFO] [work.routes] Published works requested {"requestId":"232bb412-11ab-485b-b3e9-cd7546fd5f56"}
2026-05-26 19:24:08 [INFO] [request] HTTP request started {"requestId":"f54b9628-7587-4cf7-9536-8bfe9605f65c","method":"GET","url":"/api/me/favorite-genres","ip":"::1","sessionType":"anonymous","userId":null,"role":null}
2026-05-26 19:24:08 [INFO] [request] HTTP request started {"requestId":"535a4c26-eb6a-46d8-b15f-a6da7f7adb2d","method":"GET","url":"/api/works/my","ip":"::1","sessionType":"anonymous","userId":null,"role":null}
2026-05-26 19:24:08 [INFO] [request] HTTP request started {"requestId":"fcadb243-ef2f-40fa-825b-a61340ca1247","method":"GET","url":"/api/comments/my","ip":"::1","sessionType":"anonymous","userId":null,"role":null}
2026-05-26 19:24:08 [INFO] [request] HTTP request started {"requestId":"42de3904-3ec1-44db-b551-c5de964ed1a2","method":"GET","url":"/api/me/favorites","ip":"::1","sessionType":"anonymous","userId":null,"role":null}
2026-05-26 19:24:08 [INFO] [request] HTTP request started {"requestId":"201272dd-18f4-4abd-aa0f-e6aa8ad5fab3","method":"GET","url":"/api/me/reading-progress","ip":"::1","sessionType":"anonymous","userId":null,"role":null}
2026-05-26 19:24:08 [INFO] [request] HTTP request finished {"requestId":"232bb412-11ab-485b-b3e9-cd7546fd5f56","method":"GET","url":"/api/works","statusCode":304,"durationMs":8,"sessionType":"anonymous","userId":null,"role":null}
2026-05-26 19:24:08 [INFO] [request] HTTP request finished {"requestId":"f54b9628-7587-4cf7-9536-8bfe9605f65c","method":"GET","url":"/api/me/favorite-genres","statusCode":304,"durationMs":5,"sessionType":"anonymous","userId":"3","role":"user"}
2026-05-26 19:24:08 [INFO] [work.routes] Current user works requested {"requestId":"535a4c26-eb6a-46d8-b15f-a6da7f7adb2d","authorId":"3","count":2}
2026-05-26 19:24:08 [INFO] [request] HTTP request finished {"requestId":"535a4c26-eb6a-46d8-b15f-a6da7f7adb2d","method":"GET","url":"/api/works/my","statusCode":200,"durationMs":44,"sessionType":"anonymous","userId":"3","role":"user"}
2026-05-26 19:24:08 [INFO] [request] HTTP request finished {"requestId":"42de3904-3ec1-44db-b551-c5de964ed1a2","method":"GET","url":"/api/me/favorites","statusCode":304,"durationMs":51,"sessionType":"anonymous","userId":"3","role":"user"}
2026-05-26 19:24:08 [INFO] [request] HTTP request finished {"requestId":"201272dd-18f4-4abd-aa0f-e6aa8ad5fab3","method":"GET","url":"/api/me/reading-progress","statusCode":200,"durationMs":55,"sessionType":"anonymous","userId":"3","role":"user"}
2026-05-26 19:24:08 [INFO] [comment.routes] Current user comments requested {"requestId":"fcadb243-ef2f-40fa-825b-a61340ca1247","userId":"3","count":1}
2026-05-26 19:24:08 [INFO] [request] HTTP request finished {"requestId":"fcadb243-ef2f-40fa-825b-a61340ca1247","method":"GET","url":"/api/comments/my","statusCode":200,"durationMs":149,"sessionType":"anonymous","userId":"3","role":"user"}
2026-05-26 19:24:12 [INFO] [request] HTTP request started {"requestId":"9458e9be-b205-474b-8e51-e93113ffacea","method":"DELETE","url":"/api/works/5","ip":"::1","sessionType":"anonymous","userId":null,"role":null}
2026-05-26 19:24:12 [INFO] [work.routes] Work deleted {"requestId":"9458e9be-b205-474b-8e51-e93113ffacea","workId":"5","authorId":"3"}
2026-05-26 19:24:12 [INFO] [request] HTTP request finished {"requestId":"9458e9be-b205-474b-8e51-e93113ffacea","method":"DELETE","url":"/api/works/5","statusCode":200,"durationMs":8,"sessionType":"anonymous","userId":"3","role":"user"}
2026-05-26 19:24:14 [INFO] [request] HTTP request started {"requestId":"54d5d58d-690c-4763-9290-a1673ad0d8a8","method":"DELETE","url":"/api/works/1","ip":"::1","sessionType":"anonymous","userId":null,"role":null}
2026-05-26 19:24:14 [INFO] [work.routes] Work deleted {"requestId":"54d5d58d-690c-4763-9290-a1673ad0d8a8","workId":"1","authorId":"3"}
2026-05-26 19:24:14 [INFO] [request] HTTP request finished {"requestId":"54d5d58d-690c-4763-9290-a1673ad0d8a8","method":"DELETE","url":"/api/works/1","statusCode":200,"durationMs":4,"sessionType":"anonymous","userId":"3","role":"user"}
2026-05-26 19:24:16 [INFO] [request] HTTP request started {"requestId":"f9844380-1f5f-4bf9-a70b-b13dcb14d657","method":"DELETE","url":"/api/me/reading-progress/4","ip":"::1","sessionType":"anonymous","userId":null,"role":null}
2026-05-26 19:24:16 [INFO] [userActivity.routes] Reading progress deleted {"requestId":"f9844380-1f5f-4bf9-a70b-b13dcb14d657","userId":"3","workId":"4"}
2026-05-26 19:24:16 [INFO] [request] HTTP request finished {"requestId":"f9844380-1f5f-4bf9-a70b-b13dcb14d657","method":"DELETE","url":"/api/me/reading-progress/4","statusCode":200,"durationMs":4,"sessionType":"anonymous","userId":"3","role":"user"}
2026-05-26 19:24:18 [INFO] [request] HTTP request started {"requestId":"987849e7-ee60-40bc-a8be-760aa16dfdb8","method":"DELETE","url":"/api/comments/1","ip":"::1","sessionType":"anonymous","userId":null,"role":null}
2026-05-26 19:24:18 [WARNING] [errorHandler] Handled application error {"errorId":"48f4fd70-7829-4413-a2e1-33a3a8678125","requestId":"987849e7-ee60-40bc-a8be-760aa16dfdb8","method":"DELETE","url":"/api/comments/1","ip":"::1","userId":"3","role":"user","sessionType":"anonymous","authType":"none","params":{},"query":{},"body":{},"details":{"commentId":"1"},"messageKey":"comments.deleteNotFound","errorMessage":"Коментар не знайдено або ви не маєте прав для його видалення."}
2026-05-26 19:24:18 [WARNING] [request] HTTP request finished with client error {"requestId":"987849e7-ee60-40bc-a8be-760aa16dfdb8","method":"DELETE","url":"/api/comments/1","statusCode":404,"durationMs":2,"sessionType":"anonymous","userId":"3","role":"user"}
2026-05-26 19:24:24 [INFO] [request] HTTP request started {"requestId":"e27f221b-0879-4170-9616-e152b8fd4480","method":"GET","url":"/api/works","ip":"::1","sessionType":"anonymous","userId":null,"role":null}
2026-05-26 19:24:24 [INFO] [work.routes] Published works requested {"requestId":"e27f221b-0879-4170-9616-e152b8fd4480"}
2026-05-26 19:24:24 [INFO] [request] HTTP request started {"requestId":"11ce342a-bad2-4569-bc15-e4f61a06ac19","method":"GET","url":"/api/me/favorite-genres","ip":"::1","sessionType":"anonymous","userId":null,"role":null}
2026-05-26 19:24:24 [INFO] [request] HTTP request finished {"requestId":"e27f221b-0879-4170-9616-e152b8fd4480","method":"GET","url":"/api/works","statusCode":200,"durationMs":2,"sessionType":"anonymous","userId":null,"role":null}
2026-05-26 19:24:25 [INFO] [request] HTTP request finished {"requestId":"11ce342a-bad2-4569-bc15-e4f61a06ac19","method":"GET","url":"/api/me/favorite-genres","statusCode":304,"durationMs":40,"sessionType":"anonymous","userId":"3","role":"user"}
2026-05-26 19:24:26 [INFO] [request] HTTP request started {"requestId":"91162230-fac4-4cc9-a14b-33b296cc4dd2","method":"GET","url":"/api/works","ip":"::1","sessionType":"anonymous","userId":null,"role":null}
2026-05-26 19:24:26 [INFO] [work.routes] Published works requested {"requestId":"91162230-fac4-4cc9-a14b-33b296cc4dd2"}
2026-05-26 19:24:26 [INFO] [request] HTTP request started {"requestId":"ec72361a-95ce-439a-b8b6-1d1a42f58c46","method":"GET","url":"/api/me/favorite-genres","ip":"::1","sessionType":"anonymous","userId":null,"role":null}
2026-05-26 19:24:26 [INFO] [request] HTTP request started {"requestId":"4735c9bd-e144-438d-9ffb-acc393bb6023","method":"GET","url":"/api/works/my","ip":"::1","sessionType":"anonymous","userId":null,"role":null}
2026-05-26 19:24:26 [INFO] [request] HTTP request started {"requestId":"e163f62c-ca03-4f09-ac5e-fc4c1370e7c0","method":"GET","url":"/api/comments/my","ip":"::1","sessionType":"anonymous","userId":null,"role":null}
2026-05-26 19:24:26 [INFO] [request] HTTP request started {"requestId":"ae2d04d0-aa2d-43b1-95fc-dce1c9950949","method":"GET","url":"/api/me/favorites","ip":"::1","sessionType":"anonymous","userId":null,"role":null}
2026-05-26 19:24:26 [INFO] [request] HTTP request started {"requestId":"66d8d283-ca52-425e-baad-7c2e69ad9bf7","method":"GET","url":"/api/me/reading-progress","ip":"::1","sessionType":"anonymous","userId":null,"role":null}
2026-05-26 19:24:26 [INFO] [request] HTTP request finished {"requestId":"ec72361a-95ce-439a-b8b6-1d1a42f58c46","method":"GET","url":"/api/me/favorite-genres","statusCode":304,"durationMs":3,"sessionType":"anonymous","userId":"3","role":"user"}
2026-05-26 19:24:26 [INFO] [request] HTTP request finished {"requestId":"91162230-fac4-4cc9-a14b-33b296cc4dd2","method":"GET","url":"/api/works","statusCode":304,"durationMs":7,"sessionType":"anonymous","userId":null,"role":null}
2026-05-26 19:24:26 [INFO] [work.routes] Current user works requested {"requestId":"4735c9bd-e144-438d-9ffb-acc393bb6023","authorId":"3","count":0}
2026-05-26 19:24:26 [INFO] [request] HTTP request finished {"requestId":"4735c9bd-e144-438d-9ffb-acc393bb6023","method":"GET","url":"/api/works/my","statusCode":200,"durationMs":46,"sessionType":"anonymous","userId":"3","role":"user"}
2026-05-26 19:24:26 [INFO] [comment.routes] Current user comments requested {"requestId":"e163f62c-ca03-4f09-ac5e-fc4c1370e7c0","userId":"3","count":0}
2026-05-26 19:24:26 [INFO] [request] HTTP request finished {"requestId":"e163f62c-ca03-4f09-ac5e-fc4c1370e7c0","method":"GET","url":"/api/comments/my","statusCode":200,"durationMs":49,"sessionType":"anonymous","userId":"3","role":"user"}
2026-05-26 19:24:26 [INFO] [request] HTTP request finished {"requestId":"ae2d04d0-aa2d-43b1-95fc-dce1c9950949","method":"GET","url":"/api/me/favorites","statusCode":200,"durationMs":50,"sessionType":"anonymous","userId":"3","role":"user"}
2026-05-26 19:24:26 [INFO] [request] HTTP request finished {"requestId":"66d8d283-ca52-425e-baad-7c2e69ad9bf7","method":"GET","url":"/api/me/reading-progress","statusCode":200,"durationMs":55,"sessionType":"anonymous","userId":"3","role":"user"}
2026-05-26 19:24:28 [INFO] [request] HTTP request started {"requestId":"814bd8cc-64f8-474e-8b1a-4632260745a2","method":"GET","url":"/api/works","ip":"::1","sessionType":"anonymous","userId":null,"role":null}
2026-05-26 19:24:28 [INFO] [work.routes] Published works requested {"requestId":"814bd8cc-64f8-474e-8b1a-4632260745a2"}
2026-05-26 19:24:28 [INFO] [request] HTTP request started {"requestId":"d033766b-e6cb-4dae-9383-6c573d3a880b","method":"GET","url":"/api/me/favorite-genres","ip":"::1","sessionType":"anonymous","userId":null,"role":null}
2026-05-26 19:24:28 [INFO] [request] HTTP request finished {"requestId":"d033766b-e6cb-4dae-9383-6c573d3a880b","method":"GET","url":"/api/me/favorite-genres","statusCode":304,"durationMs":2,"sessionType":"anonymous","userId":"3","role":"user"}
2026-05-26 19:24:28 [INFO] [request] HTTP request finished {"requestId":"814bd8cc-64f8-474e-8b1a-4632260745a2","method":"GET","url":"/api/works","statusCode":304,"durationMs":4,"sessionType":"anonymous","userId":null,"role":null}
2026-05-26 19:24:29 [INFO] [request] HTTP request started {"requestId":"558201df-4c11-45b9-b483-2f9f8c12e414","method":"GET","url":"/api/works","ip":"::1","sessionType":"anonymous","userId":null,"role":null}
2026-05-26 19:24:29 [INFO] [work.routes] Published works requested {"requestId":"558201df-4c11-45b9-b483-2f9f8c12e414"}
2026-05-26 19:24:29 [INFO] [request] HTTP request started {"requestId":"37bb118c-c3d0-4b51-985b-2bc0b81b8c9b","method":"GET","url":"/api/works/my","ip":"::1","sessionType":"anonymous","userId":null,"role":null}
2026-05-26 19:24:29 [INFO] [request] HTTP request started {"requestId":"1b6542d9-ade4-4ec4-a39d-9226b125863e","method":"GET","url":"/api/comments/my","ip":"::1","sessionType":"anonymous","userId":null,"role":null}
2026-05-26 19:24:29 [INFO] [request] HTTP request started {"requestId":"ce2f62fd-e184-485c-b134-e09e2c1d5c4b","method":"GET","url":"/api/me/favorites","ip":"::1","sessionType":"anonymous","userId":null,"role":null}
2026-05-26 19:24:29 [INFO] [request] HTTP request started {"requestId":"15f896a2-c6c1-4824-96fb-1916359d5378","method":"GET","url":"/api/me/reading-progress","ip":"::1","sessionType":"anonymous","userId":null,"role":null}
2026-05-26 19:24:29 [INFO] [request] HTTP request started {"requestId":"d411f9d4-ba22-4e26-aae1-514e084b5acb","method":"GET","url":"/api/me/favorite-genres","ip":"::1","sessionType":"anonymous","userId":null,"role":null}
2026-05-26 19:24:29 [INFO] [request] HTTP request finished {"requestId":"558201df-4c11-45b9-b483-2f9f8c12e414","method":"GET","url":"/api/works","statusCode":304,"durationMs":4,"sessionType":"anonymous","userId":null,"role":null}
2026-05-26 19:24:29 [INFO] [comment.routes] Current user comments requested {"requestId":"1b6542d9-ade4-4ec4-a39d-9226b125863e","userId":"3","count":0}
2026-05-26 19:24:29 [INFO] [request] HTTP request finished {"requestId":"1b6542d9-ade4-4ec4-a39d-9226b125863e","method":"GET","url":"/api/comments/my","statusCode":304,"durationMs":4,"sessionType":"anonymous","userId":"3","role":"user"}
2026-05-26 19:24:29 [INFO] [request] HTTP request finished {"requestId":"d411f9d4-ba22-4e26-aae1-514e084b5acb","method":"GET","url":"/api/me/favorite-genres","statusCode":304,"durationMs":2,"sessionType":"anonymous","userId":"3","role":"user"}
2026-05-26 19:24:29 [INFO] [request] HTTP request finished {"requestId":"ce2f62fd-e184-485c-b134-e09e2c1d5c4b","method":"GET","url":"/api/me/favorites","statusCode":304,"durationMs":3,"sessionType":"anonymous","userId":"3","role":"user"}
2026-05-26 19:24:29 [INFO] [work.routes] Current user works requested {"requestId":"37bb118c-c3d0-4b51-985b-2bc0b81b8c9b","authorId":"3","count":0}
2026-05-26 19:24:29 [INFO] [request] HTTP request finished {"requestId":"37bb118c-c3d0-4b51-985b-2bc0b81b8c9b","method":"GET","url":"/api/works/my","statusCode":304,"durationMs":5,"sessionType":"anonymous","userId":"3","role":"user"}
2026-05-26 19:24:29 [INFO] [request] HTTP request finished {"requestId":"15f896a2-c6c1-4824-96fb-1916359d5378","method":"GET","url":"/api/me/reading-progress","statusCode":304,"durationMs":5,"sessionType":"anonymous","userId":"3","role":"user"}
2026-05-26 19:41:25 [WARNING] [errorHandler] Handled application error {"errorId":"f2ad0905-98b2-43ab-a9eb-e6e9a506f065","method":"POST","url":"/api/works","ip":"::1","userId":null,"role":null,"sessionType":"anonymous","authType":"none","params":{},"query":{},"body":{},"details":{},"messageKey":"common.internal","errorMessage":"request entity too large"}
2026-05-26 19:45:23 [INFO] [server] Shutdown signal received {"signal":"SIGINT"}
