2026-05-22 18:03:34 [INFO] [server] API running on http://localhost:4000 {"env":"development"}
2026-05-22 18:03:42 [INFO] [request] HTTP request started {"requestId":"afd64152-00de-4291-b00f-fdc5435cccee","method":"GET","url":"/api/works","ip":"::1","sessionType":"anonymous","userId":null,"role":null}
2026-05-22 18:03:42 [INFO] [work.routes] Published works requested {"requestId":"afd64152-00de-4291-b00f-fdc5435cccee"}
2026-05-22 18:03:42 [INFO] [request] HTTP request started {"requestId":"d1d40d38-455f-4249-9c83-4f2358a8df55","method":"GET","url":"/api/me/favorite-genres","ip":"::1","sessionType":"anonymous","userId":null,"role":null}
2026-05-22 18:03:42 [INFO] [request] HTTP request finished {"requestId":"d1d40d38-455f-4249-9c83-4f2358a8df55","method":"GET","url":"/api/me/favorite-genres","statusCode":200,"durationMs":95,"sessionType":"anonymous","userId":"2","role":"moderator"}
2026-05-22 18:03:42 [INFO] [request] HTTP request finished {"requestId":"afd64152-00de-4291-b00f-fdc5435cccee","method":"GET","url":"/api/works","statusCode":304,"durationMs":101,"sessionType":"anonymous","userId":null,"role":null}
2026-05-22 18:03:59 [INFO] [request] HTTP request started {"requestId":"53b63f84-20d1-4d35-aae8-1095d2150af3","method":"POST","url":"/api/auth/login","ip":"::1","sessionType":"anonymous","userId":null,"role":null}
2026-05-22 18:03:59 [INFO] [auth.routes] User logged in {"requestId":"53b63f84-20d1-4d35-aae8-1095d2150af3","userId":"1","login":"user1"}
2026-05-22 18:03:59 [INFO] [request] HTTP request finished {"requestId":"53b63f84-20d1-4d35-aae8-1095d2150af3","method":"POST","url":"/api/auth/login","statusCode":200,"durationMs":96,"sessionType":"anonymous","userId":null,"role":null}
2026-05-22 18:03:59 [INFO] [request] HTTP request started {"requestId":"6299fe5b-d5cf-4ccb-ba3a-c999ee185036","method":"GET","url":"/api/works","ip":"::1","sessionType":"anonymous","userId":null,"role":null}
2026-05-22 18:03:59 [INFO] [work.routes] Published works requested {"requestId":"6299fe5b-d5cf-4ccb-ba3a-c999ee185036"}
2026-05-22 18:03:59 [INFO] [request] HTTP request started {"requestId":"9c0c1d4a-91e9-47dd-8bae-92b9904ebebc","method":"GET","url":"/api/me/favorite-genres","ip":"::1","sessionType":"anonymous","userId":null,"role":null}
2026-05-22 18:03:59 [INFO] [request] HTTP request finished {"requestId":"6299fe5b-d5cf-4ccb-ba3a-c999ee185036","method":"GET","url":"/api/works","statusCode":304,"durationMs":5,"sessionType":"anonymous","userId":null,"role":null}
2026-05-22 18:03:59 [INFO] [request] HTTP request finished {"requestId":"9c0c1d4a-91e9-47dd-8bae-92b9904ebebc","method":"GET","url":"/api/me/favorite-genres","statusCode":304,"durationMs":145,"sessionType":"anonymous","userId":"1","role":"user"}
2026-05-22 18:04:01 [INFO] [request] HTTP request started {"requestId":"1e1a230a-9912-423a-8744-3a32bf24ab27","method":"GET","url":"/api/works","ip":"::1","sessionType":"anonymous","userId":null,"role":null}
2026-05-22 18:04:01 [INFO] [work.routes] Published works requested {"requestId":"1e1a230a-9912-423a-8744-3a32bf24ab27"}
2026-05-22 18:04:01 [INFO] [request] HTTP request started {"requestId":"9fa2a9a9-0f0f-4c92-8a15-f70c638754d5","method":"GET","url":"/api/me/favorite-genres","ip":"::1","sessionType":"anonymous","userId":null,"role":null}
2026-05-22 18:04:01 [INFO] [request] HTTP request finished {"requestId":"9fa2a9a9-0f0f-4c92-8a15-f70c638754d5","method":"GET","url":"/api/me/favorite-genres","statusCode":304,"durationMs":2,"sessionType":"anonymous","userId":"1","role":"user"}
2026-05-22 18:04:01 [INFO] [request] HTTP request finished {"requestId":"1e1a230a-9912-423a-8744-3a32bf24ab27","method":"GET","url":"/api/works","statusCode":304,"durationMs":4,"sessionType":"anonymous","userId":null,"role":null}
2026-05-22 18:04:02 [INFO] [request] HTTP request started {"requestId":"1be74e8c-7617-4b38-aa73-b80d64abf0c3","method":"GET","url":"/api/works","ip":"::1","sessionType":"anonymous","userId":null,"role":null}
2026-05-22 18:04:02 [INFO] [work.routes] Published works requested {"requestId":"1be74e8c-7617-4b38-aa73-b80d64abf0c3"}
2026-05-22 18:04:02 [INFO] [request] HTTP request finished {"requestId":"1be74e8c-7617-4b38-aa73-b80d64abf0c3","method":"GET","url":"/api/works","statusCode":304,"durationMs":2,"sessionType":"anonymous","userId":null,"role":null}
2026-05-22 18:04:02 [INFO] [request] HTTP request started {"requestId":"4163557c-3ada-4e04-9b7e-dcaf416d91b5","method":"GET","url":"/api/me/favorite-genres","ip":"::1","sessionType":"anonymous","userId":null,"role":null}
2026-05-22 18:04:02 [INFO] [request] HTTP request started {"requestId":"2f455b8d-24ad-4291-bbca-3c0d3203f465","method":"GET","url":"/api/works/my","ip":"::1","sessionType":"anonymous","userId":null,"role":null}
2026-05-22 18:04:02 [INFO] [request] HTTP request started {"requestId":"241786ab-439c-4585-b332-5ae30bac520a","method":"GET","url":"/api/comments/my","ip":"::1","sessionType":"anonymous","userId":null,"role":null}
2026-05-22 18:04:02 [INFO] [request] HTTP request finished {"requestId":"4163557c-3ada-4e04-9b7e-dcaf416d91b5","method":"GET","url":"/api/me/favorite-genres","statusCode":304,"durationMs":3,"sessionType":"anonymous","userId":"1","role":"user"}
2026-05-22 18:04:02 [INFO] [work.routes] Current user works requested {"requestId":"2f455b8d-24ad-4291-bbca-3c0d3203f465","authorId":"1","count":0}
2026-05-22 18:04:02 [INFO] [request] HTTP request finished {"requestId":"2f455b8d-24ad-4291-bbca-3c0d3203f465","method":"GET","url":"/api/works/my","statusCode":200,"durationMs":3,"sessionType":"anonymous","userId":"1","role":"user"}
2026-05-22 18:04:02 [INFO] [request] HTTP request started {"requestId":"bef7630e-c207-40e3-b051-42b39b4eb3ef","method":"GET","url":"/api/me/favorites","ip":"::1","sessionType":"anonymous","userId":null,"role":null}
2026-05-22 18:04:02 [INFO] [request] HTTP request started {"requestId":"cde9d9d1-7304-4d2d-aa69-f9a2d14e3e66","method":"GET","url":"/api/me/reading-progress","ip":"::1","sessionType":"anonymous","userId":null,"role":null}
2026-05-22 18:04:02 [INFO] [request] HTTP request finished {"requestId":"bef7630e-c207-40e3-b051-42b39b4eb3ef","method":"GET","url":"/api/me/favorites","statusCode":200,"durationMs":5,"sessionType":"anonymous","userId":"1","role":"user"}
2026-05-22 18:04:02 [INFO] [request] HTTP request finished {"requestId":"cde9d9d1-7304-4d2d-aa69-f9a2d14e3e66","method":"GET","url":"/api/me/reading-progress","statusCode":200,"durationMs":8,"sessionType":"anonymous","userId":"1","role":"user"}
2026-05-22 18:04:02 [INFO] [comment.routes] Current user comments requested {"requestId":"241786ab-439c-4585-b332-5ae30bac520a","userId":"1","count":0}
2026-05-22 18:04:02 [INFO] [request] HTTP request finished {"requestId":"241786ab-439c-4585-b332-5ae30bac520a","method":"GET","url":"/api/comments/my","statusCode":200,"durationMs":37,"sessionType":"anonymous","userId":"1","role":"user"}
2026-05-22 18:04:18 [INFO] [request] HTTP request started {"requestId":"a5f7e7aa-0c2b-4146-8f77-acd8f54733e6","method":"POST","url":"/api/works","ip":"::1","sessionType":"anonymous","userId":null,"role":null}
2026-05-22 18:04:18 [INFO] [work.routes] Work created and sent to moderation {"requestId":"a5f7e7aa-0c2b-4146-8f77-acd8f54733e6","workId":"2","authorId":"1"}
2026-05-22 18:04:18 [INFO] [request] HTTP request finished {"requestId":"a5f7e7aa-0c2b-4146-8f77-acd8f54733e6","method":"POST","url":"/api/works","statusCode":201,"durationMs":45,"sessionType":"anonymous","userId":"1","role":"user"}
2026-05-22 18:04:18 [INFO] [request] HTTP request started {"requestId":"832c059b-6437-42df-ba5f-3c7f0957d1ba","method":"GET","url":"/api/works","ip":"::1","sessionType":"anonymous","userId":null,"role":null}
2026-05-22 18:04:18 [INFO] [work.routes] Published works requested {"requestId":"832c059b-6437-42df-ba5f-3c7f0957d1ba"}
2026-05-22 18:04:18 [INFO] [request] HTTP request started {"requestId":"c894bb42-2ccf-4c56-ad0f-efc7181e9ae8","method":"GET","url":"/api/works/my","ip":"::1","sessionType":"anonymous","userId":null,"role":null}
2026-05-22 18:04:18 [INFO] [request] HTTP request started {"requestId":"5a92723d-d0e9-403c-b529-bc707cf8ea30","method":"GET","url":"/api/comments/my","ip":"::1","sessionType":"anonymous","userId":null,"role":null}
2026-05-22 18:04:18 [INFO] [request] HTTP request started {"requestId":"d2dee5c8-fbda-4990-af38-bb6a74effd8b","method":"GET","url":"/api/me/favorites","ip":"::1","sessionType":"anonymous","userId":null,"role":null}
2026-05-22 18:04:18 [INFO] [request] HTTP request started {"requestId":"2d9e9f72-989c-4070-94cb-d49d2b31f756","method":"GET","url":"/api/me/reading-progress","ip":"::1","sessionType":"anonymous","userId":null,"role":null}
2026-05-22 18:04:18 [INFO] [request] HTTP request started {"requestId":"ce031c7f-2bdb-4883-9959-ad09b0e4b239","method":"GET","url":"/api/me/favorite-genres","ip":"::1","sessionType":"anonymous","userId":null,"role":null}
2026-05-22 18:04:18 [INFO] [request] HTTP request finished {"requestId":"832c059b-6437-42df-ba5f-3c7f0957d1ba","method":"GET","url":"/api/works","statusCode":200,"durationMs":9,"sessionType":"anonymous","userId":null,"role":null}
2026-05-22 18:04:18 [INFO] [work.routes] Current user works requested {"requestId":"c894bb42-2ccf-4c56-ad0f-efc7181e9ae8","authorId":"1","count":1}
2026-05-22 18:04:18 [INFO] [request] HTTP request finished {"requestId":"c894bb42-2ccf-4c56-ad0f-efc7181e9ae8","method":"GET","url":"/api/works/my","statusCode":200,"durationMs":43,"sessionType":"anonymous","userId":"1","role":"user"}
2026-05-22 18:04:18 [INFO] [comment.routes] Current user comments requested {"requestId":"5a92723d-d0e9-403c-b529-bc707cf8ea30","userId":"1","count":0}
2026-05-22 18:04:18 [INFO] [request] HTTP request finished {"requestId":"5a92723d-d0e9-403c-b529-bc707cf8ea30","method":"GET","url":"/api/comments/my","statusCode":304,"durationMs":44,"sessionType":"anonymous","userId":"1","role":"user"}
2026-05-22 18:04:18 [INFO] [request] HTTP request finished {"requestId":"d2dee5c8-fbda-4990-af38-bb6a74effd8b","method":"GET","url":"/api/me/favorites","statusCode":304,"durationMs":47,"sessionType":"anonymous","userId":"1","role":"user"}
2026-05-22 18:04:18 [INFO] [request] HTTP request finished {"requestId":"ce031c7f-2bdb-4883-9959-ad09b0e4b239","method":"GET","url":"/api/me/favorite-genres","statusCode":304,"durationMs":47,"sessionType":"anonymous","userId":"1","role":"user"}
2026-05-22 18:04:18 [INFO] [request] HTTP request finished {"requestId":"2d9e9f72-989c-4070-94cb-d49d2b31f756","method":"GET","url":"/api/me/reading-progress","statusCode":304,"durationMs":49,"sessionType":"anonymous","userId":"1","role":"user"}
2026-05-22 18:05:23 [INFO] [request] HTTP request started {"requestId":"67a24ab0-0422-4e68-86cb-6d4685ffcfd1","method":"POST","url":"/api/auth/login","ip":"::1","sessionType":"anonymous","userId":null,"role":null}
2026-05-22 18:05:23 [INFO] [auth.routes] User logged in {"requestId":"67a24ab0-0422-4e68-86cb-6d4685ffcfd1","userId":"2","login":"moderator1"}
2026-05-22 18:05:23 [INFO] [request] HTTP request finished {"requestId":"67a24ab0-0422-4e68-86cb-6d4685ffcfd1","method":"POST","url":"/api/auth/login","statusCode":200,"durationMs":201,"sessionType":"anonymous","userId":null,"role":null}
2026-05-22 18:05:23 [INFO] [request] HTTP request started {"requestId":"43b65d20-be49-4a68-821f-533aeb1c56cb","method":"GET","url":"/api/works","ip":"::1","sessionType":"anonymous","userId":null,"role":null}
2026-05-22 18:05:23 [INFO] [work.routes] Published works requested {"requestId":"43b65d20-be49-4a68-821f-533aeb1c56cb"}
2026-05-22 18:05:23 [INFO] [request] HTTP request started {"requestId":"f9e878d4-5135-4f79-a32b-7eb7e9271ca3","method":"GET","url":"/api/me/favorite-genres","ip":"::1","sessionType":"anonymous","userId":null,"role":null}
2026-05-22 18:05:23 [INFO] [request] HTTP request finished {"requestId":"43b65d20-be49-4a68-821f-533aeb1c56cb","method":"GET","url":"/api/works","statusCode":304,"durationMs":6,"sessionType":"anonymous","userId":null,"role":null}
2026-05-22 18:05:23 [INFO] [request] HTTP request finished {"requestId":"f9e878d4-5135-4f79-a32b-7eb7e9271ca3","method":"GET","url":"/api/me/favorite-genres","statusCode":304,"durationMs":34,"sessionType":"anonymous","userId":"2","role":"moderator"}
2026-05-22 18:05:25 [INFO] [request] HTTP request started {"requestId":"64011f49-b550-4dee-a229-9bb124e9463d","method":"GET","url":"/api/works","ip":"::1","sessionType":"anonymous","userId":null,"role":null}
2026-05-22 18:05:25 [INFO] [work.routes] Published works requested {"requestId":"64011f49-b550-4dee-a229-9bb124e9463d"}
2026-05-22 18:05:25 [INFO] [request] HTTP request started {"requestId":"a21e455f-f2bd-47ed-81e8-4d59c0c3e205","method":"GET","url":"/api/me/favorite-genres","ip":"::1","sessionType":"anonymous","userId":null,"role":null}
2026-05-22 18:05:25 [INFO] [request] HTTP request finished {"requestId":"a21e455f-f2bd-47ed-81e8-4d59c0c3e205","method":"GET","url":"/api/me/favorite-genres","statusCode":304,"durationMs":2,"sessionType":"anonymous","userId":"2","role":"moderator"}
2026-05-22 18:05:25 [INFO] [request] HTTP request finished {"requestId":"64011f49-b550-4dee-a229-9bb124e9463d","method":"GET","url":"/api/works","statusCode":304,"durationMs":5,"sessionType":"anonymous","userId":null,"role":null}
2026-05-22 18:05:26 [INFO] [request] HTTP request started {"requestId":"ae025017-ac56-4a83-8858-94cf1f4aec36","method":"GET","url":"/api/works/moderation/pending","ip":"::1","sessionType":"anonymous","userId":null,"role":null}
2026-05-22 18:05:26 [INFO] [work.routes] Pending works requested {"requestId":"ae025017-ac56-4a83-8858-94cf1f4aec36","moderatorId":"2","count":1}
2026-05-22 18:05:26 [INFO] [request] HTTP request finished {"requestId":"ae025017-ac56-4a83-8858-94cf1f4aec36","method":"GET","url":"/api/works/moderation/pending","statusCode":200,"durationMs":10,"sessionType":"anonymous","userId":"2","role":"moderator"}
2026-05-22 18:05:27 [INFO] [request] HTTP request started {"requestId":"ab1abc1e-8da2-4671-aa2b-4eb254ca6f75","method":"PATCH","url":"/api/works/2/approve","ip":"::1","sessionType":"anonymous","userId":null,"role":null}
2026-05-22 18:05:27 [INFO] [work.routes] Work approved {"requestId":"ab1abc1e-8da2-4671-aa2b-4eb254ca6f75","workId":"2","moderatorId":"2"}
2026-05-22 18:05:27 [INFO] [request] HTTP request finished {"requestId":"ab1abc1e-8da2-4671-aa2b-4eb254ca6f75","method":"PATCH","url":"/api/works/2/approve","statusCode":200,"durationMs":6,"sessionType":"anonymous","userId":"2","role":"moderator"}
2026-05-22 18:05:28 [INFO] [request] HTTP request started {"requestId":"e079f99d-519a-4bf2-933c-e769e621284a","method":"GET","url":"/api/works","ip":"::1","sessionType":"anonymous","userId":null,"role":null}
2026-05-22 18:05:28 [INFO] [work.routes] Published works requested {"requestId":"e079f99d-519a-4bf2-933c-e769e621284a"}
2026-05-22 18:05:28 [INFO] [request] HTTP request started {"requestId":"ec3e9d4b-60d2-4e76-af8e-2bebd36a910d","method":"GET","url":"/api/me/favorite-genres","ip":"::1","sessionType":"anonymous","userId":null,"role":null}
2026-05-22 18:05:28 [INFO] [request] HTTP request finished {"requestId":"ec3e9d4b-60d2-4e76-af8e-2bebd36a910d","method":"GET","url":"/api/me/favorite-genres","statusCode":304,"durationMs":1,"sessionType":"anonymous","userId":"2","role":"moderator"}
2026-05-22 18:05:28 [INFO] [request] HTTP request finished {"requestId":"e079f99d-519a-4bf2-933c-e769e621284a","method":"GET","url":"/api/works","statusCode":200,"durationMs":4,"sessionType":"anonymous","userId":null,"role":null}
2026-05-22 18:15:28 [INFO] [server] Shutdown signal received {"signal":"SIGINT"}
2026-05-22 18:15:30 [INFO] [server] API running on http://localhost:4000 {"env":"development"}
2026-05-22 18:15:35 [INFO] [request] HTTP request started {"requestId":"ca7a03e4-03cc-4a56-8a98-b460f7e2107c","method":"GET","url":"/api/works","ip":"::1","sessionType":"anonymous","userId":null,"role":null}
2026-05-22 18:15:35 [INFO] [work.routes] Published works requested {"requestId":"ca7a03e4-03cc-4a56-8a98-b460f7e2107c"}
2026-05-22 18:15:35 [INFO] [request] HTTP request started {"requestId":"a9c6aaf6-1788-4f85-8f8d-af3f2eca81d9","method":"GET","url":"/api/me/favorite-genres","ip":"::1","sessionType":"anonymous","userId":null,"role":null}
2026-05-22 18:15:35 [INFO] [request] HTTP request finished {"requestId":"a9c6aaf6-1788-4f85-8f8d-af3f2eca81d9","method":"GET","url":"/api/me/favorite-genres","statusCode":304,"durationMs":40,"sessionType":"anonymous","userId":"2","role":"moderator"}
2026-05-22 18:15:35 [INFO] [request] HTTP request finished {"requestId":"ca7a03e4-03cc-4a56-8a98-b460f7e2107c","method":"GET","url":"/api/works","statusCode":304,"durationMs":48,"sessionType":"anonymous","userId":null,"role":null}
2026-05-22 18:15:36 [INFO] [request] HTTP request started {"requestId":"0d411d1b-af80-4147-a882-b309077464a4","method":"GET","url":"/api/admin/stats","ip":"::1","sessionType":"anonymous","userId":null,"role":null}
2026-05-22 18:15:36 [INFO] [adminStats.routes] Admin stats requested {"requestId":"0d411d1b-af80-4147-a882-b309077464a4","userId":"2","role":"moderator"}
2026-05-22 18:15:36 [INFO] [request] HTTP request finished {"requestId":"0d411d1b-af80-4147-a882-b309077464a4","method":"GET","url":"/api/admin/stats","statusCode":200,"durationMs":61,"sessionType":"anonymous","userId":"2","role":"moderator"}
