2026-04-24 18:31:42 [INFO] [server] API running on http://localhost:4000 {"env":"development"}
2026-04-24 19:14:42 [INFO] [request] HTTP request started {"requestId":"fd9afcae-d515-4dc1-b0ca-c7c2b185800f","method":"POST","url":"/api/auth/login","ip":"::1","sessionType":"anonymous","userId":null,"role":null}
2026-04-24 19:14:42 [INFO] [auth.routes] User login attempt {"requestId":"fd9afcae-d515-4dc1-b0ca-c7c2b185800f","loginInput":"poto7"}
2026-04-24 19:14:42 [INFO] [fileDb] Users loaded successfully {"count":2}
2026-04-24 19:14:42 [INFO] [auth.routes] User login successful {"requestId":"fd9afcae-d515-4dc1-b0ca-c7c2b185800f","userId":"1765592205256","login":"poto7","email":"dima.medvid.06@gmail.com","role":"moderator"}
2026-04-24 19:14:42 [INFO] [request] HTTP request finished {"requestId":"fd9afcae-d515-4dc1-b0ca-c7c2b185800f","method":"POST","url":"/api/auth/login","statusCode":200,"durationMs":69,"sessionType":"anonymous","userId":null,"role":null}
2026-04-24 19:16:15 [INFO] [request] HTTP request started {"requestId":"6ef3617f-8253-4022-b058-f0ae2713764e","method":"POST","url":"/api/auth/login","ip":"::1","sessionType":"anonymous","userId":null,"role":null}
2026-04-24 19:16:15 [INFO] [auth.routes] User login attempt {"requestId":"6ef3617f-8253-4022-b058-f0ae2713764e","loginInput":"user123"}
2026-04-24 19:16:15 [INFO] [fileDb] Users loaded successfully {"count":2}
2026-04-24 19:16:15 [WARNING] [errorHandler] Handled application error {"errorId":"8863769b-649d-4811-8035-773a7ad9a64a","requestId":"6ef3617f-8253-4022-b058-f0ae2713764e","method":"POST","url":"/api/auth/login","ip":"::1","userId":null,"role":null,"sessionType":"anonymous","authType":"none","params":{},"query":{},"body":{"login":"user123","password":"[REDACTED]"},"details":{"field":"password","reason":"INVALID_PASSWORD"},"messageKey":"auth.invalidCredentials","errorMessage":"Користувача з такими даними не знайдено або пароль неправильний."}
2026-04-24 19:16:15 [WARNING] [request] HTTP request finished with client error {"requestId":"6ef3617f-8253-4022-b058-f0ae2713764e","method":"POST","url":"/api/auth/login","statusCode":401,"durationMs":57,"sessionType":"anonymous","userId":null,"role":null}
2026-04-24 19:16:20 [INFO] [request] HTTP request started {"requestId":"7354bff8-612c-4213-b14c-e0b9ad12f9ce","method":"POST","url":"/api/auth/login","ip":"::1","sessionType":"anonymous","userId":null,"role":null}
2026-04-24 19:16:20 [INFO] [auth.routes] User login attempt {"requestId":"7354bff8-612c-4213-b14c-e0b9ad12f9ce","loginInput":"user123"}
2026-04-24 19:16:20 [INFO] [fileDb] Users loaded successfully {"count":2}
2026-04-24 19:16:20 [WARNING] [errorHandler] Handled application error {"errorId":"6bb5d4c1-5154-46bf-9dbd-0791b774e1db","requestId":"7354bff8-612c-4213-b14c-e0b9ad12f9ce","method":"POST","url":"/api/auth/login","ip":"::1","userId":null,"role":null,"sessionType":"anonymous","authType":"none","params":{},"query":{},"body":{"login":"user123","password":"[REDACTED]"},"details":{"field":"password","reason":"INVALID_PASSWORD"},"messageKey":"auth.invalidCredentials","errorMessage":"Користувача з такими даними не знайдено або пароль неправильний."}
2026-04-24 19:16:20 [WARNING] [request] HTTP request finished with client error {"requestId":"7354bff8-612c-4213-b14c-e0b9ad12f9ce","method":"POST","url":"/api/auth/login","statusCode":401,"durationMs":58,"sessionType":"anonymous","userId":null,"role":null}
2026-04-24 19:16:25 [INFO] [request] HTTP request started {"requestId":"ec9988f8-cb39-4034-a6b4-19a34f460909","method":"POST","url":"/api/auth/login","ip":"::1","sessionType":"anonymous","userId":null,"role":null}
2026-04-24 19:16:25 [INFO] [auth.routes] User login attempt {"requestId":"ec9988f8-cb39-4034-a6b4-19a34f460909","loginInput":"user123"}
2026-04-24 19:16:25 [INFO] [fileDb] Users loaded successfully {"count":2}
2026-04-24 19:16:26 [WARNING] [errorHandler] Handled application error {"errorId":"c5f67a93-ced3-4227-8f13-0cb1ea9695f3","requestId":"ec9988f8-cb39-4034-a6b4-19a34f460909","method":"POST","url":"/api/auth/login","ip":"::1","userId":null,"role":null,"sessionType":"anonymous","authType":"none","params":{},"query":{},"body":{"login":"user123","password":"[REDACTED]"},"details":{"field":"password","reason":"INVALID_PASSWORD"},"messageKey":"auth.invalidCredentials","errorMessage":"Користувача з такими даними не знайдено або пароль неправильний."}
2026-04-24 19:16:26 [WARNING] [request] HTTP request finished with client error {"requestId":"ec9988f8-cb39-4034-a6b4-19a34f460909","method":"POST","url":"/api/auth/login","statusCode":401,"durationMs":57,"sessionType":"anonymous","userId":null,"role":null}
2026-04-24 19:16:29 [INFO] [request] HTTP request started {"requestId":"6b8c9063-4859-4c3e-80a8-23af03f23ee1","method":"POST","url":"/api/auth/login","ip":"::1","sessionType":"anonymous","userId":null,"role":null}
2026-04-24 19:16:29 [INFO] [auth.routes] User login attempt {"requestId":"6b8c9063-4859-4c3e-80a8-23af03f23ee1","loginInput":"user123"}
2026-04-24 19:16:29 [INFO] [fileDb] Users loaded successfully {"count":2}
2026-04-24 19:16:29 [WARNING] [errorHandler] Handled application error {"errorId":"28d6149f-e454-45e8-9040-64fa1223bd20","requestId":"6b8c9063-4859-4c3e-80a8-23af03f23ee1","method":"POST","url":"/api/auth/login","ip":"::1","userId":null,"role":null,"sessionType":"anonymous","authType":"none","params":{},"query":{},"body":{"login":"user123","password":"[REDACTED]"},"details":{"field":"password","reason":"INVALID_PASSWORD"},"messageKey":"auth.invalidCredentials","errorMessage":"Користувача з такими даними не знайдено або пароль неправильний."}
2026-04-24 19:16:29 [WARNING] [request] HTTP request finished with client error {"requestId":"6b8c9063-4859-4c3e-80a8-23af03f23ee1","method":"POST","url":"/api/auth/login","statusCode":401,"durationMs":57,"sessionType":"anonymous","userId":null,"role":null}
2026-04-24 19:16:31 [INFO] [request] HTTP request started {"requestId":"2f129548-96cf-4aee-9f20-1696b0bd94c7","method":"POST","url":"/api/auth/login","ip":"::1","sessionType":"anonymous","userId":null,"role":null}
2026-04-24 19:16:31 [INFO] [auth.routes] User login attempt {"requestId":"2f129548-96cf-4aee-9f20-1696b0bd94c7","loginInput":"user123"}
2026-04-24 19:16:31 [INFO] [fileDb] Users loaded successfully {"count":2}
2026-04-24 19:16:31 [WARNING] [errorHandler] Handled application error {"errorId":"22e57e81-8f6a-40af-b429-058561e2e722","requestId":"2f129548-96cf-4aee-9f20-1696b0bd94c7","method":"POST","url":"/api/auth/login","ip":"::1","userId":null,"role":null,"sessionType":"anonymous","authType":"none","params":{},"query":{},"body":{"login":"user123","password":"[REDACTED]"},"details":{"field":"password","reason":"INVALID_PASSWORD"},"messageKey":"auth.invalidCredentials","errorMessage":"Користувача з такими даними не знайдено або пароль неправильний."}
2026-04-24 19:16:31 [WARNING] [request] HTTP request finished with client error {"requestId":"2f129548-96cf-4aee-9f20-1696b0bd94c7","method":"POST","url":"/api/auth/login","statusCode":401,"durationMs":58,"sessionType":"anonymous","userId":null,"role":null}
2026-04-24 19:16:34 [INFO] [request] HTTP request started {"requestId":"0a468f24-4e80-4dfd-90b5-abb3cb56118c","method":"POST","url":"/api/auth/login","ip":"::1","sessionType":"anonymous","userId":null,"role":null}
2026-04-24 19:16:34 [INFO] [auth.routes] User login attempt {"requestId":"0a468f24-4e80-4dfd-90b5-abb3cb56118c","loginInput":"user123"}
2026-04-24 19:16:34 [INFO] [fileDb] Users loaded successfully {"count":2}
2026-04-24 19:16:34 [WARNING] [errorHandler] Handled application error {"errorId":"04a26005-5097-4032-af08-ca5f61241f32","requestId":"0a468f24-4e80-4dfd-90b5-abb3cb56118c","method":"POST","url":"/api/auth/login","ip":"::1","userId":null,"role":null,"sessionType":"anonymous","authType":"none","params":{},"query":{},"body":{"login":"user123","password":"[REDACTED]"},"details":{"field":"password","reason":"INVALID_PASSWORD"},"messageKey":"auth.invalidCredentials","errorMessage":"Користувача з такими даними не знайдено або пароль неправильний."}
2026-04-24 19:16:34 [WARNING] [request] HTTP request finished with client error {"requestId":"0a468f24-4e80-4dfd-90b5-abb3cb56118c","method":"POST","url":"/api/auth/login","statusCode":401,"durationMs":57,"sessionType":"anonymous","userId":null,"role":null}
2026-04-24 19:16:36 [INFO] [request] HTTP request started {"requestId":"1a97885d-9159-4118-8368-2149dd5c88ca","method":"POST","url":"/api/auth/login","ip":"::1","sessionType":"anonymous","userId":null,"role":null}
2026-04-24 19:16:36 [INFO] [auth.routes] User login attempt {"requestId":"1a97885d-9159-4118-8368-2149dd5c88ca","loginInput":"user123"}
2026-04-24 19:16:36 [INFO] [fileDb] Users loaded successfully {"count":2}
2026-04-24 19:16:36 [WARNING] [errorHandler] Handled application error {"errorId":"a17c413b-ba09-4c61-8b6f-6901575849b8","requestId":"1a97885d-9159-4118-8368-2149dd5c88ca","method":"POST","url":"/api/auth/login","ip":"::1","userId":null,"role":null,"sessionType":"anonymous","authType":"none","params":{},"query":{},"body":{"login":"user123","password":"[REDACTED]"},"details":{"field":"password","reason":"INVALID_PASSWORD"},"messageKey":"auth.invalidCredentials","errorMessage":"Користувача з такими даними не знайдено або пароль неправильний."}
2026-04-24 19:16:36 [WARNING] [request] HTTP request finished with client error {"requestId":"1a97885d-9159-4118-8368-2149dd5c88ca","method":"POST","url":"/api/auth/login","statusCode":401,"durationMs":57,"sessionType":"anonymous","userId":null,"role":null}
2026-04-24 19:16:44 [INFO] [request] HTTP request started {"requestId":"4b650ca7-2470-46e7-8b2a-31618e3a0831","method":"POST","url":"/api/auth/login","ip":"::1","sessionType":"anonymous","userId":null,"role":null}
2026-04-24 19:16:44 [INFO] [auth.routes] User login attempt {"requestId":"4b650ca7-2470-46e7-8b2a-31618e3a0831","loginInput":"user123"}
2026-04-24 19:16:44 [INFO] [fileDb] Users loaded successfully {"count":2}
2026-04-24 19:16:44 [WARNING] [errorHandler] Handled application error {"errorId":"06191ac6-e943-48f1-9306-200cce28be1b","requestId":"4b650ca7-2470-46e7-8b2a-31618e3a0831","method":"POST","url":"/api/auth/login","ip":"::1","userId":null,"role":null,"sessionType":"anonymous","authType":"none","params":{},"query":{},"body":{"login":"user123","password":"[REDACTED]"},"details":{"field":"password","reason":"INVALID_PASSWORD"},"messageKey":"auth.invalidCredentials","errorMessage":"Користувача з такими даними не знайдено або пароль неправильний."}
2026-04-24 19:16:44 [WARNING] [request] HTTP request finished with client error {"requestId":"4b650ca7-2470-46e7-8b2a-31618e3a0831","method":"POST","url":"/api/auth/login","statusCode":401,"durationMs":58,"sessionType":"anonymous","userId":null,"role":null}
2026-04-24 19:17:34 [INFO] [request] HTTP request started {"requestId":"16ca6073-1ece-4382-a7c3-3d66489ed77a","method":"POST","url":"/api/auth/register","ip":"::1","sessionType":"anonymous","userId":null,"role":null}
2026-04-24 19:17:34 [INFO] [auth.routes] User registration attempt {"requestId":"16ca6073-1ece-4382-a7c3-3d66489ed77a","login":"TEO29","email":"dsadasdjhak@gmail.com"}
2026-04-24 19:17:34 [INFO] [fileDb] Users loaded successfully {"count":2}
2026-04-24 19:17:34 [INFO] [fileDb] Users saved successfully {"count":3}
2026-04-24 19:17:34 [INFO] [auth.routes] User registered successfully {"requestId":"16ca6073-1ece-4382-a7c3-3d66489ed77a","userId":"1777047454370","login":"TEO29","email":"dsadasdjhak@gmail.com","role":"user"}
2026-04-24 19:17:34 [INFO] [request] HTTP request finished {"requestId":"16ca6073-1ece-4382-a7c3-3d66489ed77a","method":"POST","url":"/api/auth/register","statusCode":200,"durationMs":59,"sessionType":"anonymous","userId":null,"role":null}
2026-04-24 19:39:35 [INFO] [request] HTTP request started {"requestId":"f9b8965c-aa61-4a96-98d4-72bd2e1eccc4","method":"POST","url":"/api/auth/login","ip":"::1","sessionType":"anonymous","userId":null,"role":null}
2026-04-24 19:39:35 [INFO] [auth.routes] User login attempt {"requestId":"f9b8965c-aa61-4a96-98d4-72bd2e1eccc4","loginInput":"TEO29"}
2026-04-24 19:39:35 [INFO] [fileDb] Users loaded successfully {"count":3}
2026-04-24 19:39:35 [WARNING] [errorHandler] Handled application error {"errorId":"a3c90145-edde-4187-ae47-aef3d1dc04e8","requestId":"f9b8965c-aa61-4a96-98d4-72bd2e1eccc4","method":"POST","url":"/api/auth/login","ip":"::1","userId":null,"role":null,"sessionType":"anonymous","authType":"none","params":{},"query":{},"body":{"login":"TEO29","password":"[REDACTED]"},"details":{"field":"password","reason":"INVALID_PASSWORD"},"messageKey":"auth.invalidCredentials","errorMessage":"Користувача з такими даними не знайдено або пароль неправильний."}
2026-04-24 19:39:35 [WARNING] [request] HTTP request finished with client error {"requestId":"f9b8965c-aa61-4a96-98d4-72bd2e1eccc4","method":"POST","url":"/api/auth/login","statusCode":401,"durationMs":59,"sessionType":"anonymous","userId":null,"role":null}
2026-04-24 19:39:40 [INFO] [request] HTTP request started {"requestId":"123408b2-b653-42c3-9210-8938ffcf26a9","method":"POST","url":"/api/auth/login","ip":"::1","sessionType":"anonymous","userId":null,"role":null}
2026-04-24 19:39:40 [INFO] [auth.routes] User login attempt {"requestId":"123408b2-b653-42c3-9210-8938ffcf26a9","loginInput":"TEO29"}
2026-04-24 19:39:40 [INFO] [fileDb] Users loaded successfully {"count":3}
2026-04-24 19:39:41 [WARNING] [errorHandler] Handled application error {"errorId":"7b549ed0-e06d-4466-bf74-4541dd4ff740","requestId":"123408b2-b653-42c3-9210-8938ffcf26a9","method":"POST","url":"/api/auth/login","ip":"::1","userId":null,"role":null,"sessionType":"anonymous","authType":"none","params":{},"query":{},"body":{"login":"TEO29","password":"[REDACTED]"},"details":{"field":"password","reason":"INVALID_PASSWORD"},"messageKey":"auth.invalidCredentials","errorMessage":"Користувача з такими даними не знайдено або пароль неправильний."}
2026-04-24 19:39:41 [WARNING] [request] HTTP request finished with client error {"requestId":"123408b2-b653-42c3-9210-8938ffcf26a9","method":"POST","url":"/api/auth/login","statusCode":401,"durationMs":57,"sessionType":"anonymous","userId":null,"role":null}
2026-04-24 19:39:56 [INFO] [request] HTTP request started {"requestId":"b9754d43-56b5-4477-ac5c-c3d3dd2a9c36","method":"POST","url":"/api/auth/login","ip":"::1","sessionType":"anonymous","userId":null,"role":null}
2026-04-24 19:39:56 [INFO] [auth.routes] User login attempt {"requestId":"b9754d43-56b5-4477-ac5c-c3d3dd2a9c36","loginInput":"TEO29"}
2026-04-24 19:39:56 [INFO] [fileDb] Users loaded successfully {"count":3}
2026-04-24 19:39:56 [WARNING] [errorHandler] Handled application error {"errorId":"b1d4be3c-82b7-4fd0-ad8c-44b706cf7e1c","requestId":"b9754d43-56b5-4477-ac5c-c3d3dd2a9c36","method":"POST","url":"/api/auth/login","ip":"::1","userId":null,"role":null,"sessionType":"anonymous","authType":"none","params":{},"query":{},"body":{"login":"TEO29","password":"[REDACTED]"},"details":{"field":"password","reason":"INVALID_PASSWORD"},"messageKey":"auth.invalidCredentials","errorMessage":"Користувача з такими даними не знайдено або пароль неправильний."}
2026-04-24 19:39:56 [WARNING] [request] HTTP request finished with client error {"requestId":"b9754d43-56b5-4477-ac5c-c3d3dd2a9c36","method":"POST","url":"/api/auth/login","statusCode":401,"durationMs":57,"sessionType":"anonymous","userId":null,"role":null}
2026-04-24 19:40:02 [INFO] [request] HTTP request started {"requestId":"1bf881f9-bedc-4985-a22a-95acd6b76898","method":"POST","url":"/api/auth/login","ip":"::1","sessionType":"anonymous","userId":null,"role":null}
2026-04-24 19:40:02 [INFO] [auth.routes] User login attempt {"requestId":"1bf881f9-bedc-4985-a22a-95acd6b76898","loginInput":"TEO29"}
2026-04-24 19:40:02 [INFO] [fileDb] Users loaded successfully {"count":3}
2026-04-24 19:40:02 [WARNING] [errorHandler] Handled application error {"errorId":"98380c2e-8b0d-4b3a-ad47-482a8f40fd2e","requestId":"1bf881f9-bedc-4985-a22a-95acd6b76898","method":"POST","url":"/api/auth/login","ip":"::1","userId":null,"role":null,"sessionType":"anonymous","authType":"none","params":{},"query":{},"body":{"login":"TEO29","password":"[REDACTED]"},"details":{"field":"password","reason":"INVALID_PASSWORD"},"messageKey":"auth.invalidCredentials","errorMessage":"Користувача з такими даними не знайдено або пароль неправильний."}
2026-04-24 19:40:02 [WARNING] [request] HTTP request finished with client error {"requestId":"1bf881f9-bedc-4985-a22a-95acd6b76898","method":"POST","url":"/api/auth/login","statusCode":401,"durationMs":58,"sessionType":"anonymous","userId":null,"role":null}
2026-04-24 19:40:12 [INFO] [request] HTTP request started {"requestId":"5d095e0a-cc31-4c33-8f8a-7ea9d881d5ae","method":"POST","url":"/api/auth/login","ip":"::1","sessionType":"anonymous","userId":null,"role":null}
2026-04-24 19:40:12 [INFO] [auth.routes] User login attempt {"requestId":"5d095e0a-cc31-4c33-8f8a-7ea9d881d5ae","loginInput":"TEO29"}
2026-04-24 19:40:12 [INFO] [fileDb] Users loaded successfully {"count":3}
2026-04-24 19:40:12 [WARNING] [errorHandler] Handled application error {"errorId":"bb70cf07-2c74-4a6d-b2e5-a533c7b0dae7","requestId":"5d095e0a-cc31-4c33-8f8a-7ea9d881d5ae","method":"POST","url":"/api/auth/login","ip":"::1","userId":null,"role":null,"sessionType":"anonymous","authType":"none","params":{},"query":{},"body":{"login":"TEO29","password":"[REDACTED]"},"details":{"field":"password","reason":"INVALID_PASSWORD"},"messageKey":"auth.invalidCredentials","errorMessage":"Користувача з такими даними не знайдено або пароль неправильний."}
2026-04-24 19:40:12 [WARNING] [request] HTTP request finished with client error {"requestId":"5d095e0a-cc31-4c33-8f8a-7ea9d881d5ae","method":"POST","url":"/api/auth/login","statusCode":401,"durationMs":59,"sessionType":"anonymous","userId":null,"role":null}
2026-04-24 19:40:16 [INFO] [request] HTTP request started {"requestId":"15209f78-d5f2-4a10-be56-be2fb9f7b4aa","method":"POST","url":"/api/auth/login","ip":"::1","sessionType":"anonymous","userId":null,"role":null}
2026-04-24 19:40:16 [INFO] [auth.routes] User login attempt {"requestId":"15209f78-d5f2-4a10-be56-be2fb9f7b4aa","loginInput":"TEO29"}
2026-04-24 19:40:16 [INFO] [fileDb] Users loaded successfully {"count":3}
2026-04-24 19:40:16 [WARNING] [errorHandler] Handled application error {"errorId":"11eee962-92eb-4667-879f-36459659f637","requestId":"15209f78-d5f2-4a10-be56-be2fb9f7b4aa","method":"POST","url":"/api/auth/login","ip":"::1","userId":null,"role":null,"sessionType":"anonymous","authType":"none","params":{},"query":{},"body":{"login":"TEO29","password":"[REDACTED]"},"details":{"field":"password","reason":"INVALID_PASSWORD"},"messageKey":"auth.invalidCredentials","errorMessage":"Користувача з такими даними не знайдено або пароль неправильний."}
2026-04-24 19:40:16 [WARNING] [request] HTTP request finished with client error {"requestId":"15209f78-d5f2-4a10-be56-be2fb9f7b4aa","method":"POST","url":"/api/auth/login","statusCode":401,"durationMs":58,"sessionType":"anonymous","userId":null,"role":null}
2026-04-24 19:40:21 [INFO] [request] HTTP request started {"requestId":"388455b9-a3d8-44e3-bfe5-d365fea31657","method":"POST","url":"/api/auth/login","ip":"::1","sessionType":"anonymous","userId":null,"role":null}
2026-04-24 19:40:21 [INFO] [auth.routes] User login attempt {"requestId":"388455b9-a3d8-44e3-bfe5-d365fea31657","loginInput":"TEO29"}
2026-04-24 19:40:21 [INFO] [fileDb] Users loaded successfully {"count":3}
2026-04-24 19:40:21 [WARNING] [errorHandler] Handled application error {"errorId":"0ab77eaa-370b-4930-995c-b34cb03274d2","requestId":"388455b9-a3d8-44e3-bfe5-d365fea31657","method":"POST","url":"/api/auth/login","ip":"::1","userId":null,"role":null,"sessionType":"anonymous","authType":"none","params":{},"query":{},"body":{"login":"TEO29","password":"[REDACTED]"},"details":{"field":"password","reason":"INVALID_PASSWORD"},"messageKey":"auth.invalidCredentials","errorMessage":"Користувача з такими даними не знайдено або пароль неправильний."}
2026-04-24 19:40:21 [WARNING] [request] HTTP request finished with client error {"requestId":"388455b9-a3d8-44e3-bfe5-d365fea31657","method":"POST","url":"/api/auth/login","statusCode":401,"durationMs":57,"sessionType":"anonymous","userId":null,"role":null}
2026-04-24 19:40:26 [INFO] [request] HTTP request started {"requestId":"6057b672-d287-4adf-b0a0-5cb256589109","method":"POST","url":"/api/auth/login","ip":"::1","sessionType":"anonymous","userId":null,"role":null}
2026-04-24 19:40:26 [INFO] [auth.routes] User login attempt {"requestId":"6057b672-d287-4adf-b0a0-5cb256589109","loginInput":"TEO29"}
2026-04-24 19:40:26 [INFO] [fileDb] Users loaded successfully {"count":3}
2026-04-24 19:40:26 [WARNING] [errorHandler] Handled application error {"errorId":"fa91fae9-9f6b-4dfd-b56b-13c4962048fc","requestId":"6057b672-d287-4adf-b0a0-5cb256589109","method":"POST","url":"/api/auth/login","ip":"::1","userId":null,"role":null,"sessionType":"anonymous","authType":"none","params":{},"query":{},"body":{"login":"TEO29","password":"[REDACTED]"},"details":{"field":"password","reason":"INVALID_PASSWORD"},"messageKey":"auth.invalidCredentials","errorMessage":"Користувача з такими даними не знайдено або пароль неправильний."}
2026-04-24 19:40:26 [WARNING] [request] HTTP request finished with client error {"requestId":"6057b672-d287-4adf-b0a0-5cb256589109","method":"POST","url":"/api/auth/login","statusCode":401,"durationMs":56,"sessionType":"anonymous","userId":null,"role":null}
2026-04-24 19:40:29 [INFO] [request] HTTP request started {"requestId":"03c9e971-fb3a-465f-ac0e-ea6e0d63e1d3","method":"POST","url":"/api/auth/login","ip":"::1","sessionType":"anonymous","userId":null,"role":null}
2026-04-24 19:40:29 [INFO] [auth.routes] User login attempt {"requestId":"03c9e971-fb3a-465f-ac0e-ea6e0d63e1d3","loginInput":"TEO29"}
2026-04-24 19:40:29 [INFO] [fileDb] Users loaded successfully {"count":3}
2026-04-24 19:40:29 [WARNING] [errorHandler] Handled application error {"errorId":"cc19b184-b5d7-4d21-b3d8-917c5c986130","requestId":"03c9e971-fb3a-465f-ac0e-ea6e0d63e1d3","method":"POST","url":"/api/auth/login","ip":"::1","userId":null,"role":null,"sessionType":"anonymous","authType":"none","params":{},"query":{},"body":{"login":"TEO29","password":"[REDACTED]"},"details":{"field":"password","reason":"INVALID_PASSWORD"},"messageKey":"auth.invalidCredentials","errorMessage":"Користувача з такими даними не знайдено або пароль неправильний."}
2026-04-24 19:40:29 [WARNING] [request] HTTP request finished with client error {"requestId":"03c9e971-fb3a-465f-ac0e-ea6e0d63e1d3","method":"POST","url":"/api/auth/login","statusCode":401,"durationMs":56,"sessionType":"anonymous","userId":null,"role":null}
2026-04-24 19:41:29 [INFO] [request] HTTP request started {"requestId":"2ca07fa5-fd30-4597-b8df-88e6853d2e01","method":"POST","url":"/api/auth/register","ip":"::1","sessionType":"anonymous","userId":null,"role":null}
2026-04-24 19:41:29 [INFO] [auth.routes] User registration attempt {"requestId":"2ca07fa5-fd30-4597-b8df-88e6853d2e01","login":"TEO29","email":"dsadasdjhak@gmail.com"}
2026-04-24 19:41:29 [INFO] [fileDb] Users loaded successfully {"count":2}
2026-04-24 19:41:29 [INFO] [fileDb] Users saved successfully {"count":3}
2026-04-24 19:41:29 [INFO] [auth.routes] User registered successfully {"requestId":"2ca07fa5-fd30-4597-b8df-88e6853d2e01","userId":"1777048889897","login":"TEO29","email":"dsadasdjhak@gmail.com","role":"user"}
2026-04-24 19:41:29 [INFO] [request] HTTP request finished {"requestId":"2ca07fa5-fd30-4597-b8df-88e6853d2e01","method":"POST","url":"/api/auth/register","statusCode":200,"durationMs":58,"sessionType":"anonymous","userId":null,"role":null}
